Archive member included to satisfy reference by file (symbol)

app/libapp.a(main.c.obj)      (--whole-archive)
zephyr/libzephyr.a(crc32_sw.c.obj)
                              (--whole-archive)
zephyr/libzephyr.a(crc16_sw.c.obj)
                              (--whole-archive)
zephyr/libzephyr.a(crc8_sw.c.obj)
                              (--whole-archive)
zephyr/libzephyr.a(crc7_sw.c.obj)
                              (--whole-archive)
zephyr/libzephyr.a(dec.c.obj)
                              (--whole-archive)
zephyr/libzephyr.a(fdtable.c.obj)
                              (--whole-archive)
zephyr/libzephyr.a(hex.c.obj)
                              (--whole-archive)
zephyr/libzephyr.a(mempool.c.obj)
                              (--whole-archive)
zephyr/libzephyr.a(notify.c.obj)
                              (--whole-archive)
zephyr/libzephyr.a(printk.c.obj)
                              (--whole-archive)
zephyr/libzephyr.a(onoff.c.obj)
                              (--whole-archive)
zephyr/libzephyr.a(rb.c.obj)  (--whole-archive)
zephyr/libzephyr.a(sem.c.obj)
                              (--whole-archive)
zephyr/libzephyr.a(thread_entry.c.obj)
                              (--whole-archive)
zephyr/libzephyr.a(timeutil.c.obj)
                              (--whole-archive)
zephyr/libzephyr.a(work_q.c.obj)
                              (--whole-archive)
zephyr/libzephyr.a(heap.c.obj)
                              (--whole-archive)
zephyr/libzephyr.a(heap-validate.c.obj)
                              (--whole-archive)
zephyr/libzephyr.a(prf.c.obj)
                              (--whole-archive)
zephyr/libzephyr.a(configs.c.obj)
                              (--whole-archive)
zephyr/libzephyr.a(soc.c.obj)
                              (--whole-archive)
zephyr/libzephyr.a(power.c.obj)
                              (--whole-archive)
zephyr/libzephyr.a(validate_base_addresses.c.obj)
                              (--whole-archive)
zephyr/libzephyr.a(validate_enabled_instances.c.obj)
                              (--whole-archive)
zephyr/libzephyr.a(power.c.obj)
                              (--whole-archive)
zephyr/libzephyr.a(reboot.c.obj)
                              (--whole-archive)
zephyr/libzephyr.a(policy_residency.c.obj)
                              (--whole-archive)
zephyr/libzephyr.a(uart_console.c.obj)
                              (--whole-archive)
zephyr/libzephyr.a(clock_control_nrf.c.obj)
                              (--whole-archive)
zephyr/libzephyr.a(sys_clock_init.c.obj)
                              (--whole-archive)
zephyr/libzephyr.a(nrf_rtc_timer.c.obj)
                              (--whole-archive)
zephyr/libzephyr.a(adp536x.c.obj)
                              (--whole-archive)
zephyr/libzephyr.a(spm.c.obj)
                              (--whole-archive)
zephyr/libzephyr.a(secure_services.c.obj)
                              (--whole-archive)
zephyr/libzephyr.a(nrf_cc3xx_platform_abort_zephyr.c.obj)
                              (--whole-archive)
zephyr/libzephyr.a(nrf_cc3xx_platform_mutex_zephyr.c.obj)
                              (--whole-archive)
zephyr/arch/common/libarch__common.a(sw_isr_common.c.obj)
                              (--whole-archive)
zephyr/arch/arch/arm/core/aarch32/libarch__arm__core__aarch32.a(swap.c.obj)
                              (--whole-archive)
zephyr/arch/arch/arm/core/aarch32/libarch__arm__core__aarch32.a(swap_helper.S.obj)
                              (--whole-archive)
zephyr/arch/arch/arm/core/aarch32/libarch__arm__core__aarch32.a(irq_manage.c.obj)
                              (--whole-archive)
zephyr/arch/arch/arm/core/aarch32/libarch__arm__core__aarch32.a(thread.c.obj)
                              (--whole-archive)
zephyr/arch/arch/arm/core/aarch32/libarch__arm__core__aarch32.a(cpu_idle.S.obj)
                              (--whole-archive)
zephyr/arch/arch/arm/core/aarch32/libarch__arm__core__aarch32.a(fatal.c.obj)
                              (--whole-archive)
zephyr/arch/arch/arm/core/aarch32/libarch__arm__core__aarch32.a(nmi.c.obj)
                              (--whole-archive)
zephyr/arch/arch/arm/core/aarch32/libarch__arm__core__aarch32.a(nmi_on_reset.S.obj)
                              (--whole-archive)
zephyr/arch/arch/arm/core/aarch32/libarch__arm__core__aarch32.a(prep_c.c.obj)
                              (--whole-archive)
zephyr/arch/arch/arm/core/aarch32/libarch__arm__core__aarch32.a(isr_wrapper.S.obj)
                              (--whole-archive)
zephyr/arch/arch/arm/core/aarch32/cortex_m/libarch__arm__core__aarch32__cortex_m.a(vector_table.S.obj)
                              (--whole-archive)
zephyr/arch/arch/arm/core/aarch32/cortex_m/libarch__arm__core__aarch32__cortex_m.a(reset.S.obj)
                              (--whole-archive)
zephyr/arch/arch/arm/core/aarch32/cortex_m/libarch__arm__core__aarch32__cortex_m.a(fault_s.S.obj)
                              (--whole-archive)
[...]
Memory Configuration

Name             Origin             Length             Attributes
FLASH            0x0000000000000000 0x000000000000c000 xr
SRAM             0x0000000020000000 0x0000000000010000 xw
IDT_LIST         0x0000000020010000 0x0000000000000800 xw
*default*        0x0000000000000000 0xffffffffffffffff

Linker script and memory map

LOAD zephyr/CMakeFiles/zephyr_prebuilt.dir/misc/empty_file.c.obj
                0x0000000000000020                _region_min_align = 0x20

.rel.plt        0x0000000000000000        0x0
 *(SORT_BY_ALIGNMENT(.rel.plt))
                [!provide]                        PROVIDE (__rel_iplt_start = .)
 *(SORT_BY_ALIGNMENT(.rel.iplt))
 .rel.iplt      0x0000000000000000        0x0 app/libapp.a(main.c.obj)
                [!provide]                        PROVIDE (__rel_iplt_end = .)

.rela.plt       0x0000000000000000        0x0
 *(SORT_BY_ALIGNMENT(.rela.plt))
                [!provide]                        PROVIDE (__rela_iplt_start = .)
 *(SORT_BY_ALIGNMENT(.rela.iplt))
                [!provide]                        PROVIDE (__rela_iplt_end = .)

.rel.dyn
 *(SORT_BY_ALIGNMENT(.rel.*))

.rela.dyn
 *(SORT_BY_ALIGNMENT(.rela.*))

/DISCARD/
 *(SORT_BY_ALIGNMENT(.plt))
 *(SORT_BY_ALIGNMENT(.iplt))
 *(SORT_BY_ALIGNMENT(.got.plt))
 *(SORT_BY_ALIGNMENT(.igot.plt))
 *(SORT_BY_ALIGNMENT(.got))
 *(SORT_BY_ALIGNMENT(.igot))
 *(SORT_BY_ALIGNMENT(.note.GNU-stack))
                0x0000000000000000                _image_rom_start = 0x0

rom_start       0x0000000000000000      0x23c
                0x0000000000000000                . = 0x0
                0x0000000000000000                . = ALIGN (0x4)
                0x0000000000000000                . = ALIGN (0x80)
                0x0000000000000000                . = ALIGN (0x200)
                0x0000000000000000                _vector_start = .
 *(SORT_BY_ALIGNMENT(.exc_vector_table))
 *(SORT_BY_ALIGNMENT(.exc_vector_table.*))
 .exc_vector_table._vector_table_section
                0x0000000000000000       0x40 zephyr/arch/arch/arm/core/aarch32/cortex_m/libarch__arm__core__aarch32__cortex_m.a(vector_table.S.obj)
                0x0000000000000000                _vector_table
 *(SORT_BY_ALIGNMENT(.gnu.linkonce.irq_vector_table*))
 .gnu.linkonce.irq_vector_table*
                0x0000000000000040      0x104 zephyr/arch/common/libisr_tables.a(isr_tables.c.obj)
                0x0000000000000040                _irq_vector_table
 *(SORT_BY_ALIGNMENT(.vectors))
                0x0000000000000144                _vector_end = .
 *(SORT_BY_ALIGNMENT(.openocd_dbg))
 *(SORT_BY_ALIGNMENT(.openocd_dbg.*))
                0x0000000000000200                . = 0x200
 *fill*         0x0000000000000144       0xbc 
                0x0000000000000200                _fw_info_start = .
 *(SORT_BY_NAME(SORT_BY_ALIGNMENT(.firmware_info*)))
 .firmware_info
                0x0000000000000200       0x3c modules/nrf/subsys/fw_info/lib..__nrf__subsys__fw_info.a(fw_info.c.obj)
                0x0000000000000200                m_firmware_info
                0x000000000000003c                _fw_info_size = ABSOLUTE ((. - _fw_info_start))

text            0x000000000000023c     0x54e4
                0x000000000000023c                _image_text_start = .
 *(SORT_BY_ALIGNMENT(.text))
 .text          0x000000000000023c       0x30 /opt/gnuarmemb/bin/../lib/gcc/arm-none-eabi/8.3.1/thumb/v8-m.main+fp/hard/libgcc.a(_aeabi_uldivmod.o)
                0x000000000000023c                __aeabi_uldivmod
 .text          0x000000000000026c      0x2c8 /opt/gnuarmemb/bin/../lib/gcc/arm-none-eabi/8.3.1/thumb/v8-m.main+fp/hard/libgcc.a(_udivmoddi4.o)
                0x000000000000026c                __udivmoddi4
 .text          0x0000000000000534        0x4 /opt/gnuarmemb/bin/../lib/gcc/arm-none-eabi/8.3.1/thumb/v8-m.main+fp/hard/libgcc.a(_dvmd_tls.o)
                0x0000000000000534                __aeabi_ldiv0
                0x0000000000000534                __aeabi_idiv0
 .text          0x0000000000000538       0x5c /opt/gnuarmemb/bin/../lib/gcc/arm-none-eabi/8.3.1/thumb/v8-m.main+fp/hard/libgcc.a(cmse_nonsecure_call.o)
                0x0000000000000538                __gnu_cmse_nonsecure_call
 *(SORT_BY_ALIGNMENT(.text.*))
 .text.char_out
                0x0000000000000594       0x10 zephyr/libzephyr.a(printk.c.obj)
 .text.print_digits.part.0
                0x00000000000005a4       0x94 zephyr/libzephyr.a(printk.c.obj)
 .text.__printk_hook_install
                0x0000000000000638        0xc zephyr/libzephyr.a(printk.c.obj)
                0x0000000000000638                __printk_hook_install
 .text.vprintk  0x0000000000000644       0x1c zephyr/libzephyr.a(printk.c.obj)
                0x0000000000000644                vprintk
 .text.process_event
                0x0000000000000660      0x1bc zephyr/libzephyr.a(onoff.c.obj)
 .text.nordicsemi_nrf91_init
                0x000000000000081c       0x28 zephyr/libzephyr.a(soc.c.obj)
 .text.arch_busy_wait
                0x0000000000000844       0x14 zephyr/libzephyr.a(soc.c.obj)
                0x0000000000000844                arch_busy_wait
 .text.sys_reboot
                0x0000000000000858       0x30 zephyr/libzephyr.a(reboot.c.obj)
                0x0000000000000858                sys_reboot
 .text.uart_console_init
                0x0000000000000888       0x2c zephyr/libzephyr.a(uart_console.c.obj)
 .text.console_out
                0x00000000000008b4       0x28 zephyr/libzephyr.a(uart_console.c.obj)
 .text.onoff_stop
                0x00000000000008dc       0x48 zephyr/libzephyr.a(clock_control_nrf.c.obj)
 .text.onoff_start
                0x0000000000000924       0x58 zephyr/libzephyr.a(clock_control_nrf.c.obj)
 .text.clk_init
                0x000000000000097c       0x60 zephyr/libzephyr.a(clock_control_nrf.c.obj)
 .text.clkstarted_handle.constprop.10
                0x00000000000009dc       0x34 zephyr/libzephyr.a(clock_control_nrf.c.obj)
 .text.generic_hfclk_start
                0x0000000000000a10       0x64 zephyr/libzephyr.a(clock_control_nrf.c.obj)
 .text.clock_event_handler
                0x0000000000000a74       0x1c zephyr/libzephyr.a(clock_control_nrf.c.obj)
 .text.generic_hfclk_stop
                0x0000000000000a90       0x24 zephyr/libzephyr.a(clock_control_nrf.c.obj)
 .text.api_blocking_start
                0x0000000000000ab4       0x38 zephyr/libzephyr.a(clock_control_nrf.c.obj)
 .text.z_nrf_clock_control_lf_on
                0x0000000000000aec      0x108 zephyr/libzephyr.a(clock_control_nrf.c.obj)
                0x0000000000000aec                z_nrf_clock_control_lf_on
 .text.handle_next_cycle_case
                0x0000000000000bf4       0x28 zephyr/libzephyr.a(nrf_rtc_timer.c.obj)
 .text.rtc_nrf_isr
                0x0000000000000c1c       0x2c zephyr/libzephyr.a(nrf_rtc_timer.c.obj)
                0x0000000000000c1c                rtc_nrf_isr
 .text.z_clock_driver_init
                0x0000000000000c48       0x54 zephyr/libzephyr.a(nrf_rtc_timer.c.obj)
                0x0000000000000c48                z_clock_driver_init
 .text.z_clock_set_timeout
                0x0000000000000c9c       0xcc zephyr/libzephyr.a(nrf_rtc_timer.c.obj)
                0x0000000000000c9c                z_clock_set_timeout
 .text.z_clock_elapsed
                0x0000000000000d68       0x34 zephyr/libzephyr.a(nrf_rtc_timer.c.obj)
                0x0000000000000d68                z_clock_elapsed
 .text.adp536x_reg_read
                0x0000000000000d9c       0x3c zephyr/libzephyr.a(adp536x.c.obj)
 .text.adp536x_reg_write_mask
                0x0000000000000dd8       0x50 zephyr/libzephyr.a(adp536x.c.obj)
 .text.adp536x_init
                0x0000000000000e28       0x1c zephyr/libzephyr.a(adp536x.c.obj)
                0x0000000000000e28                adp536x_init
 .text.config_regions
                0x0000000000000e44       0xb0 zephyr/libzephyr.a(spm.c.obj)
 .text.spm_config_peripheral.constprop.1
                0x0000000000000ef4       0x5c zephyr/libzephyr.a(spm.c.obj)
 .text.spm_jump
                0x0000000000000f50       0xd4 zephyr/libzephyr.a(spm.c.obj)
                0x0000000000000f50                spm_jump
 .text.spm_config
                0x0000000000001024      0x130 zephyr/libzephyr.a(spm.c.obj)
                0x0000000000001024                spm_config
 .text.spm_request_read_nse
                0x0000000000001154       0xb0 zephyr/libzephyr.a(secure_services.c.obj)
                0x0000000000001154                __acle_se_spm_request_read_nse
 .text.spm_firmware_info_nse
                0x0000000000001204       0xcc zephyr/libzephyr.a(secure_services.c.obj)
                0x0000000000001204                __acle_se_spm_firmware_info_nse
 .text.nrf_cc3xx_platform_abort_init
                0x00000000000012d0        0xc zephyr/libzephyr.a(nrf_cc3xx_platform_abort_zephyr.c.obj)
                0x00000000000012d0                nrf_cc3xx_platform_abort_init
 .text.mutex_unlock_platform
                0x00000000000012dc       0x20 zephyr/libzephyr.a(nrf_cc3xx_platform_mutex_zephyr.c.obj)
 .text.mutex_free_platform
                0x00000000000012fc       0x40 zephyr/libzephyr.a(nrf_cc3xx_platform_mutex_zephyr.c.obj)
 .text.mutex_init_platform
                0x000000000000133c       0x68 zephyr/libzephyr.a(nrf_cc3xx_platform_mutex_zephyr.c.obj)
 .text.mutex_lock_platform
                0x00000000000013a4       0x34 zephyr/libzephyr.a(nrf_cc3xx_platform_mutex_zephyr.c.obj)
 .text.nrf_cc3xx_platform_mutex_init
                0x00000000000013d8       0x2c zephyr/libzephyr.a(nrf_cc3xx_platform_mutex_zephyr.c.obj)
                0x00000000000013d8                nrf_cc3xx_platform_mutex_init
 .text.arch_swap
                0x0000000000001404       0x34 zephyr/arch/arch/arm/core/aarch32/libarch__arm__core__aarch32.a(swap.c.obj)
                0x0000000000001404                arch_swap
 .text.z_arm_pendsv
                0x0000000000001438       0x58 zephyr/arch/arch/arm/core/aarch32/libarch__arm__core__aarch32.a(swap_helper.S.obj)
                0x0000000000001438                z_arm_pendsv
 .text.z_arm_svc
                0x0000000000001490       0x20 zephyr/arch/arch/arm/core/aarch32/libarch__arm__core__aarch32.a(swap_helper.S.obj)
                0x0000000000001490                z_arm_svc
 .text.arch_irq_enable
                0x00000000000014b0       0x20 zephyr/arch/arch/arm/core/aarch32/libarch__arm__core__aarch32.a(irq_manage.c.obj)
                0x00000000000014b0                arch_irq_enable
 .text.arch_irq_is_enabled
                0x00000000000014d0       0x1c zephyr/arch/arch/arm/core/aarch32/libarch__arm__core__aarch32.a(irq_manage.c.obj)
                0x00000000000014d0                arch_irq_is_enabled
 .text.z_arm_irq_priority_set
                0x00000000000014ec       0x30 zephyr/arch/arch/arm/core/aarch32/libarch__arm__core__aarch32.a(irq_manage.c.obj)
                0x00000000000014ec                z_arm_irq_priority_set
 .text.arch_new_thread
                0x000000000000151c       0x38 zephyr/arch/arch/arm/core/aarch32/libarch__arm__core__aarch32.a(thread.c.obj)
                0x000000000000151c                arch_new_thread
 .text.arch_switch_to_main_thread
                0x0000000000001554       0x3c zephyr/arch/arch/arm/core/aarch32/libarch__arm__core__aarch32.a(thread.c.obj)
                0x0000000000001554                arch_switch_to_main_thread
 .text.z_arm_cpu_idle_init
                0x0000000000001590        0xc zephyr/arch/arch/arm/core/aarch32/libarch__arm__core__aarch32.a(cpu_idle.S.obj)
                0x0000000000001590                z_arm_cpu_idle_init
 .text.arch_cpu_idle
                0x000000000000159c       0x1c zephyr/arch/arch/arm/core/aarch32/libarch__arm__core__aarch32.a(cpu_idle.S.obj)
                0x000000000000159c                arch_cpu_idle
 .text.arch_cpu_atomic_idle
                0x00000000000015b8       0x14 zephyr/arch/arch/arm/core/aarch32/libarch__arm__core__aarch32.a(cpu_idle.S.obj)
                0x00000000000015b8                arch_cpu_atomic_idle
 .text.z_SysNmiOnReset
                0x00000000000015cc        0x8 zephyr/arch/arch/arm/core/aarch32/libarch__arm__core__aarch32.a(nmi_on_reset.S.obj)
                0x00000000000015cc                z_SysNmiOnReset
 .text.z_arm_prep_c
                0x00000000000015d4       0x6c zephyr/arch/arch/arm/core/aarch32/libarch__arm__core__aarch32.a(prep_c.c.obj)
                0x00000000000015d4                z_arm_prep_c
 .text._isr_wrapper
                0x0000000000001640       0x40 zephyr/arch/arch/arm/core/aarch32/libarch__arm__core__aarch32.a(isr_wrapper.S.obj)
                0x0000000000001640                _isr_wrapper
 .text._reset_section
                0x0000000000001680       0x30 zephyr/arch/arch/arm/core/aarch32/cortex_m/libarch__arm__core__aarch32__cortex_m.a(reset.S.obj)
                0x0000000000001680                z_arm_reset
                0x0000000000001680                __start
 .text.__fault  0x00000000000016b0       0x14 zephyr/arch/arch/arm/core/aarch32/cortex_m/libarch__arm__core__aarch32__cortex_m.a(fault_s.S.obj)
                0x00000000000016b0                z_arm_secure_fault
                0x00000000000016b0                z_arm_bus_fault
                0x00000000000016b0                z_arm_usage_fault
                0x00000000000016b0                z_arm_mpu_fault
                0x00000000000016b0                z_arm_exc_spurious
                0x00000000000016b0                z_arm_debug_monitor
                0x00000000000016b0                z_arm_hard_fault
 .text.mem_manage_fault.isra.2
                0x00000000000016c4       0x38 zephyr/arch/arch/arm/core/aarch32/cortex_m/libarch__arm__core__aarch32__cortex_m.a(fault.c.obj)
 .text.bus_fault.isra.3
                0x00000000000016fc       0x3c zephyr/arch/arch/arm/core/aarch32/cortex_m/libarch__arm__core__aarch32__cortex_m.a(fault.c.obj)
 .text.usage_fault.isra.4
                0x0000000000001738       0x2c zephyr/arch/arch/arm/core/aarch32/cortex_m/libarch__arm__core__aarch32__cortex_m.a(fault.c.obj)
 .text.secure_fault.isra.5
                0x0000000000001764       0x3c zephyr/arch/arch/arm/core/aarch32/cortex_m/libarch__arm__core__aarch32__cortex_m.a(fault.c.obj)
 .text.z_arm_fault
                0x00000000000017a0      0x118 zephyr/arch/arch/arm/core/aarch32/cortex_m/libarch__arm__core__aarch32__cortex_m.a(fault.c.obj)
                0x00000000000017a0                z_arm_fault
 .text.z_arm_fault_init
                0x00000000000018b8       0x18 zephyr/arch/arch/arm/core/aarch32/cortex_m/libarch__arm__core__aarch32__cortex_m.a(fault.c.obj)
                0x00000000000018b8                z_arm_fault_init
 .text._HandlerModeExit
                0x00000000000018d0       0x1c zephyr/arch/arch/arm/core/aarch32/cortex_m/libarch__arm__core__aarch32__cortex_m.a(exc_exit.S.obj)
                0x00000000000018d0                z_arm_exc_exit
                0x00000000000018d0                z_arm_int_exit
 .text.sys_arch_reboot
                0x00000000000018ec       0x24 zephyr/arch/arch/arm/core/aarch32/cortex_m/libarch__arm__core__aarch32__cortex_m.a(scb.c.obj)
                0x00000000000018ec                sys_arch_reboot
 .text.z_arm_interrupt_init
                0x0000000000001910       0x18 zephyr/arch/arch/arm/core/aarch32/cortex_m/libarch__arm__core__aarch32__cortex_m.a(irq_init.c.obj)
                0x0000000000001910                z_arm_interrupt_init
 .text.z_impl_k_thread_abort
                0x0000000000001928       0x58 zephyr/arch/arch/arm/core/aarch32/cortex_m/libarch__arm__core__aarch32__cortex_m.a(thread_abort.c.obj)
                0x0000000000001928                z_impl_k_thread_abort
 .text.z_arm_configure_static_mpu_regions
                0x0000000000001980       0x54 zephyr/arch/arch/arm/core/aarch32/cortex_m/mpu/libarch__arm__core__aarch32__cortex_m__mpu.a(arm_core_mpu.c.obj)
                0x0000000000001980                z_arm_configure_static_mpu_regions
 .text.region_init
                0x00000000000019d4       0x30 zephyr/arch/arch/arm/core/aarch32/cortex_m/mpu/libarch__arm__core__aarch32__cortex_m__mpu.a(arm_mpu.c.obj)
 .text.mpu_configure_regions_and_partition.constprop.1
                0x0000000000001a04      0x134 zephyr/arch/arch/arm/core/aarch32/cortex_m/mpu/libarch__arm__core__aarch32__cortex_m__mpu.a(arm_mpu.c.obj)
 .text.arm_core_mpu_enable
                0x0000000000001b38       0x14 zephyr/arch/arch/arm/core/aarch32/cortex_m/mpu/libarch__arm__core__aarch32__cortex_m__mpu.a(arm_mpu.c.obj)
                0x0000000000001b38                arm_core_mpu_enable
 .text.arm_core_mpu_disable
                0x0000000000001b4c       0x10 zephyr/arch/arch/arm/core/aarch32/cortex_m/mpu/libarch__arm__core__aarch32__cortex_m__mpu.a(arm_mpu.c.obj)
                0x0000000000001b4c                arm_core_mpu_disable
 .text.arm_mpu_init
                0x0000000000001b5c       0x4c zephyr/arch/arch/arm/core/aarch32/cortex_m/mpu/libarch__arm__core__aarch32__cortex_m__mpu.a(arm_mpu.c.obj)
 .text.arm_core_mpu_configure_static_mpu_regions
                0x0000000000001ba8       0x14 zephyr/arch/arch/arm/core/aarch32/cortex_m/mpu/libarch__arm__core__aarch32__cortex_m__mpu.a(arm_mpu.c.obj)
                0x0000000000001ba8                arm_core_mpu_configure_static_mpu_regions
 .text.arm_core_mpu_mark_areas_for_dynamic_regions
                0x0000000000001bbc       0xa8 zephyr/arch/arch/arm/core/aarch32/cortex_m/mpu/libarch__arm__core__aarch32__cortex_m__mpu.a(arm_mpu.c.obj)
                0x0000000000001bbc                arm_core_mpu_mark_areas_for_dynamic_regions
 .text.tz_nonsecure_state_setup
                0x0000000000001c64       0x38 zephyr/arch/arch/arm/core/aarch32/cortex_m/tz/libarch__arm__core__aarch32__cortex_m__tz.a(arm_core_tz.c.obj)
                0x0000000000001c64                tz_nonsecure_state_setup
 .text.tz_nbanked_exception_target_state_set
                0x0000000000001c9c       0x28 zephyr/arch/arch/arm/core/aarch32/cortex_m/tz/libarch__arm__core__aarch32__cortex_m__tz.a(arm_core_tz.c.obj)
                0x0000000000001c9c                tz_nbanked_exception_target_state_set
 .text.tz_nonsecure_exception_prio_config
                0x0000000000001cc4       0x28 zephyr/arch/arch/arm/core/aarch32/cortex_m/tz/libarch__arm__core__aarch32__cortex_m__tz.a(arm_core_tz.c.obj)
                0x0000000000001cc4                tz_nonsecure_exception_prio_config
 .text.tz_nonsecure_system_reset_req_block
                0x0000000000001cec       0x28 zephyr/arch/arch/arm/core/aarch32/cortex_m/tz/libarch__arm__core__aarch32__cortex_m__tz.a(arm_core_tz.c.obj)
                0x0000000000001cec                tz_nonsecure_system_reset_req_block
 .text.tz_nonsecure_fpu_access_enable
                0x0000000000001d14       0x14 zephyr/arch/arch/arm/core/aarch32/cortex_m/tz/libarch__arm__core__aarch32__cortex_m__tz.a(arm_core_tz.c.obj)
                0x0000000000001d14                tz_nonsecure_fpu_access_enable
 .text.tz_sau_configure
                0x0000000000001d28       0x28 zephyr/arch/arch/arm/core/aarch32/cortex_m/tz/libarch__arm__core__aarch32__cortex_m__tz.a(arm_core_tz.c.obj)
                0x0000000000001d28                tz_sau_configure
 .text.__stdout_hook_install
                0x0000000000001d50        0xc zephyr/lib/libc/minimal/liblib__libc__minimal.a(stdout_console.c.obj)
                0x0000000000001d50                __stdout_hook_install
 .text.thingy91_board_init
                0x0000000000001d5c       0x50 zephyr/boards/boards/arm/thingy91_nrf9160/lib..__nrf__boards__arm__thingy91_nrf9160.a(board_secure.c.obj)
 .text.twim_2_init
                0x0000000000001dac       0x34 zephyr/drivers/i2c/libdrivers__i2c.a(i2c_nrfx_twim.c.obj)
 .text.event_handler
                0x0000000000001de0       0x34 zephyr/drivers/i2c/libdrivers__i2c.a(i2c_nrfx_twim.c.obj)
 .text.i2c_nrfx_twim_transfer
                0x0000000000001e14      0x168 zephyr/drivers/i2c/libdrivers__i2c.a(i2c_nrfx_twim.c.obj)
 .text.uarte_nrfx_configure
                0x0000000000001f7c      0x16c zephyr/drivers/serial/libdrivers__serial.a(uart_nrfx_uarte.c.obj)
 .text.uarte_instance_init.isra.2
                0x00000000000020e8       0xb0 zephyr/drivers/serial/libdrivers__serial.a(uart_nrfx_uarte.c.obj)
 .text.uarte_0_init
                0x0000000000002198       0x20 zephyr/drivers/serial/libdrivers__serial.a(uart_nrfx_uarte.c.obj)
 .text.uarte_1_init
                0x00000000000021b8       0x20 zephyr/drivers/serial/libdrivers__serial.a(uart_nrfx_uarte.c.obj)
 .text.check_ext_api_requests
                0x00000000000021d8       0x9c modules/nrf/subsys/fw_info/lib..__nrf__subsys__fw_info.a(fw_info.c.obj)
 .text.nrf91_errata_14
                0x0000000000002274       0x1c modules/nordic/lib..__modules__hal__nordic.a(system_nrf9160.c.obj)
 .text.SystemInit
                0x0000000000002290      0x174 modules/nordic/lib..__modules__hal__nordic.a(system_nrf9160.c.obj)
                0x0000000000002290                SystemInit
 .text.nrfx_clock_init
                0x0000000000002404       0x20 modules/nordic/lib..__modules__hal__nordic.a(nrfx_clock.c.obj)
                0x0000000000002404                nrfx_clock_init
 .text.nrfx_clock_start
                0x0000000000002424       0x64 modules/nordic/lib..__modules__hal__nordic.a(nrfx_clock.c.obj)
                0x0000000000002424                nrfx_clock_start
 .text.nrfx_clock_stop
                0x0000000000002488       0x84 modules/nordic/lib..__modules__hal__nordic.a(nrfx_clock.c.obj)
                0x0000000000002488                nrfx_clock_stop
 .text.nrfx_power_clock_irq_handler
                0x000000000000250c       0x68 modules/nordic/lib..__modules__hal__nordic.a(nrfx_clock.c.obj)
                0x000000000000250c                nrfx_power_clock_irq_handler
 .text.nrfx_twim_init
                0x0000000000002574       0x8c modules/nordic/lib..__modules__hal__nordic.a(nrfx_twim.c.obj)
                0x0000000000002574                nrfx_twim_init
 .text.nrfx_twim_enable
                0x0000000000002600       0x20 modules/nordic/lib..__modules__hal__nordic.a(nrfx_twim.c.obj)
                0x0000000000002600                nrfx_twim_enable
 .text.nrfx_twim_disable
                0x0000000000002620       0x38 modules/nordic/lib..__modules__hal__nordic.a(nrfx_twim.c.obj)
                0x0000000000002620                nrfx_twim_disable
 .text.nrfx_twim_xfer
                0x0000000000002658      0x2ec modules/nordic/lib..__modules__hal__nordic.a(nrfx_twim.c.obj)
                0x0000000000002658                nrfx_twim_xfer
 .text.nrfx_twim_2_irq_handler
                0x0000000000002944      0x184 modules/nordic/lib..__modules__hal__nordic.a(nrfx_twim.c.obj)
                0x0000000000002944                nrfx_twim_2_irq_handler
 .text.z_sys_init_run_level
                0x0000000000002ac8       0x50 zephyr/kernel/libkernel.a(device.c.obj)
                0x0000000000002ac8                z_sys_init_run_level
 .text.z_device_ready
                0x0000000000002b18       0x2c zephyr/kernel/libkernel.a(device.c.obj)
                0x0000000000002b18                z_device_ready
 .text.z_impl_device_get_binding
                0x0000000000002b44       0x50 zephyr/kernel/libkernel.a(device.c.obj)
                0x0000000000002b44                z_impl_device_get_binding
 .text.idle     0x0000000000002b94       0x34 zephyr/kernel/libkernel.a(idle.c.obj)
                0x0000000000002b94                idle
 .text.z_bss_zero
                0x0000000000002bc8       0x14 zephyr/kernel/libkernel.a(init.c.obj)
                0x0000000000002bc8                z_bss_zero
 .text.z_data_copy
                0x0000000000002bdc       0x34 zephyr/kernel/libkernel.a(init.c.obj)
                0x0000000000002bdc                z_data_copy
 .text.bg_thread_main
                0x0000000000002c10       0x48 zephyr/kernel/libkernel.a(init.c.obj)
 .text.z_cstart
                0x0000000000002c58      0x10c zephyr/kernel/libkernel.a(init.c.obj)
                0x0000000000002c58                z_cstart
 .text.init_mem_slab_module
                0x0000000000002d64       0x44 zephyr/kernel/libkernel.a(mem_slab.c.obj)
 .text.k_mem_slab_alloc
                0x0000000000002da8       0x64 zephyr/kernel/libkernel.a(mem_slab.c.obj)
                0x0000000000002da8                k_mem_slab_alloc
 .text.k_mem_slab_free
                0x0000000000002e0c       0x54 zephyr/kernel/libkernel.a(mem_slab.c.obj)
                0x0000000000002e0c                k_mem_slab_free
 .text.z_impl_k_mutex_lock
                0x0000000000002e60       0xf0 zephyr/kernel/libkernel.a(mutex.c.obj)
                0x0000000000002e60                z_impl_k_mutex_lock
 .text.z_impl_k_mutex_unlock
                0x0000000000002f50       0x8c zephyr/kernel/libkernel.a(mutex.c.obj)
                0x0000000000002f50                z_impl_k_mutex_unlock
 .text.z_reset_time_slice
                0x0000000000002fdc       0x2c zephyr/kernel/libkernel.a(sched.c.obj)
                0x0000000000002fdc                z_reset_time_slice
 .text.k_sched_time_slice_set
                0x0000000000003008       0x58 zephyr/kernel/libkernel.a(sched.c.obj)
                0x0000000000003008                k_sched_time_slice_set
 .text.z_reschedule
                0x0000000000003060       0x24 zephyr/kernel/libkernel.a(sched.c.obj)
                0x0000000000003060                z_reschedule
 .text.k_sched_lock
                0x0000000000003084       0x28 zephyr/kernel/libkernel.a(sched.c.obj)
                0x0000000000003084                k_sched_lock
 .text.z_priq_dumb_remove
                0x00000000000030ac       0x2c zephyr/kernel/libkernel.a(sched.c.obj)
                0x00000000000030ac                z_priq_dumb_remove
 .text.update_cache
                0x00000000000030d8       0x48 zephyr/kernel/libkernel.a(sched.c.obj)
 .text.k_sched_unlock
                0x0000000000003120       0x38 zephyr/kernel/libkernel.a(sched.c.obj)
                0x0000000000003120                k_sched_unlock
 .text.ready_thread
                0x0000000000003158       0x60 zephyr/kernel/libkernel.a(sched.c.obj)
 .text.z_sched_start
                0x00000000000031b8       0x3c zephyr/kernel/libkernel.a(sched.c.obj)
                0x00000000000031b8                z_sched_start
 .text.move_thread_to_end_of_prio_q
                0x00000000000031f4       0x70 zephyr/kernel/libkernel.a(sched.c.obj)
 .text.z_time_slice
                0x0000000000003264       0x84 zephyr/kernel/libkernel.a(sched.c.obj)
                0x0000000000003264                z_time_slice
 .text.z_impl_k_thread_suspend
                0x00000000000032e8       0x68 zephyr/kernel/libkernel.a(sched.c.obj)
                0x00000000000032e8                z_impl_k_thread_suspend
 .text.z_thread_single_abort
                0x0000000000003350       0xb8 zephyr/kernel/libkernel.a(sched.c.obj)
                0x0000000000003350                z_thread_single_abort
 .text.unready_thread
                0x0000000000003408       0x38 zephyr/kernel/libkernel.a(sched.c.obj)
 .text.pend     0x0000000000003440       0x4c zephyr/kernel/libkernel.a(sched.c.obj)
 .text.z_pend_curr
                0x000000000000348c       0x28 zephyr/kernel/libkernel.a(sched.c.obj)
                0x000000000000348c                z_pend_curr
 .text.z_tick_sleep.part.21
                0x00000000000034b4       0x5c zephyr/kernel/libkernel.a(sched.c.obj)
 .text.z_set_prio
                0x0000000000003510       0x88 zephyr/kernel/libkernel.a(sched.c.obj)
                0x0000000000003510                z_set_prio
 .text.z_sched_init
                0x0000000000003598       0x18 zephyr/kernel/libkernel.a(sched.c.obj)
                0x0000000000003598                z_sched_init
 .text.z_impl_k_yield
                0x00000000000035b0       0x98 zephyr/kernel/libkernel.a(sched.c.obj)
                0x00000000000035b0                z_impl_k_yield
 .text.z_impl_k_sleep
                0x0000000000003648       0x40 zephyr/kernel/libkernel.a(sched.c.obj)
                0x0000000000003648                z_impl_k_sleep
 .text.z_impl_k_current_get
                0x0000000000003688        0xc zephyr/kernel/libkernel.a(sched.c.obj)
                0x0000000000003688                z_impl_k_current_get
 .text.z_impl_k_sem_give
                0x0000000000003694       0x40 zephyr/kernel/libkernel.a(sem.c.obj)
                0x0000000000003694                z_impl_k_sem_give
 .text.z_impl_k_sem_take
                0x00000000000036d4       0x54 zephyr/kernel/libkernel.a(sem.c.obj)
                0x00000000000036d4                z_impl_k_sem_take
 .text.z_setup_new_thread
                0x0000000000003728       0x5c zephyr/kernel/libkernel.a(thread.c.obj)
                0x0000000000003728                z_setup_new_thread
 .text.z_init_static_threads
                0x0000000000003784       0xbc zephyr/kernel/libkernel.a(thread.c.obj)
                0x0000000000003784                z_init_static_threads
 .text.elapsed  0x0000000000003840       0x14 zephyr/kernel/libkernel.a(timeout.c.obj)
 .text.remove_timeout
                0x0000000000003854       0x34 zephyr/kernel/libkernel.a(timeout.c.obj)
 .text.next_timeout
                0x0000000000003888       0x50 zephyr/kernel/libkernel.a(timeout.c.obj)
 .text.z_add_timeout
                0x00000000000038d8      0x114 zephyr/kernel/libkernel.a(timeout.c.obj)
                0x00000000000038d8                z_add_timeout
 .text.z_clock_announce
                0x00000000000039ec       0xd8 zephyr/kernel/libkernel.a(timeout.c.obj)
                0x00000000000039ec                z_clock_announce
 .text.z_tick_get
                0x0000000000003ac4       0x3c zephyr/kernel/libkernel.a(timeout.c.obj)
                0x0000000000003ac4                z_tick_get
 .text.statics_init
                0x0000000000003b00       0x24 zephyr/kernel/libkernel.a(kheap.c.obj)
 .text.CC_PalMemCopyPlat
                0x0000000000003b24        0x4 modules/nrfxlib/nrf_security/src/mbedtls/cc310/libmbedcrypto_cc3xx.a(cc_pal_mem.c.obj)
                0x0000000000003b24                CC_PalMemCopyPlat
 .text.CC_PalMemSetZeroPlat
                0x0000000000003b28        0x8 modules/nrfxlib/nrf_security/src/mbedtls/cc310/libmbedcrypto_cc3xx.a(cc_pal_mem.c.obj)
                0x0000000000003b28                CC_PalMemSetZeroPlat
 .text.CC_PalInit
                0x0000000000003b30       0x5c modules/nrfxlib/nrf_security/src/mbedtls/cc310/libmbedcrypto_cc3xx.a(cc_pal.c.obj)
                0x0000000000003b30                CC_PalInit
 .text.CC_PalTerminate
                0x0000000000003b8c       0x34 modules/nrfxlib/nrf_security/src/mbedtls/cc310/libmbedcrypto_cc3xx.a(cc_pal.c.obj)
                0x0000000000003b8c                CC_PalTerminate
 .text.CC_PalDmaInit
                0x0000000000003bc0        0x4 modules/nrfxlib/nrf_security/src/mbedtls/cc310/libmbedcrypto_cc3xx.a(cc_pal_dma.c.obj)
                0x0000000000003bc0                CC_PalDmaInit
 .text.CC_PalDmaTerminate
                0x0000000000003bc4        0x4 modules/nrfxlib/nrf_security/src/mbedtls/cc310/libmbedcrypto_cc3xx.a(cc_pal_dma.c.obj)
                0x0000000000003bc4                CC_PalDmaTerminate
 .text.CC_PalMutexCreate
                0x0000000000003bc8       0x14 modules/nrfxlib/nrf_security/src/mbedtls/cc310/libmbedcrypto_cc3xx.a(cc_pal_mutex.c.obj)
                0x0000000000003bc8                CC_PalMutexCreate
 .text.CC_PalMutexDestroy
                0x0000000000003bdc       0x14 modules/nrfxlib/nrf_security/src/mbedtls/cc310/libmbedcrypto_cc3xx.a(cc_pal_mutex.c.obj)
                0x0000000000003bdc                CC_PalMutexDestroy
 .text.CC_PalMutexLock
                0x0000000000003bf0       0x10 modules/nrfxlib/nrf_security/src/mbedtls/cc310/libmbedcrypto_cc3xx.a(cc_pal_mutex.c.obj)
                0x0000000000003bf0                CC_PalMutexLock
 .text.CC_PalMutexUnlock
                0x0000000000003c00       0x14 modules/nrfxlib/nrf_security/src/mbedtls/cc310/libmbedcrypto_cc3xx.a(cc_pal_mutex.c.obj)
                0x0000000000003c00                CC_PalMutexUnlock
 .text.CC_PalPowerSaveModeInit
                0x0000000000003c14       0x3c modules/nrfxlib/nrf_security/src/mbedtls/cc310/libmbedcrypto_cc3xx.a(cc_pal_pm.c.obj)
                0x0000000000003c14                CC_PalPowerSaveModeInit
 .text.CC_PalPowerSaveModeSelect
                0x0000000000003c50       0x84 modules/nrfxlib/nrf_security/src/mbedtls/cc310/libmbedcrypto_cc3xx.a(cc_pal_pm.c.obj)
                0x0000000000003c50                CC_PalPowerSaveModeSelect
 .text.CC_HalInit
                0x0000000000003cd4        0x4 modules/nrfxlib/nrf_security/src/mbedtls/cc310/libmbedcrypto_cc3xx.a(cc_hal.c.obj)
                0x0000000000003cd4                CC_HalInit
 .text.CC_HalTerminate
                0x0000000000003cd8        0x4 modules/nrfxlib/nrf_security/src/mbedtls/cc310/libmbedcrypto_cc3xx.a(cc_hal.c.obj)
                0x0000000000003cd8                CC_HalTerminate
 .text.CC_HalClearInterruptBit
                0x0000000000003cdc       0x1c modules/nrfxlib/nrf_security/src/mbedtls/cc310/libmbedcrypto_cc3xx.a(cc_hal.c.obj)
                0x0000000000003cdc                CC_HalClearInterruptBit
 .text.CC_HalMaskInterrupt
                0x0000000000003cf8        0xc modules/nrfxlib/nrf_security/src/mbedtls/cc310/libmbedcrypto_cc3xx.a(cc_hal.c.obj)
                0x0000000000003cf8                CC_HalMaskInterrupt
 .text.CC_HalWaitInterruptRND
                0x0000000000003d04        0xc modules/nrfxlib/nrf_security/src/mbedtls/cc310/libmbedcrypto_cc3xx.a(cc_hal.c.obj)
                0x0000000000003d04                CC_HalWaitInterruptRND
 .text.CC_PalWaitInterruptRND
                0x0000000000003d10       0x30 modules/nrfxlib/nrf_security/src/mbedtls/cc310/libmbedcrypto_cc3xx.a(cc_pal_interrupt_ctrl.c.obj)
                0x0000000000003d10                CC_PalWaitInterruptRND
 .text.mbedtls_platform_setup
                0x0000000000003d40        0x4 /home/alejandro/nrf/ncs/nrfxlib/crypto/nrf_cc310_platform/lib/cortex-m33/hard-float/no-interrupts/libnrf_cc310_platform_0.9.4.a(platform_alt.c.obj)
                0x0000000000003d40                mbedtls_platform_setup
 .text.mbedtls_platform_zeroize
                0x0000000000003d44       0x14 /home/alejandro/nrf/ncs/nrfxlib/crypto/nrf_cc310_platform/lib/cortex-m33/hard-float/no-interrupts/libnrf_cc310_platform_0.9.4.a(mbedtls_common.c.obj)
                0x0000000000003d44                mbedtls_platform_zeroize
 .text.mbedtls_hardware_poll
                0x0000000000003d58       0xac /home/alejandro/nrf/ncs/nrfxlib/crypto/nrf_cc310_platform/lib/cortex-m33/hard-float/no-interrupts/libnrf_cc310_platform_0.9.4.a(trng_api.c.obj)
                0x0000000000003d58                mbedtls_hardware_poll
 .text.RNG_PLAT_SetUserRngParameters
                0x0000000000003e04       0x7c /home/alejandro/nrf/ncs/nrfxlib/crypto/nrf_cc310_platform/lib/cortex-m33/hard-float/no-interrupts/libnrf_cc310_platform_0.9.4.a(cc_rng_plat.c.obj)
                0x0000000000003e04                RNG_PLAT_SetUserRngParameters
 .text.nrf_cc3xx_platform_init
                0x0000000000003e80       0x44 /home/alejandro/nrf/ncs/nrfxlib/crypto/nrf_cc310_platform/lib/cortex-m33/hard-float/no-interrupts/libnrf_cc310_platform_0.9.4.a(nrf_cc3xx_platform.c.obj)
                0x0000000000003e80                nrf_cc3xx_platform_init
 .text.nrf_cc3xx_platform_init_no_rng
                0x0000000000003ec4       0x38 /home/alejandro/nrf/ncs/nrfxlib/crypto/nrf_cc310_platform/lib/cortex-m33/hard-float/no-interrupts/libnrf_cc310_platform_0.9.4.a(nrf_cc3xx_platform.c.obj)
                0x0000000000003ec4                nrf_cc3xx_platform_init_no_rng
 .text.nrf_cc3xx_platform_abort
                0x0000000000003efc       0x24 /home/alejandro/nrf/ncs/nrfxlib/crypto/nrf_cc310_platform/lib/cortex-m33/hard-float/no-interrupts/libnrf_cc310_platform_0.9.4.a(nrf_cc3xx_platform_abort.c.obj)
 .text.CC_PalAbort
                0x0000000000003f20        0xc /home/alejandro/nrf/ncs/nrfxlib/crypto/nrf_cc310_platform/lib/cortex-m33/hard-float/no-interrupts/libnrf_cc310_platform_0.9.4.a(nrf_cc3xx_platform_abort.c.obj)
                0x0000000000003f20                CC_PalAbort
 .text.nrf_cc3xx_platform_set_abort
                0x0000000000003f2c       0x10 /home/alejandro/nrf/ncs/nrfxlib/crypto/nrf_cc310_platform/lib/cortex-m33/hard-float/no-interrupts/libnrf_cc310_platform_0.9.4.a(nrf_cc3xx_platform_abort.c.obj)
                0x0000000000003f2c                nrf_cc3xx_platform_set_abort
 .text.mutex_unlock
                0x0000000000003f3c       0x20 /home/alejandro/nrf/ncs/nrfxlib/crypto/nrf_cc310_platform/lib/cortex-m33/hard-float/no-interrupts/libnrf_cc310_platform_0.9.4.a(nrf_cc3xx_platform_mutex.c.obj)
 .text.mutex_free
                0x0000000000003f5c       0x24 /home/alejandro/nrf/ncs/nrfxlib/crypto/nrf_cc310_platform/lib/cortex-m33/hard-float/no-interrupts/libnrf_cc310_platform_0.9.4.a(nrf_cc3xx_platform_mutex.c.obj)
 .text.mutex_init
                0x0000000000003f80       0x20 /home/alejandro/nrf/ncs/nrfxlib/crypto/nrf_cc310_platform/lib/cortex-m33/hard-float/no-interrupts/libnrf_cc310_platform_0.9.4.a(nrf_cc3xx_platform_mutex.c.obj)
 .text.mutex_lock
                0x0000000000003fa0       0x30 /home/alejandro/nrf/ncs/nrfxlib/crypto/nrf_cc310_platform/lib/cortex-m33/hard-float/no-interrupts/libnrf_cc310_platform_0.9.4.a(nrf_cc3xx_platform_mutex.c.obj)
 .text.nrf_cc3xx_platform_set_mutexes
                0x0000000000003fd0       0x38 /home/alejandro/nrf/ncs/nrfxlib/crypto/nrf_cc310_platform/lib/cortex-m33/hard-float/no-interrupts/libnrf_cc310_platform_0.9.4.a(nrf_cc3xx_platform_mutex.c.obj)
                0x0000000000003fd0                nrf_cc3xx_platform_set_mutexes
 .text.CC_LibInitNoRng
                0x0000000000004008       0x6c /home/alejandro/nrf/ncs/nrfxlib/crypto/nrf_cc310_platform/lib/cortex-m33/hard-float/no-interrupts/libnrf_cc310_platform_0.9.4.a(cc_lib.c.obj)
                0x0000000000004008                CC_LibInitNoRng
 .text.CC_LibInitRngModule
                0x0000000000004074       0xbc /home/alejandro/nrf/ncs/nrfxlib/crypto/nrf_cc310_platform/lib/cortex-m33/hard-float/no-interrupts/libnrf_cc310_platform_0.9.4.a(cc_lib.c.obj)
                0x0000000000004074                CC_LibInitRngModule
 .text.CC_LibInit
                0x0000000000004130       0x80 /home/alejandro/nrf/ncs/nrfxlib/crypto/nrf_cc310_platform/lib/cortex-m33/hard-float/no-interrupts/libnrf_cc310_platform_0.9.4.a(cc_lib.c.obj)
                0x0000000000004130                CC_LibInit
 .text.CC_PalTrngParamGet
                0x00000000000041b0      0x110 /home/alejandro/nrf/ncs/nrfxlib/crypto/nrf_cc310_platform/lib/cortex-m33/hard-float/no-interrupts/libnrf_cc310_platform_0.9.4.a(cc_pal_trng.c.obj)
                0x00000000000041b0                CC_PalTrngParamGet
 .text.startTrngHW
                0x00000000000042c0      0x154 /home/alejandro/nrf/ncs/nrfxlib/crypto/nrf_cc310_platform/lib/cortex-m33/hard-float/no-interrupts/libnrf_cc310_platform_0.9.4.a(llf_rnd_trng90b.c.obj)
 .text.LLF_RND_RepetitionCounterTest.part.0
                0x0000000000004414       0x58 /home/alejandro/nrf/ncs/nrfxlib/crypto/nrf_cc310_platform/lib/cortex-m33/hard-float/no-interrupts/libnrf_cc310_platform_0.9.4.a(llf_rnd_trng90b.c.obj)
 .text.LLF_RND_AdaptiveProportionTest
                0x000000000000446c       0xcc /home/alejandro/nrf/ncs/nrfxlib/crypto/nrf_cc310_platform/lib/cortex-m33/hard-float/no-interrupts/libnrf_cc310_platform_0.9.4.a(llf_rnd_trng90b.c.obj)
                0x000000000000446c                LLF_RND_AdaptiveProportionTest
 .text.getTrngSource
                0x0000000000004538      0x2d0 /home/alejandro/nrf/ncs/nrfxlib/crypto/nrf_cc310_platform/lib/cortex-m33/hard-float/no-interrupts/libnrf_cc310_platform_0.9.4.a(llf_rnd_trng90b.c.obj)
 .text.LLF_RND_GetTrngSource
                0x0000000000004808       0x98 /home/alejandro/nrf/ncs/nrfxlib/crypto/nrf_cc310_platform/lib/cortex-m33/hard-float/no-interrupts/libnrf_cc310_platform_0.9.4.a(llf_rnd_trng90b.c.obj)
                0x0000000000004808                LLF_RND_GetTrngSource
 .text.LLF_RND_RunTrngStartupTest
                0x00000000000048a0       0x1c /home/alejandro/nrf/ncs/nrfxlib/crypto/nrf_cc310_platform/lib/cortex-m33/hard-float/no-interrupts/libnrf_cc310_platform_0.9.4.a(llf_rnd_trng90b.c.obj)
                0x00000000000048a0                LLF_RND_RunTrngStartupTest
 .text.LLF_RND_WaitRngInterrupt
                0x00000000000048bc       0x20 /home/alejandro/nrf/ncs/nrfxlib/crypto/nrf_cc310_platform/lib/cortex-m33/hard-float/no-interrupts/libnrf_cc310_platform_0.9.4.a(llf_rnd.c.obj)
                0x00000000000048bc                LLF_RND_WaitRngInterrupt
 .text.LLF_RND_GetRoscSampleCnt
                0x00000000000048dc       0x3c /home/alejandro/nrf/ncs/nrfxlib/crypto/nrf_cc310_platform/lib/cortex-m33/hard-float/no-interrupts/libnrf_cc310_platform_0.9.4.a(llf_rnd.c.obj)
                0x00000000000048dc                LLF_RND_GetRoscSampleCnt
 .text.LLF_RND_GetFastestRosc
                0x0000000000004918       0x20 /home/alejandro/nrf/ncs/nrfxlib/crypto/nrf_cc310_platform/lib/cortex-m33/hard-float/no-interrupts/libnrf_cc310_platform_0.9.4.a(llf_rnd.c.obj)
                0x0000000000004918                LLF_RND_GetFastestRosc
 .text.LLF_RND_TurnOffTrng
                0x0000000000004938       0x1c /home/alejandro/nrf/ncs/nrfxlib/crypto/nrf_cc310_platform/lib/cortex-m33/hard-float/no-interrupts/libnrf_cc310_platform_0.9.4.a(llf_rnd.c.obj)
                0x0000000000004938                LLF_RND_TurnOffTrng
 .text.main     0x0000000000004954        0xe app/libapp.a(main.c.obj)
                0x0000000000004954                main
 .text.sys_notify_validate
                0x0000000000004962       0x22 zephyr/libzephyr.a(notify.c.obj)
                0x0000000000004962                sys_notify_validate
 .text.sys_notify_finalize
                0x0000000000004984       0x1a zephyr/libzephyr.a(notify.c.obj)
                0x0000000000004984                sys_notify_finalize
 .text.arch_printk_char_out
                0x000000000000499e        0x4 zephyr/libzephyr.a(printk.c.obj)
                0x000000000000499e                arch_printk_char_out
 .text.z_vprintk
                0x00000000000049a2      0x228 zephyr/libzephyr.a(printk.c.obj)
                0x00000000000049a2                z_vprintk
 .text.printk   0x0000000000004bca       0x1a zephyr/libzephyr.a(printk.c.obj)
                0x0000000000004bca                printk
 .text.process_recheck
                0x0000000000004be4       0x38 zephyr/libzephyr.a(onoff.c.obj)
 .text.notify_one
                0x0000000000004c1c       0x2c zephyr/libzephyr.a(onoff.c.obj)
 .text.transition_complete
                0x0000000000004c48       0x1e zephyr/libzephyr.a(onoff.c.obj)
 .text.validate_args
                0x0000000000004c66       0x1e zephyr/libzephyr.a(onoff.c.obj)
 .text.onoff_manager_init
                0x0000000000004c84       0x26 zephyr/libzephyr.a(onoff.c.obj)
                0x0000000000004c84                onoff_manager_init
 .text.onoff_request
                0x0000000000004caa       0x92 zephyr/libzephyr.a(onoff.c.obj)
                0x0000000000004caa                onoff_request
 .text.z_thread_entry
                0x0000000000004d3c       0x14 zephyr/libzephyr.a(thread_entry.c.obj)
                0x0000000000004d3c                z_thread_entry
 .text.chunk_field
                0x0000000000004d50       0x16 zephyr/libzephyr.a(heap.c.obj)
 .text.chunk_set
                0x0000000000004d66       0x16 zephyr/libzephyr.a(heap.c.obj)
 .text.chunk_size
                0x0000000000004d7c        0xc zephyr/libzephyr.a(heap.c.obj)
 .text.set_chunk_used
                0x0000000000004d88       0x30 zephyr/libzephyr.a(heap.c.obj)
 .text.set_chunk_size
                0x0000000000004db8        0x8 zephyr/libzephyr.a(heap.c.obj)
 .text.bucket_idx
                0x0000000000004dc0       0x1a zephyr/libzephyr.a(heap.c.obj)
 .text.free_list_add
                0x0000000000004dda       0x8a zephyr/libzephyr.a(heap.c.obj)
 .text.sys_heap_init
                0x0000000000004e64       0xa2 zephyr/libzephyr.a(heap.c.obj)
                0x0000000000004e64                sys_heap_init
 .text._ConfigAbsSyms
                0x0000000000004f06        0x2 zephyr/libzephyr.a(configs.c.obj)
                0x0000000000004f06                _ConfigAbsSyms
 .text.z_platform_init
                0x0000000000004f08        0x4 zephyr/libzephyr.a(soc.c.obj)
                0x0000000000004f08                z_platform_init
 .text.get_status
                0x0000000000004f0c       0x12 zephyr/libzephyr.a(clock_control_nrf.c.obj)
 .text.set_off_state
                0x0000000000004f1e       0x32 zephyr/libzephyr.a(clock_control_nrf.c.obj)
 .text.set_starting_state
                0x0000000000004f50       0x3c zephyr/libzephyr.a(clock_control_nrf.c.obj)
 .text.set_on_state
                0x0000000000004f8c       0x26 zephyr/libzephyr.a(clock_control_nrf.c.obj)
 .text.onoff_started_callback
                0x0000000000004fb2       0x14 zephyr/libzephyr.a(clock_control_nrf.c.obj)
 .text.blocking_start_callback
                0x0000000000004fc6        0x6 zephyr/libzephyr.a(clock_control_nrf.c.obj)
 .text.lfclk_stop
                0x0000000000004fcc        0x6 zephyr/libzephyr.a(clock_control_nrf.c.obj)
 .text.lfclk_start
                0x0000000000004fd2        0x6 zephyr/libzephyr.a(clock_control_nrf.c.obj)
 .text.api_stop
                0x0000000000004fd8       0x28 zephyr/libzephyr.a(clock_control_nrf.c.obj)
 .text.api_start
                0x0000000000005000       0x3c zephyr/libzephyr.a(clock_control_nrf.c.obj)
 .text.z_clock_isr
                0x000000000000503c        0x2 zephyr/libzephyr.a(sys_clock_init.c.obj)
                0x000000000000503c                z_clock_isr
 .text.z_clock_idle_exit
                0x000000000000503e        0x2 zephyr/libzephyr.a(sys_clock_init.c.obj)
                0x000000000000503e                z_clock_idle_exit
 .text.sys_clock_disable
                0x0000000000005040        0x2 zephyr/libzephyr.a(sys_clock_init.c.obj)
                0x0000000000005040                sys_clock_disable
 .text.adp536x_charger_current_set
                0x0000000000005042        0xc zephyr/libzephyr.a(adp536x.c.obj)
                0x0000000000005042                adp536x_charger_current_set
 .text.adp536x_vbus_current_set
                0x000000000000504e        0xc zephyr/libzephyr.a(adp536x.c.obj)
                0x000000000000504e                adp536x_vbus_current_set
 .text.adp536x_charging_enable
                0x000000000000505a        0xa zephyr/libzephyr.a(adp536x.c.obj)
                0x000000000000505a                adp536x_charging_enable
 .text.adp536x_oc_chg_current_set
                0x0000000000005064        0xe zephyr/libzephyr.a(adp536x.c.obj)
                0x0000000000005064                adp536x_oc_chg_current_set
 .text.adp536x_buck_1v8_set
                0x0000000000005072        0xa zephyr/libzephyr.a(adp536x.c.obj)
                0x0000000000005072                adp536x_buck_1v8_set
 .text.adp536x_buck_discharge_set
                0x000000000000507c        0xe zephyr/libzephyr.a(adp536x.c.obj)
                0x000000000000507c                adp536x_buck_discharge_set
 .text.adp536x_buckbst_3v3_set
                0x000000000000508a        0xa zephyr/libzephyr.a(adp536x.c.obj)
                0x000000000000508a                adp536x_buckbst_3v3_set
 .text.adp536x_buckbst_enable
                0x0000000000005094        0xa zephyr/libzephyr.a(adp536x.c.obj)
                0x0000000000005094                adp536x_buckbst_enable
 .text.spm_secure_services_init
                0x000000000000509e       0x14 zephyr/libzephyr.a(secure_services.c.obj)
                0x000000000000509e                spm_secure_services_init
 .text.spm_request_random_number_nse
                0x00000000000050b2       0x82 zephyr/libzephyr.a(secure_services.c.obj)
                0x00000000000050b2                __acle_se_spm_request_random_number_nse
 .text.abort_function
                0x0000000000005134        0x6 zephyr/libzephyr.a(nrf_cc3xx_platform_abort_zephyr.c.obj)
 .text.z_irq_spurious
                0x000000000000513a        0x8 zephyr/arch/arch/arm/core/aarch32/libarch__arm__core__aarch32.a(irq_manage.c.obj)
                0x000000000000513a                z_irq_spurious
 .text.irq_target_state_set
                0x0000000000005142       0x5c zephyr/arch/arch/arm/core/aarch32/libarch__arm__core__aarch32.a(irq_manage.c.obj)
                0x0000000000005142                irq_target_state_set
 .text.configure_builtin_stack_guard
                0x000000000000519e        0x8 zephyr/arch/arch/arm/core/aarch32/libarch__arm__core__aarch32.a(thread.c.obj)
                0x000000000000519e                configure_builtin_stack_guard
 .text.z_arm_fatal_error
                0x00000000000051a6        0x4 zephyr/arch/arch/arm/core/aarch32/libarch__arm__core__aarch32.a(fatal.c.obj)
                0x00000000000051a6                z_arm_fatal_error
 .text.z_do_kernel_oops
                0x00000000000051aa        0x8 zephyr/arch/arch/arm/core/aarch32/libarch__arm__core__aarch32.a(fatal.c.obj)
                0x00000000000051aa                z_do_kernel_oops
 .text.z_arm_nmi
                0x00000000000051b2        0xe zephyr/arch/arch/arm/core/aarch32/libarch__arm__core__aarch32.a(nmi.c.obj)
                0x00000000000051b2                z_arm_nmi
 .text.mpu_configure_region
                0x00000000000051c0       0x44 zephyr/arch/arch/arm/core/aarch32/cortex_m/mpu/libarch__arm__core__aarch32__cortex_m__mpu.a(arm_mpu.c.obj)
 .text.arm_cmse_mpu_region_get
                0x0000000000005204       0x12 zephyr/arch/arch/arm/core/aarch32/cortex_m/cmse/libarch__arm__core__aarch32__cortex_m__cmse.a(arm_core_cmse.c.obj)
                0x0000000000005204                arm_cmse_mpu_region_get
 .text.strcmp   0x0000000000005216       0x18 zephyr/lib/libc/minimal/liblib__libc__minimal.a(string.c.obj)
                0x0000000000005216                strcmp
 .text.memcmp   0x000000000000522e       0x20 zephyr/lib/libc/minimal/liblib__libc__minimal.a(string.c.obj)
                0x000000000000522e                memcmp
 .text.memmove  0x000000000000524e       0x2e zephyr/lib/libc/minimal/liblib__libc__minimal.a(string.c.obj)
                0x000000000000524e                memmove
 .text.memcpy   0x000000000000527c       0x54 zephyr/lib/libc/minimal/liblib__libc__minimal.a(string.c.obj)
                0x000000000000527c                memcpy
 .text.memset   0x00000000000052d0       0x44 zephyr/lib/libc/minimal/liblib__libc__minimal.a(string.c.obj)
                0x00000000000052d0                memset
 .text._stdout_hook_default
                0x0000000000005314        0x6 zephyr/lib/libc/minimal/liblib__libc__minimal.a(stdout_console.c.obj)
 .text.i2c_nrfx_twim_configure
                0x000000000000531a       0x32 zephyr/drivers/i2c/libdrivers__i2c.a(i2c_nrfx_twim.c.obj)
 .text.uarte_nrfx_config_get
                0x000000000000534c       0x12 zephyr/drivers/serial/libdrivers__serial.a(uart_nrfx_uarte.c.obj)
 .text.uarte_nrfx_err_check
                0x000000000000535e        0xe zephyr/drivers/serial/libdrivers__serial.a(uart_nrfx_uarte.c.obj)
 .text.uarte_nrfx_poll_in
                0x000000000000536c       0x26 zephyr/drivers/serial/libdrivers__serial.a(uart_nrfx_uarte.c.obj)
 .text.uarte_nrfx_poll_out
                0x0000000000005392       0x82 zephyr/drivers/serial/libdrivers__serial.a(uart_nrfx_uarte.c.obj)
 .text.k_sys_fatal_error_handler
                0x0000000000005414        0x8 modules/nrf/lib/fatal_error/lib..__nrf__lib__fatal_error.a(fatal_error.c.obj)
                0x0000000000005414                k_sys_fatal_error_handler
 .text.hw_cc3xx_init
                0x000000000000541c       0x12 modules/nrf/drivers/hw_cc310/lib..__nrf__drivers__hw_cc310.a(hw_cc310.c.obj)
 .text.nrfx_isr
                0x000000000000542e        0x2 modules/nordic/lib..__modules__hal__nordic.a(nrfx_glue.c.obj)
                0x000000000000542e                nrfx_isr
 .text.nrfx_busy_wait
                0x0000000000005430        0x4 modules/nordic/lib..__modules__hal__nordic.a(nrfx_glue.c.obj)
                0x0000000000005430                nrfx_busy_wait
 .text.nrfx_clock_enable
                0x0000000000005434       0x16 modules/nordic/lib..__modules__hal__nordic.a(nrfx_clock.c.obj)
                0x0000000000005434                nrfx_clock_enable
 .text.xfer_completeness_check
                0x000000000000544a       0x60 modules/nordic/lib..__modules__hal__nordic.a(nrfx_twim.c.obj)
 .text.z_fatal_error
                0x00000000000054aa       0x36 zephyr/kernel/libkernel.a(fatal.c.obj)
                0x00000000000054aa                z_fatal_error
 .text.z_sys_power_save_idle_exit
                0x00000000000054e0        0x4 zephyr/kernel/libkernel.a(idle.c.obj)
                0x00000000000054e0                z_sys_power_save_idle_exit
 .text.k_mem_slab_init
                0x00000000000054e4       0x36 zephyr/kernel/libkernel.a(mem_slab.c.obj)
                0x00000000000054e4                k_mem_slab_init
 .text.z_impl_k_mutex_init
                0x000000000000551a        0xe zephyr/kernel/libkernel.a(mutex.c.obj)
                0x000000000000551a                z_impl_k_mutex_init
 .text.z_reschedule_irqlock
                0x0000000000005528       0x18 zephyr/kernel/libkernel.a(sched.c.obj)
                0x0000000000005528                z_reschedule_irqlock
 .text.z_reschedule_unlocked
                0x0000000000005540       0x14 zephyr/kernel/libkernel.a(sched.c.obj)
 .text.unpend_thread_no_timeout
                0x0000000000005554       0x1a zephyr/kernel/libkernel.a(sched.c.obj)
 .text.z_priq_dumb_best
                0x000000000000556e        0xc zephyr/kernel/libkernel.a(sched.c.obj)
                0x000000000000556e                z_priq_dumb_best
 .text.z_ready_thread
                0x000000000000557a       0x20 zephyr/kernel/libkernel.a(sched.c.obj)
                0x000000000000557a                z_ready_thread
 .text.z_thread_timeout
                0x000000000000559a       0x40 zephyr/kernel/libkernel.a(sched.c.obj)
                0x000000000000559a                z_thread_timeout
 .text.add_to_waitq_locked
                0x00000000000055da       0x50 zephyr/kernel/libkernel.a(sched.c.obj)
 .text.z_unpend_first_thread
                0x000000000000562a       0x4a zephyr/kernel/libkernel.a(sched.c.obj)
                0x000000000000562a                z_unpend_first_thread
 .text.k_is_in_isr
                0x0000000000005674        0xc zephyr/kernel/libkernel.a(thread.c.obj)
                0x0000000000005674                k_is_in_isr
 .text.z_impl_k_busy_wait
                0x0000000000005680        0x4 zephyr/kernel/libkernel.a(thread.c.obj)
                0x0000000000005680                z_impl_k_busy_wait
 .text.z_abort_timeout
                0x0000000000005684       0x2c zephyr/kernel/libkernel.a(timeout.c.obj)
                0x0000000000005684                z_abort_timeout
 .text.z_get_next_timeout_expiry
                0x00000000000056b0       0x20 zephyr/kernel/libkernel.a(timeout.c.obj)
                0x00000000000056b0                z_get_next_timeout_expiry
 .text.z_set_timeout_expiry
                0x00000000000056d0       0x34 zephyr/kernel/libkernel.a(timeout.c.obj)
                0x00000000000056d0                z_set_timeout_expiry
 .text.z_tick_get_32
                0x0000000000005704        0x8 zephyr/kernel/libkernel.a(timeout.c.obj)
                0x0000000000005704                z_tick_get_32
 .text.k_heap_init
                0x000000000000570c       0x12 zephyr/kernel/libkernel.a(kheap.c.obj)
                0x000000000000570c                k_heap_init
 .text._OffsetAbsSyms
                0x000000000000571e        0x2 zephyr/CMakeFiles/offsets.dir/arch/arm/core/offsets/offsets.c.obj
                0x000000000000571e                _OffsetAbsSyms
 *(SORT_BY_ALIGNMENT(.gnu.linkonce.t.*))
 *(SORT_BY_ALIGNMENT(.glue_7t))
 .glue_7t       0x0000000000005720        0x0 linker stubs
 *(SORT_BY_ALIGNMENT(.glue_7))
 .glue_7        0x0000000000005720        0x0 linker stubs
 *(SORT_BY_ALIGNMENT(.vfp11_veneer))
 .vfp11_veneer  0x0000000000005720        0x0 linker stubs
 *(SORT_BY_ALIGNMENT(.v4_bx))
 .v4_bx         0x0000000000005720        0x0 linker stubs
                0x0000000000005720                _image_text_end = .

.ARM.exidx      0x0000000000005720        0x8
                0x0000000000005720                __exidx_start = .
 *(SORT_BY_ALIGNMENT(.ARM.exidx*) SORT_BY_ALIGNMENT(gnu.linkonce.armexidx.*))
 .ARM.exidx     0x0000000000005720        0x8 /opt/gnuarmemb/bin/../lib/gcc/arm-none-eabi/8.3.1/thumb/v8-m.main+fp/hard/libgcc.a(_udivmoddi4.o)
                0x0000000000005728                __exidx_end = .
                0x0000000000005728                _image_rodata_start = .

initlevel       0x0000000000005728       0x68
                0x0000000000005728                __init_start = .
                0x0000000000005728                __init_PRE_KERNEL_1_start = .
 *(SORT_BY_NAME(SORT_BY_ALIGNMENT(.init_PRE_KERNEL_1[0-9]*)))
 .init_PRE_KERNEL_10
                0x0000000000005728        0x8 zephyr/libzephyr.a(soc.c.obj)
 .init_PRE_KERNEL_130
                0x0000000000005730        0x8 zephyr/kernel/libkernel.a(mem_slab.c.obj)
 .init_PRE_KERNEL_130
                0x0000000000005738        0x8 zephyr/kernel/libkernel.a(kheap.c.obj)
 .init_PRE_KERNEL_140
                0x0000000000005740        0x8 zephyr/arch/arch/arm/core/aarch32/cortex_m/mpu/libarch__arm__core__aarch32__cortex_m__mpu.a(arm_mpu.c.obj)
 .init_PRE_KERNEL_150
                0x0000000000005748        0x8 zephyr/libzephyr.a(clock_control_nrf.c.obj)
 .init_PRE_KERNEL_150
                0x0000000000005750       0x10 zephyr/drivers/serial/libdrivers__serial.a(uart_nrfx_uarte.c.obj)
 .init_PRE_KERNEL_160
                0x0000000000005760        0x8 zephyr/libzephyr.a(uart_console.c.obj)
 *(SORT_BY_NAME(SORT_BY_ALIGNMENT(.init_PRE_KERNEL_1[1-9][0-9]*)))
                0x0000000000005768                __init_PRE_KERNEL_2_start = .
 *(SORT_BY_NAME(SORT_BY_ALIGNMENT(.init_PRE_KERNEL_2[0-9]*)))
 .init_PRE_KERNEL_20
                0x0000000000005768        0x8 zephyr/libzephyr.a(sys_clock_init.c.obj)
 *(SORT_BY_NAME(SORT_BY_ALIGNMENT(.init_PRE_KERNEL_2[1-9][0-9]*)))
                0x0000000000005770                __init_POST_KERNEL_start = .
 *(SORT_BY_NAME(SORT_BY_ALIGNMENT(.init_POST_KERNEL[0-9]*)))
 .init_POST_KERNEL40
                0x0000000000005770        0x8 modules/nrf/drivers/hw_cc310/lib..__nrf__drivers__hw_cc310.a(hw_cc310.c.obj)
 .init_POST_KERNEL60
                0x0000000000005778        0x8 zephyr/drivers/i2c/libdrivers__i2c.a(i2c_nrfx_twim.c.obj)
 .init_POST_KERNEL90
                0x0000000000005780        0x8 modules/nrf/subsys/fw_info/lib..__nrf__subsys__fw_info.a(fw_info.c.obj)
 *(SORT_BY_NAME(SORT_BY_ALIGNMENT(.init_POST_KERNEL[1-9][0-9]*)))
                0x0000000000005788                __init_APPLICATION_start = .
 *(SORT_BY_NAME(SORT_BY_ALIGNMENT(.init_APPLICATION[0-9]*)))
 .init_APPLICATION90
                0x0000000000005788        0x8 zephyr/boards/boards/arm/thingy91_nrf9160/lib..__nrf__boards__arm__thingy91_nrf9160.a(board_secure.c.obj)
 *(SORT_BY_NAME(SORT_BY_ALIGNMENT(.init_APPLICATION[1-9][0-9]*)))
                0x0000000000005790                __init_SMP_start = .
 *(SORT_BY_NAME(SORT_BY_ALIGNMENT(.init_SMP[0-9]*)))
 *(SORT_BY_NAME(SORT_BY_ALIGNMENT(.init_SMP[1-9][0-9]*)))
                0x0000000000005790                __init_end = .

sw_isr_table    0x0000000000005790      0x208
                0x0000000000005790                . = ALIGN (0x0)
 *(SORT_BY_ALIGNMENT(.gnu.linkonce.sw_isr_table*))
 .gnu.linkonce.sw_isr_table*
                0x0000000000005790      0x208 zephyr/arch/common/libisr_tables.a(isr_tables.c.obj)
                0x0000000000005790                _sw_isr_table

initlevel_error
                0x0000000000005728        0x0
 *(SORT_BY_NAME(SORT_BY_ALIGNMENT(.init_[_A-Z0-9]*)))
                0x0000000000000001                ASSERT ((SIZEOF (initlevel_error) == 0x0), Undefined initialization levels used.)

app_shmem_regions
                0x0000000000005998        0x0
                0x0000000000005998                __app_shmem_regions_start = .
 *(SORT_BY_NAME(SORT_BY_ALIGNMENT(.app_regions.*)))
                0x0000000000005998                __app_shmem_regions_end = .

bt_l2cap_fixed_chan_area
                0x0000000000005998        0x0
                0x0000000000005998                _bt_l2cap_fixed_chan_list_start = .
 *(SORT_BY_NAME(SORT_BY_ALIGNMENT(._bt_l2cap_fixed_chan.static.*)))
                0x0000000000005998                _bt_l2cap_fixed_chan_list_end = .

bt_gatt_service_static_area
                0x0000000000005998        0x0
                0x0000000000005998                _bt_gatt_service_static_list_start = .
 *(SORT_BY_NAME(SORT_BY_ALIGNMENT(._bt_gatt_service_static.static.*)))
                0x0000000000005998                _bt_gatt_service_static_list_end = .

log_const_sections
                0x0000000000005998        0x0
                0x0000000000005998                __log_const_start = .
 *(SORT_BY_NAME(SORT_BY_ALIGNMENT(.log_const_*)))
                0x0000000000005998                __log_const_end = .

log_backends_sections
                0x0000000000005998        0x0
                0x0000000000005998                __log_backends_start = .
 *(SORT_BY_ALIGNMENT(._log_backend.*))
                0x0000000000005998                __log_backends_end = .

shell_area      0x0000000000005998        0x0
                0x0000000000005998                _shell_list_start = .
 *(SORT_BY_NAME(SORT_BY_ALIGNMENT(._shell.static.*)))
                0x0000000000005998                _shell_list_end = .

shell_root_cmds_sections
                0x0000000000005998        0x0
                0x0000000000005998                __shell_root_cmds_start = .
 *(SORT_BY_NAME(SORT_BY_ALIGNMENT(.shell_root_cmd_*)))
                0x0000000000005998                __shell_root_cmds_end = .

font_entry_sections
                0x0000000000005998        0x0
                0x0000000000005998                __font_entry_start = .
 *(SORT_BY_NAME(SORT_BY_ALIGNMENT(._cfb_font.*)))
                0x0000000000005998                __font_entry_end = .

tracing_backend_area
                0x0000000000005998        0x0
                0x0000000000005998                _tracing_backend_list_start = .
 *(SORT_BY_NAME(SORT_BY_ALIGNMENT(._tracing_backend.static.*)))
                0x0000000000005998                _tracing_backend_list_end = .

rodata          0x00000000000059a0      0x724
 *(SORT_BY_ALIGNMENT(.rodata))
 .rodata        0x00000000000059a0        0xc zephyr/libzephyr.a(secure_services.c.obj)
 .rodata        0x00000000000059ac       0x20 zephyr/drivers/serial/libdrivers__serial.a(uart_nrfx_uarte.c.obj)
 .rodata        0x00000000000059cc       0x18 modules/nrf/subsys/fw_info/lib..__nrf__subsys__fw_info.a(fw_info.c.obj)
 *(SORT_BY_ALIGNMENT(.rodata.*))
 *fill*         0x00000000000059e4        0xc 
 .rodata.delay_machine_code.9980
                0x00000000000059f0        0x6 zephyr/libzephyr.a(soc.c.obj)
 *fill*         0x00000000000059f6        0x2 
 .rodata.clock_control_api
                0x00000000000059f8       0x14 zephyr/libzephyr.a(clock_control_nrf.c.obj)
 .rodata.config
                0x0000000000005a0c       0x10 zephyr/libzephyr.a(clock_control_nrf.c.obj)
 .rodata.transitions.11534
                0x0000000000005a1c        0xc zephyr/libzephyr.a(clock_control_nrf.c.obj)
 .rodata.periph.10680
                0x0000000000005a28       0xd0 zephyr/libzephyr.a(spm.c.obj)
 .rodata.fw_info_allowed_offsets
                0x0000000000005af8       0x14 zephyr/libzephyr.a(secure_services.c.obj)
 .rodata.apis   0x0000000000005b0c        0x8 zephyr/libzephyr.a(nrf_cc3xx_platform_abort_zephyr.c.obj)
 .rodata.mutex_apis
                0x0000000000005b14       0x10 zephyr/libzephyr.a(nrf_cc3xx_platform_mutex_zephyr.c.obj)
 .rodata.mutexes
                0x0000000000005b24       0x14 zephyr/libzephyr.a(nrf_cc3xx_platform_mutex_zephyr.c.obj)
 .rodata.mpu_config
                0x0000000000005b38        0x8 zephyr/soc/arm/common/cortex_m/libsoc__arm__common__cortex_m.a(arm_mpu_regions.c.obj)
                0x0000000000005b38                mpu_config
 .rodata.mpu_regions
                0x0000000000005b40       0x20 zephyr/soc/arm/common/cortex_m/libsoc__arm__common__cortex_m.a(arm_mpu_regions.c.obj)
 .rodata.i2c_nrfx_twim_driver_api
                0x0000000000005b60       0x14 zephyr/drivers/i2c/libdrivers__i2c.a(i2c_nrfx_twim.c.obj)
 .rodata.twim_2z_config
                0x0000000000005b74       0x18 zephyr/drivers/i2c/libdrivers__i2c.a(i2c_nrfx_twim.c.obj)
 .rodata.uart_nrfx_uarte_driver_api
                0x0000000000005b8c       0x14 zephyr/drivers/serial/libdrivers__serial.a(uart_nrfx_uarte.c.obj)
 .rodata.uarte_0z_config
                0x0000000000005ba0        0x8 zephyr/drivers/serial/libdrivers__serial.a(uart_nrfx_uarte.c.obj)
 .rodata.uarte_1z_config
                0x0000000000005ba8        0x8 zephyr/drivers/serial/libdrivers__serial.a(uart_nrfx_uarte.c.obj)
 .rodata.levels.10100
                0x0000000000005bb0       0x14 zephyr/kernel/libkernel.a(device.c.obj)
 .rodata._k_neg_eagain
                0x0000000000005bc4        0x4 zephyr/kernel/libkernel.a(errno.c.obj)
                0x0000000000005bc4                _k_neg_eagain
 .rodata.CC_PalPowerSaveModeInit.str1.4
                0x0000000000005bc8       0x20 modules/nrfxlib/nrf_security/src/mbedtls/cc310/libmbedcrypto_cc3xx.a(cc_pal_pm.c.obj)
 .rodata.CSWTCH.6
                0x0000000000005be8       0x1c /home/alejandro/nrf/ncs/nrfxlib/crypto/nrf_cc310_platform/lib/cortex-m33/hard-float/no-interrupts/libnrf_cc310_platform_0.9.4.a(nrf_cc3xx_platform.c.obj)
 .rodata.mutex_free.str1.4
                0x0000000000005c04       0x26 /home/alejandro/nrf/ncs/nrfxlib/crypto/nrf_cc310_platform/lib/cortex-m33/hard-float/no-interrupts/libnrf_cc310_platform_0.9.4.a(nrf_cc3xx_platform_mutex.c.obj)
 *fill*         0x0000000000005c2a        0x2 
 .rodata.mutex_init.str1.4
                0x0000000000005c2c       0x23 /home/alejandro/nrf/ncs/nrfxlib/crypto/nrf_cc310_platform/lib/cortex-m33/hard-float/no-interrupts/libnrf_cc310_platform_0.9.4.a(nrf_cc3xx_platform_mutex.c.obj)
 *fill*         0x0000000000005c4f        0x1 
 .rodata.CC_LibInitRngModule.str1.4
                0x0000000000005c50       0x70 /home/alejandro/nrf/ncs/nrfxlib/crypto/nrf_cc310_platform/lib/cortex-m33/hard-float/no-interrupts/libnrf_cc310_platform_0.9.4.a(cc_lib.c.obj)
                                         0x6d (size before relaxing)
 .rodata.LLF_RND_GetTrngSource.str1.4
                0x0000000000005cc0       0x6f /home/alejandro/nrf/ncs/nrfxlib/crypto/nrf_cc310_platform/lib/cortex-m33/hard-float/no-interrupts/libnrf_cc310_platform_0.9.4.a(llf_rnd_trng90b.c.obj)
 .rodata.print_digits.part.0.str1.1
                0x0000000000005cc0       0x11 zephyr/libzephyr.a(printk.c.obj)
 .rodata.sys_reboot.str1.1
                0x0000000000005cd1       0x29 zephyr/libzephyr.a(reboot.c.obj)
 .rodata.uart_console_init.str1.1
                0x0000000000005cfa        0x7 zephyr/libzephyr.a(uart_console.c.obj)
 .rodata.str1.1
                0x0000000000005d01        0x7 zephyr/libzephyr.a(clock_control_nrf.c.obj)
                                          0x6 (size before relaxing)
 .rodata.str1.1
                0x0000000000005d01        0xa zephyr/libzephyr.a(sys_clock_init.c.obj)
 .rodata.config_regions.str1.1
                0x0000000000005d0b       0x32 zephyr/libzephyr.a(spm.c.obj)
                                         0x37 (size before relaxing)
 .rodata.spm_config.str1.1
                0x0000000000005d3d      0x104 zephyr/libzephyr.a(spm.c.obj)
                                        0x10c (size before relaxing)
 .rodata.spm_jump.str1.1
                0x0000000000005e41       0x75 zephyr/libzephyr.a(spm.c.obj)
 .rodata.str1.1
                0x0000000000005eb6       0xfc zephyr/libzephyr.a(spm.c.obj)
 .rodata.mutex_free_platform.str1.1
                0x0000000000005fb2       0x26 zephyr/libzephyr.a(nrf_cc3xx_platform_mutex_zephyr.c.obj)
 .rodata.mutex_init_platform.str1.1
                0x0000000000005fd8       0x2d zephyr/libzephyr.a(nrf_cc3xx_platform_mutex_zephyr.c.obj)
 .rodata.str1.1
                0x0000000000006005        0xf zephyr/soc/arm/common/cortex_m/libsoc__arm__common__cortex_m.a(arm_mpu_regions.c.obj)
 .rodata.thingy91_board_init.str1.1
                0x0000000000006014        0x6 zephyr/boards/boards/arm/thingy91_nrf9160/lib..__nrf__boards__arm__thingy91_nrf9160.a(board_secure.c.obj)
 .rodata.str1.1
                0x000000000000601a        0x6 zephyr/drivers/i2c/libdrivers__i2c.a(i2c_nrfx_twim.c.obj)
 .rodata.str1.1
                0x000000000000601a        0x7 zephyr/drivers/serial/libdrivers__serial.a(uart_nrfx_uarte.c.obj)
                                          0xe (size before relaxing)
 .rodata.check_ext_api_requests.str1.1
                0x0000000000006021       0x5c modules/nrf/subsys/fw_info/lib..__nrf__subsys__fw_info.a(fw_info.c.obj)
 .rodata.str1.1
                0x000000000000607d        0xb modules/nrf/drivers/hw_cc310/lib..__nrf__drivers__hw_cc310.a(hw_cc310.c.obj)
 .rodata.bg_thread_main.str1.1
                0x0000000000006088       0x33 zephyr/kernel/libkernel.a(init.c.obj)
                                         0x34 (size before relaxing)
 .rodata.z_cstart.str1.1
                0x00000000000060bb        0x5 zephyr/kernel/libkernel.a(init.c.obj)
 *(SORT_BY_ALIGNMENT(.gnu.linkonce.r.*))
                0x00000000000060c0                . = ALIGN (0x4)
                0x00000000000060c0                _fw_info_images_start = .
 *(SORT_BY_ALIGNMENT(.fw_info_images))
 .fw_info_images
                0x00000000000060c0        0x4 modules/nrf/subsys/fw_info/lib..__nrf__subsys__fw_info.a(fw_info.c.obj)
                0x00000000000060c0                self_image
                0x0000000000000001                _fw_info_images_size = ABSOLUTE (((. - _fw_info_images_start) / 0x4))
                0x00000000000060c4                _ext_apis_start = .
 *(SORT_BY_ALIGNMENT(.ext_apis))
                0x0000000000000000                _ext_apis_size = ABSOLUTE ((. - _ext_apis_start))
                0x00000000000060c4                _ext_apis_req_start = .
 *(SORT_BY_ALIGNMENT(.ext_apis_req))
                0x0000000000000000                _ext_apis_req_size = ABSOLUTE ((. - _ext_apis_req_start))
                0x00000000000060c4                . = ALIGN (0x4)
                0x00000000000060c4                _image_rodata_end = .
                0x00000000000060e0                . = ALIGN (_region_min_align)
                0x00000000000060e0                _image_rom_end = .
                0x0000000020000000                . = 0x20000000
                0x0000000020000000                . = ALIGN (_region_min_align)
                0x0000000020000000                _image_ram_start = .

.ramfunc        0x0000000020000000        0x0 load address 0x00000000000060c4
                0x0000000020000000                . = ALIGN (_region_min_align)
                0x0000000020000000                _ramfunc_ram_start = .
 *(SORT_BY_ALIGNMENT(.ramfunc))
 *(SORT_BY_ALIGNMENT(.ramfunc.*))
                0x0000000020000000                . = ALIGN (_region_min_align)
                0x0000000020000000                _ramfunc_ram_end = .
                0x0000000000000000                _ramfunc_ram_size = (_ramfunc_ram_end - _ramfunc_ram_start)
                0x00000000000060c4                _ramfunc_rom_start = LOADADDR (.ramfunc)

datas           0x0000000020000000       0xec load address 0x00000000000060c4
                0x0000000020000000                __data_ram_start = .
 *(SORT_BY_ALIGNMENT(.data))
 *(SORT_BY_ALIGNMENT(.data.*))
 .data._char_out
                0x0000000020000000        0x4 zephyr/libzephyr.a(printk.c.obj)
                0x0000000020000000                _char_out
 .data.asym_mutex
                0x0000000020000004        0x8 zephyr/libzephyr.a(nrf_cc3xx_platform_mutex_zephyr.c.obj)
 .data.power_mutex
                0x000000002000000c        0x8 zephyr/libzephyr.a(nrf_cc3xx_platform_mutex_zephyr.c.obj)
 .data.rng_mutex
                0x0000000020000014        0x8 zephyr/libzephyr.a(nrf_cc3xx_platform_mutex_zephyr.c.obj)
 .data.sym_mutex
                0x000000002000001c        0x8 zephyr/libzephyr.a(nrf_cc3xx_platform_mutex_zephyr.c.obj)
 .data._stdout_hook
                0x0000000020000024        0x4 zephyr/lib/libc/minimal/liblib__libc__minimal.a(stdout_console.c.obj)
 .data.twim_2_data
                0x0000000020000028       0x30 zephyr/drivers/i2c/libdrivers__i2c.a(i2c_nrfx_twim.c.obj)
 .data.uarte_0_data
                0x0000000020000058       0x14 zephyr/drivers/serial/libdrivers__serial.a(uart_nrfx_uarte.c.obj)
 .data.uarte_1_data
                0x000000002000006c       0x14 zephyr/drivers/serial/libdrivers__serial.a(uart_nrfx_uarte.c.obj)
 .data.SystemCoreClock
                0x0000000020000080        0x4 modules/nordic/lib..__modules__hal__nordic.a(system_nrf9160.c.obj)
                0x0000000020000080                SystemCoreClock
 .data.timeout_list
                0x0000000020000084        0x8 zephyr/kernel/libkernel.a(timeout.c.obj)
 .data.CCAsymCryptoMutex
                0x000000002000008c        0x4 modules/nrfxlib/nrf_security/src/mbedtls/cc310/libmbedcrypto_cc3xx.a(cc_pal.c.obj)
                0x000000002000008c                CCAsymCryptoMutex
 .data.CCPowerMutex
                0x0000000020000090        0x4 modules/nrfxlib/nrf_security/src/mbedtls/cc310/libmbedcrypto_cc3xx.a(cc_pal.c.obj)
                0x0000000020000090                CCPowerMutex
 .data.CCRndCryptoMutex
                0x0000000020000094        0x4 modules/nrfxlib/nrf_security/src/mbedtls/cc310/libmbedcrypto_cc3xx.a(cc_pal.c.obj)
                0x0000000020000094                CCRndCryptoMutex
 .data.CCSymCryptoMutex
                0x0000000020000098        0x4 modules/nrfxlib/nrf_security/src/mbedtls/cc310/libmbedcrypto_cc3xx.a(cc_pal.c.obj)
                0x0000000020000098                CCSymCryptoMutex
 .data.pCCRndCryptoMutex
                0x000000002000009c        0x4 modules/nrfxlib/nrf_security/src/mbedtls/cc310/libmbedcrypto_cc3xx.a(cc_pal.c.obj)
                0x000000002000009c                pCCRndCryptoMutex
 .data.platform_abort_apis
                0x00000000200000a0        0x8 /home/alejandro/nrf/ncs/nrfxlib/crypto/nrf_cc310_platform/lib/cortex-m33/hard-float/no-interrupts/libnrf_cc310_platform_0.9.4.a(nrf_cc3xx_platform_abort.c.obj)
                0x00000000200000a0                platform_abort_apis
 .data.asym_mutex
                0x00000000200000a8        0x8 /home/alejandro/nrf/ncs/nrfxlib/crypto/nrf_cc310_platform/lib/cortex-m33/hard-float/no-interrupts/libnrf_cc310_platform_0.9.4.a(nrf_cc3xx_platform_mutex.c.obj)
 .data.platform_mutex_apis
                0x00000000200000b0       0x10 /home/alejandro/nrf/ncs/nrfxlib/crypto/nrf_cc310_platform/lib/cortex-m33/hard-float/no-interrupts/libnrf_cc310_platform_0.9.4.a(nrf_cc3xx_platform_mutex.c.obj)
                0x00000000200000b0                platform_mutex_apis
 .data.platform_mutexes
                0x00000000200000c0       0x14 /home/alejandro/nrf/ncs/nrfxlib/crypto/nrf_cc310_platform/lib/cortex-m33/hard-float/no-interrupts/libnrf_cc310_platform_0.9.4.a(nrf_cc3xx_platform_mutex.c.obj)
                0x00000000200000c0                platform_mutexes
 .data.power_mutex
                0x00000000200000d4        0x8 /home/alejandro/nrf/ncs/nrfxlib/crypto/nrf_cc310_platform/lib/cortex-m33/hard-float/no-interrupts/libnrf_cc310_platform_0.9.4.a(nrf_cc3xx_platform_mutex.c.obj)
 .data.rng_mutex
                0x00000000200000dc        0x8 /home/alejandro/nrf/ncs/nrfxlib/crypto/nrf_cc310_platform/lib/cortex-m33/hard-float/no-interrupts/libnrf_cc310_platform_0.9.4.a(nrf_cc3xx_platform_mutex.c.obj)
 .data.sym_mutex
                0x00000000200000e4        0x8 /home/alejandro/nrf/ncs/nrfxlib/crypto/nrf_cc310_platform/lib/cortex-m33/hard-float/no-interrupts/libnrf_cc310_platform_0.9.4.a(nrf_cc3xx_platform_mutex.c.obj)
 *(SORT_BY_ALIGNMENT(.kernel.*))
                0x00000000000060c4                __data_rom_start = LOADADDR (datas)

devices         0x00000000200000ec       0x64 load address 0x00000000000061b0
                0x00000000200000ec                __device_start = .
                0x00000000200000ec                __device_PRE_KERNEL_1_start = .
 *(SORT_BY_NAME(SORT_BY_ALIGNMENT(.device_PRE_KERNEL_1[0-9]*)))
 .device_PRE_KERNEL_150
                0x00000000200000ec       0x10 zephyr/libzephyr.a(clock_control_nrf.c.obj)
 .device_PRE_KERNEL_150
                0x00000000200000fc       0x20 zephyr/drivers/serial/libdrivers__serial.a(uart_nrfx_uarte.c.obj)
 *(SORT_BY_NAME(SORT_BY_ALIGNMENT(.device_PRE_KERNEL_1[1-9][0-9]*)))
                0x000000002000011c                __device_PRE_KERNEL_2_start = .
 *(SORT_BY_NAME(SORT_BY_ALIGNMENT(.device_PRE_KERNEL_2[0-9]*)))
 .device_PRE_KERNEL_20
                0x000000002000011c       0x10 zephyr/libzephyr.a(sys_clock_init.c.obj)
 *(SORT_BY_NAME(SORT_BY_ALIGNMENT(.device_PRE_KERNEL_2[1-9][0-9]*)))
                0x000000002000012c                __device_POST_KERNEL_start = .
 *(SORT_BY_NAME(SORT_BY_ALIGNMENT(.device_POST_KERNEL[0-9]*)))
 .device_POST_KERNEL40
                0x000000002000012c       0x10 modules/nrf/drivers/hw_cc310/lib..__nrf__drivers__hw_cc310.a(hw_cc310.c.obj)
 .device_POST_KERNEL60
                0x000000002000013c       0x10 zephyr/drivers/i2c/libdrivers__i2c.a(i2c_nrfx_twim.c.obj)
 *(SORT_BY_NAME(SORT_BY_ALIGNMENT(.device_POST_KERNEL[1-9][0-9]*)))
                0x000000002000014c                __device_APPLICATION_start = .
 *(SORT_BY_NAME(SORT_BY_ALIGNMENT(.device_APPLICATION[0-9]*)))
 *(SORT_BY_NAME(SORT_BY_ALIGNMENT(.device_APPLICATION[1-9][0-9]*)))
                0x000000002000014c                __device_SMP_start = .
 *(SORT_BY_NAME(SORT_BY_ALIGNMENT(.device_SMP[0-9]*)))
 *(SORT_BY_NAME(SORT_BY_ALIGNMENT(.device_SMP[1-9][0-9]*)))
                0x000000002000014c                __device_end = .
 FILL mask 0x00
                0x000000002000014c                __device_init_status_start = .
                0x0000000020000150                . = (. + (((((__device_end - __device_start) / 0x10) + 0x1f) / 0x20) * 0x4))
 *fill*         0x000000002000014c        0x4 00
                0x0000000020000150                __device_init_status_end = .

initshell       0x0000000020000150        0x0 load address 0x0000000000006214
                0x0000000020000150                __shell_module_start = .
 *(SORT_BY_ALIGNMENT(.shell_module_*))
                0x0000000020000150                __shell_module_end = .
                0x0000000020000150                __shell_cmd_start = .
 *(SORT_BY_ALIGNMENT(.shell_cmd_*))
                0x0000000020000150                __shell_cmd_end = .

log_dynamic_sections
                0x0000000020000150        0x0 load address 0x0000000000006214
                0x0000000020000150                __log_dynamic_start = .
 *(SORT_BY_NAME(SORT_BY_ALIGNMENT(.log_dynamic_*)))
                0x0000000020000150                __log_dynamic_end = .

_static_thread_data_area
                0x0000000020000150        0x0 load address 0x0000000000006214
                0x0000000020000150                __static_thread_data_list_start = .
 *(SORT_BY_NAME(SORT_BY_ALIGNMENT(.__static_thread_data.static.*)))
                0x0000000020000150                __static_thread_data_list_end = .

k_timer_area    0x0000000020000150        0x0 load address 0x0000000000006214
                0x0000000020000150                _k_timer_list_start = .
 *(SORT_BY_NAME(SORT_BY_ALIGNMENT(._k_timer.static.*)))
                0x0000000020000150                _k_timer_list_end = .

k_mem_slab_area
                0x0000000020000150        0x0 load address 0x0000000000006214
                0x0000000020000150                _k_mem_slab_list_start = .
 *(SORT_BY_NAME(SORT_BY_ALIGNMENT(._k_mem_slab.static.*)))
                0x0000000020000150                _k_mem_slab_list_end = .

k_mem_pool_area
                0x0000000020000150        0x0 load address 0x0000000000006214
                0x0000000020000150                _k_mem_pool_list_start = .
 *(SORT_BY_NAME(SORT_BY_ALIGNMENT(._k_mem_pool.static.*)))
                0x0000000020000150                _k_mem_pool_list_end = .

k_heap_area     0x0000000020000150        0x0 load address 0x0000000000006214
                0x0000000020000150                _k_heap_list_start = .
 *(SORT_BY_NAME(SORT_BY_ALIGNMENT(._k_heap.static.*)))
                0x0000000020000150                _k_heap_list_end = .

k_mutex_area    0x0000000020000150       0x50 load address 0x0000000000006214
                0x0000000020000150                _k_mutex_list_start = .
 *(SORT_BY_NAME(SORT_BY_ALIGNMENT(._k_mutex.static.*)))
 ._k_mutex.static.asym_mutex_int
                0x0000000020000150       0x14 zephyr/libzephyr.a(nrf_cc3xx_platform_mutex_zephyr.c.obj)
                0x0000000020000150                asym_mutex_int
 ._k_mutex.static.power_mutex_int
                0x0000000020000164       0x14 zephyr/libzephyr.a(nrf_cc3xx_platform_mutex_zephyr.c.obj)
                0x0000000020000164                power_mutex_int
 ._k_mutex.static.rng_mutex_int
                0x0000000020000178       0x14 zephyr/libzephyr.a(nrf_cc3xx_platform_mutex_zephyr.c.obj)
                0x0000000020000178                rng_mutex_int
 ._k_mutex.static.sym_mutex_int
                0x000000002000018c       0x14 zephyr/libzephyr.a(nrf_cc3xx_platform_mutex_zephyr.c.obj)
                0x000000002000018c                sym_mutex_int
                0x00000000200001a0                _k_mutex_list_end = .

k_stack_area    0x00000000200001a0        0x0 load address 0x0000000000006264
                0x00000000200001a0                _k_stack_list_start = .
 *(SORT_BY_NAME(SORT_BY_ALIGNMENT(._k_stack.static.*)))
                0x00000000200001a0                _k_stack_list_end = .

k_msgq_area     0x00000000200001a0        0x0 load address 0x0000000000006264
                0x00000000200001a0                _k_msgq_list_start = .
 *(SORT_BY_NAME(SORT_BY_ALIGNMENT(._k_msgq.static.*)))
                0x00000000200001a0                _k_msgq_list_end = .

k_mbox_area     0x00000000200001a0        0x0 load address 0x0000000000006264
                0x00000000200001a0                _k_mbox_list_start = .
 *(SORT_BY_NAME(SORT_BY_ALIGNMENT(._k_mbox.static.*)))
                0x00000000200001a0                _k_mbox_list_end = .

k_pipe_area     0x00000000200001a0        0x0 load address 0x0000000000006264
                0x00000000200001a0                _k_pipe_list_start = .
 *(SORT_BY_NAME(SORT_BY_ALIGNMENT(._k_pipe.static.*)))
                0x00000000200001a0                _k_pipe_list_end = .

k_sem_area      0x00000000200001a0        0x0 load address 0x0000000000006264
                0x00000000200001a0                _k_sem_list_start = .
 *(SORT_BY_NAME(SORT_BY_ALIGNMENT(._k_sem.static.*)))
                0x00000000200001a0                _k_sem_list_end = .

k_queue_area    0x00000000200001a0        0x0 load address 0x0000000000006264
                0x00000000200001a0                _k_queue_list_start = .
 *(SORT_BY_NAME(SORT_BY_ALIGNMENT(._k_queue.static.*)))
                0x00000000200001a0                _k_queue_list_end = .

_net_buf_pool_area
                0x00000000200001a0        0x0 load address 0x0000000000006264
                0x00000000200001a0                _net_buf_pool_list = .
 *(SORT_BY_NAME(SORT_BY_ALIGNMENT(._net_buf_pool.static.*)))
                0x00000000200001a0                __data_ram_end = .

bss             0x00000000200001a0      0x746
                0x00000000200001a0                . = ALIGN (0x4)
                0x00000000200001a0                __bss_start = .
                0x00000000200001a0                __kernel_ram_start = .
 *(SORT_BY_ALIGNMENT(.bss))
 *(SORT_BY_ALIGNMENT(.bss.*))
 .bss.z_idle_threads
                0x00000000200001a0       0x80 zephyr/kernel/libkernel.a(init.c.obj)
                0x00000000200001a0                z_idle_threads
 .bss.z_main_thread
                0x0000000020000220       0x80 zephyr/kernel/libkernel.a(init.c.obj)
                0x0000000020000220                z_main_thread
 .bss.curr_tick
                0x00000000200002a0        0x8 zephyr/kernel/libkernel.a(timeout.c.obj)
 .bss.uart_console_dev
                0x00000000200002a8        0x4 zephyr/libzephyr.a(uart_console.c.obj)
 .bss.cli.11511
                0x00000000200002ac       0x10 zephyr/libzephyr.a(clock_control_nrf.c.obj)
 .bss.data      0x00000000200002bc       0x50 zephyr/libzephyr.a(clock_control_nrf.c.obj)
 .bss.hfclk_users
                0x000000002000030c        0x4 zephyr/libzephyr.a(clock_control_nrf.c.obj)
 .bss.on.11510  0x0000000020000310        0x4 zephyr/libzephyr.a(clock_control_nrf.c.obj)
 .bss.last_count
                0x0000000020000314        0x4 zephyr/libzephyr.a(nrf_rtc_timer.c.obj)
 .bss.i2c_dev   0x0000000020000318        0x4 zephyr/libzephyr.a(adp536x.c.obj)
 .bss.mutex_slab
                0x000000002000031c       0x1c zephyr/libzephyr.a(nrf_cc3xx_platform_mutex_zephyr.c.obj)
                0x000000002000031c                mutex_slab
 .bss.mutex_slab_buffer
                0x0000000020000338      0x500 zephyr/libzephyr.a(nrf_cc3xx_platform_mutex_zephyr.c.obj)
                0x0000000020000338                mutex_slab_buffer
 .bss.dyn_reg_info
                0x0000000020000838       0x14 zephyr/arch/arch/arm/core/aarch32/cortex_m/mpu/libarch__arm__core__aarch32__cortex_m__mpu.a(arm_mpu.c.obj)
 .bss.m_clock_cb
                0x000000002000084c        0x8 modules/nordic/lib..__modules__hal__nordic.a(nrfx_clock.c.obj)
 .bss.m_cb      0x0000000020000854       0x34 modules/nordic/lib..__modules__hal__nordic.a(nrfx_twim.c.obj)
 .bss._kernel   0x0000000020000888       0x30 zephyr/kernel/libkernel.a(sched.c.obj)
                0x0000000020000888                _kernel
 .bss.pending_current
                0x00000000200008b8        0x4 zephyr/kernel/libkernel.a(sched.c.obj)
 .bss.slice_max_prio
                0x00000000200008bc        0x4 zephyr/kernel/libkernel.a(sched.c.obj)
 .bss.slice_time
                0x00000000200008c0        0x4 zephyr/kernel/libkernel.a(sched.c.obj)
 .bss.announce_remaining
                0x00000000200008c4        0x4 zephyr/kernel/libkernel.a(timeout.c.obj)
 .bss.use_count
                0x00000000200008c8        0x4 modules/nrfxlib/nrf_security/src/mbedtls/cc310/libmbedcrypto_cc3xx.a(cc_pal_pm.c.obj)
 .bss.nrf_cc3xx_platform_initialized
                0x00000000200008cc        0x4 /home/alejandro/nrf/ncs/nrfxlib/crypto/nrf_cc310_platform/lib/cortex-m33/hard-float/no-interrupts/libnrf_cc310_platform_0.9.4.a(nrf_cc3xx_platform.c.obj)
 .bss.nrf_cc3xx_platform_rng_initialized
                0x00000000200008d0        0x4 /home/alejandro/nrf/ncs/nrfxlib/crypto/nrf_cc310_platform/lib/cortex-m33/hard-float/no-interrupts/libnrf_cc310_platform_0.9.4.a(nrf_cc3xx_platform.c.obj)
 .bss.asym_mutex_int
                0x00000000200008d4        0x4 /home/alejandro/nrf/ncs/nrfxlib/crypto/nrf_cc310_platform/lib/cortex-m33/hard-float/no-interrupts/libnrf_cc310_platform_0.9.4.a(nrf_cc3xx_platform_mutex.c.obj)
 .bss.power_mutex_int
                0x00000000200008d8        0x4 /home/alejandro/nrf/ncs/nrfxlib/crypto/nrf_cc310_platform/lib/cortex-m33/hard-float/no-interrupts/libnrf_cc310_platform_0.9.4.a(nrf_cc3xx_platform_mutex.c.obj)
 .bss.rng_mutex_int
                0x00000000200008dc        0x4 /home/alejandro/nrf/ncs/nrfxlib/crypto/nrf_cc310_platform/lib/cortex-m33/hard-float/no-interrupts/libnrf_cc310_platform_0.9.4.a(nrf_cc3xx_platform_mutex.c.obj)
 .bss.sym_mutex_int
                0x00000000200008e0        0x4 /home/alejandro/nrf/ncs/nrfxlib/crypto/nrf_cc310_platform/lib/cortex-m33/hard-float/no-interrupts/libnrf_cc310_platform_0.9.4.a(nrf_cc3xx_platform_mutex.c.obj)
 .bss.static_regions_num
                0x00000000200008e4        0x1 zephyr/arch/arch/arm/core/aarch32/cortex_m/mpu/libarch__arm__core__aarch32__cortex_m__mpu.a(arm_mpu.c.obj)
 .bss.z_sys_post_kernel
                0x00000000200008e5        0x1 zephyr/kernel/libkernel.a(init.c.obj)
                0x00000000200008e5                z_sys_post_kernel
 .bss.lock      0x00000000200008e6        0x0 zephyr/kernel/libkernel.a(mem_slab.c.obj)
 .bss.lock      0x00000000200008e6        0x0 zephyr/kernel/libkernel.a(mutex.c.obj)
 .bss.sched_spinlock
                0x00000000200008e6        0x0 zephyr/kernel/libkernel.a(sched.c.obj)
 .bss.lock      0x00000000200008e6        0x0 zephyr/kernel/libkernel.a(sem.c.obj)
 *(SORT_BY_ALIGNMENT(COMMON))
 *(SORT_BY_ALIGNMENT(.kernel_bss.*))
                0x00000000200008e8                __bss_end = ALIGN (0x4)

noinit          0x00000000200008e8      0xd40
 *(SORT_BY_ALIGNMENT(.noinit))
 *(SORT_BY_ALIGNMENT(.noinit.*))
 .noinit."WEST_TOPDIR/zephyr/kernel/init.c".2
                0x00000000200008e8      0x400 zephyr/kernel/libkernel.a(init.c.obj)
                0x00000000200008e8                z_main_stack
 .noinit."WEST_TOPDIR/zephyr/kernel/init.c".3
                0x0000000020000ce8      0x140 zephyr/kernel/libkernel.a(init.c.obj)
 .noinit."WEST_TOPDIR/zephyr/kernel/init.c".4
                0x0000000020000e28      0x800 zephyr/kernel/libkernel.a(init.c.obj)
                0x0000000020000e28                z_interrupt_stacks
 *(SORT_BY_ALIGNMENT(.kernel_noinit.*))
                0x0000000020001628                _image_ram_end = .
                0x0000000020001628                _end = .
                0x0000000020010000                __kernel_ram_end = 0x20010000
                0x000000000000fe60                __kernel_ram_size = (__kernel_ram_end - __kernel_ram_start)
                0x0000000000000001                ASSERT (((((_image_rom_start + _flash_used) - 0x1) / 0x8000) < 0x1), SPM and app are sharing an SPU region. Cannot partition flash correctly into secure and non-secure. Adjust partitions sizes so they are placed in separate regions.)

.intList        0x0000000020010000       0x38
 *(SORT_BY_ALIGNMENT(.irq_info*))
 .irq_info      0x0000000020010000        0x8 zephyr/arch/common/libisr_tables.a(isr_tables.c.obj)
                0x0000000020010000                _iheader
 *(SORT_BY_ALIGNMENT(.intList*))
 .intList       0x0000000020010008       0x10 zephyr/libzephyr.a(clock_control_nrf.c.obj)
 .intList       0x0000000020010018       0x10 zephyr/libzephyr.a(nrf_rtc_timer.c.obj)
 .intList       0x0000000020010028       0x10 zephyr/drivers/i2c/libdrivers__i2c.a(i2c_nrfx_twim.c.obj)

.gnu.sgstubs    0x0000000000006280     0x1d80
                0x0000000000007fe0                . = ((ALIGN (0x8000) - MAX (0x20, (0x1 << LOG2CEIL (__sg_size)))) + (ABSOLUTE (.) > (ALIGN (0x8000) - MAX (0x20, (0x1 << LOG2CEIL (__sg_size)))))?0x8000:0x0)
 *fill*         0x0000000000006280     0x1d60 
                0x0000000000007fe0                __sg_start = .
 .gnu.sgstubs.__stub
                0x0000000000007fe0       0x18 linker stubs
                0x0000000000007fe0                spm_firmware_info_nse
                0x0000000000007fe8                spm_request_random_number_nse
                0x0000000000007ff0                spm_request_read_nse
                0x0000000000008000                __sg_end = .
                0x0000000000000020                __sg_size = (__sg_end - __sg_start)
                0x0000000000008000                . = ALIGN (0x8000)
                0x0000000000000020                __nsc_size = (. - __sg_start)
                0x0000000000000001                ASSERT (((__sg_size == 0x0) || ((((0x1 << LOG2CEIL ((0x8000 - (__sg_start % 0x8000)))) == (0x8000 - (__sg_start % 0x8000))) && ((0x8000 - (__sg_start % 0x8000)) >= 0x20)) && ((0x8000 - (__sg_start % 0x8000)) <= 0x1000))), The Non-Secure Callable region size must be a power of 2 between 32 and 4096 bytes.)

.stab
 *(SORT_BY_ALIGNMENT(.stab))

.stabstr
 *(SORT_BY_ALIGNMENT(.stabstr))

.stab.excl
 *(SORT_BY_ALIGNMENT(.stab.excl))

.stab.exclstr
 *(SORT_BY_ALIGNMENT(.stab.exclstr))

.stab.index
 *(SORT_BY_ALIGNMENT(.stab.index))

.stab.indexstr
 *(SORT_BY_ALIGNMENT(.stab.indexstr))

.gnu.build.attributes
 *(SORT_BY_ALIGNMENT(.gnu.build.attributes) SORT_BY_ALIGNMENT(.gnu.build.attributes.*))

.comment        0x0000000000000000       0xef
 *(SORT_BY_ALIGNMENT(.comment))
 .comment       0x0000000000000000       0x76 app/libapp.a(main.c.obj)
                                         0x77 (size before relaxing)
 .comment       0x0000000000000076       0x77 zephyr/libzephyr.a(notify.c.obj)
 .comment       0x0000000000000076       0x77 zephyr/libzephyr.a(printk.c.obj)
 .comment       0x0000000000000076       0x77 zephyr/libzephyr.a(onoff.c.obj)
 .comment       0x0000000000000076       0x77 zephyr/libzephyr.a(thread_entry.c.obj)
 .comment       0x0000000000000076       0x77 zephyr/libzephyr.a(heap.c.obj)
 .comment       0x0000000000000076       0x77 zephyr/libzephyr.a(configs.c.obj)
 .comment       0x0000000000000076       0x77 zephyr/libzephyr.a(soc.c.obj)
 .comment       0x0000000000000076       0x77 zephyr/libzephyr.a(reboot.c.obj)
 .comment       0x0000000000000076       0x77 zephyr/libzephyr.a(uart_console.c.obj)
 .comment       0x0000000000000076       0x77 zephyr/libzephyr.a(clock_control_nrf.c.obj)
 .comment       0x0000000000000076       0x77 zephyr/libzephyr.a(sys_clock_init.c.obj)
 .comment       0x0000000000000076       0x77 zephyr/libzephyr.a(nrf_rtc_timer.c.obj)
 .comment       0x0000000000000076       0x77 zephyr/libzephyr.a(adp536x.c.obj)
 .comment       0x0000000000000076       0x77 zephyr/libzephyr.a(spm.c.obj)