Archive member included to satisfy reference by file (symbol)

app/libapp.a(main.c.obj)      (--whole-archive)
zephyr/libzephyr.a(crc32_sw.c.obj)
                              (--whole-archive)
zephyr/libzephyr.a(crc16_sw.c.obj)
                              (--whole-archive)
zephyr/libzephyr.a(crc8_sw.c.obj)
                              (--whole-archive)
zephyr/libzephyr.a(crc7_sw.c.obj)
                              (--whole-archive)
zephyr/libzephyr.a(dec.c.obj)
                              (--whole-archive)
zephyr/libzephyr.a(fdtable.c.obj)
                              (--whole-archive)
zephyr/libzephyr.a(hex.c.obj)
                              (--whole-archive)
zephyr/libzephyr.a(mempool.c.obj)
                              (--whole-archive)
zephyr/libzephyr.a(notify.c.obj)
                              (--whole-archive)
zephyr/libzephyr.a(printk.c.obj)
                              (--whole-archive)
zephyr/libzephyr.a(onoff.c.obj)
                              (--whole-archive)
zephyr/libzephyr.a(rb.c.obj)  (--whole-archive)
zephyr/libzephyr.a(sem.c.obj)
                              (--whole-archive)
zephyr/libzephyr.a(thread_entry.c.obj)
                              (--whole-archive)
zephyr/libzephyr.a(timeutil.c.obj)
                              (--whole-archive)
zephyr/libzephyr.a(work_q.c.obj)
                              (--whole-archive)
zephyr/libzephyr.a(heap.c.obj)
                              (--whole-archive)
zephyr/libzephyr.a(heap-validate.c.obj)
                              (--whole-archive)
zephyr/libzephyr.a(prf.c.obj)
                              (--whole-archive)
zephyr/libzephyr.a(configs.c.obj)
                              (--whole-archive)
zephyr/libzephyr.a(soc.c.obj)
                              (--whole-archive)
zephyr/libzephyr.a(power.c.obj)
                              (--whole-archive)
zephyr/libzephyr.a(validate_base_addresses.c.obj)
                              (--whole-archive)
zephyr/libzephyr.a(validate_enabled_instances.c.obj)
                              (--whole-archive)
zephyr/libzephyr.a(power.c.obj)
                              (--whole-archive)
zephyr/libzephyr.a(reboot.c.obj)
                              (--whole-archive)
zephyr/libzephyr.a(policy_residency.c.obj)
                              (--whole-archive)
zephyr/libzephyr.a(uart_console.c.obj)
                              (--whole-archive)
zephyr/libzephyr.a(clock_control_nrf.c.obj)
                              (--whole-archive)
zephyr/libzephyr.a(sys_clock_init.c.obj)
                              (--whole-archive)
zephyr/libzephyr.a(nrf_rtc_timer.c.obj)
                              (--whole-archive)
zephyr/libzephyr.a(adp536x.c.obj)
                              (--whole-archive)
zephyr/libzephyr.a(secure_services_ns.c.obj)
                              (--whole-archive)
zephyr/arch/common/libarch__common.a(sw_isr_common.c.obj)
                              (--whole-archive)
zephyr/arch/arch/arm/core/aarch32/libarch__arm__core__aarch32.a(swap.c.obj)
                              (--whole-archive)
zephyr/arch/arch/arm/core/aarch32/libarch__arm__core__aarch32.a(irq_manage.c.obj)
                              (--whole-archive)
zephyr/arch/arch/arm/core/aarch32/libarch__arm__core__aarch32.a(thread.c.obj)
                              (--whole-archive)
zephyr/arch/arch/arm/core/aarch32/libarch__arm__core__aarch32.a(fatal.c.obj)
                              (--whole-archive)
zephyr/arch/arch/arm/core/aarch32/libarch__arm__core__aarch32.a(nmi.c.obj)
                              (--whole-archive)
zephyr/arch/arch/arm/core/aarch32/libarch__arm__core__aarch32.a(prep_c.c.obj)
                              (--whole-archive)
zephyr/arch/arch/arm/core/aarch32/libarch__arm__core__aarch32.a(swap_helper.S.obj)
                              (--whole-archive)
zephyr/arch/arch/arm/core/aarch32/libarch__arm__core__aarch32.a(cpu_idle.S.obj)
                              (--whole-archive)
zephyr/arch/arch/arm/core/aarch32/libarch__arm__core__aarch32.a(nmi_on_reset.S.obj)
                              (--whole-archive)
zephyr/arch/arch/arm/core/aarch32/libarch__arm__core__aarch32.a(isr_wrapper.S.obj)
                              (--whole-archive)
zephyr/arch/arch/arm/core/aarch32/cortex_m/libarch__arm__core__aarch32__cortex_m.a(vector_table.S.obj)
                              (--whole-archive)
zephyr/arch/arch/arm/core/aarch32/cortex_m/libarch__arm__core__aarch32__cortex_m.a(reset.S.obj)
                              (--whole-archive)
zephyr/arch/arch/arm/core/aarch32/cortex_m/libarch__arm__core__aarch32__cortex_m.a(fault_s.S.obj)
                              (--whole-archive)
zephyr/arch/arch/arm/core/aarch32/cortex_m/libarch__arm__core__aarch32__cortex_m.a(exc_exit.S.obj)
                              (--whole-archive)
zephyr/arch/arch/arm/core/aarch32/cortex_m/libarch__arm__core__aarch32__cortex_m.a(fault.c.obj)
                              (--whole-archive)
[...]
Memory Configuration

Name             Origin             Length             Attributes
FLASH            0x000000000000c000 0x00000000000f4000 xr
SRAM             0x0000000020010000 0x0000000000030000 xw
IDT_LIST         0x0000000020040000 0x0000000000000800 xw
*default*        0x0000000000000000 0xffffffffffffffff

Linker script and memory map

LOAD zephyr/CMakeFiles/zephyr_prebuilt.dir/misc/empty_file.c.obj
                0x0000000000000020                _region_min_align = 0x20

.rel.plt        0x000000000000c000        0x0
 *(SORT_BY_ALIGNMENT(.rel.plt))
                [!provide]                        PROVIDE (__rel_iplt_start = .)
 *(SORT_BY_ALIGNMENT(.rel.iplt))
 .rel.iplt      0x000000000000c000        0x0 app/libapp.a(main.c.obj)
                [!provide]                        PROVIDE (__rel_iplt_end = .)

.rela.plt       0x0000000000000000        0x0
 *(SORT_BY_ALIGNMENT(.rela.plt))
                [!provide]                        PROVIDE (__rela_iplt_start = .)
 *(SORT_BY_ALIGNMENT(.rela.iplt))
                [!provide]                        PROVIDE (__rela_iplt_end = .)

.rel.dyn
 *(SORT_BY_ALIGNMENT(.rel.*))

.rela.dyn
 *(SORT_BY_ALIGNMENT(.rela.*))

/DISCARD/
 *(SORT_BY_ALIGNMENT(.plt))
 *(SORT_BY_ALIGNMENT(.iplt))
 *(SORT_BY_ALIGNMENT(.got.plt))
 *(SORT_BY_ALIGNMENT(.igot.plt))
 *(SORT_BY_ALIGNMENT(.got))
 *(SORT_BY_ALIGNMENT(.igot))
 *(SORT_BY_ALIGNMENT(.note.GNU-stack))
                0x000000000000c000                _image_rom_start = 0xc000

rom_start       0x000000000000c000      0x23c
                0x0000000000000000                . = 0x0
                0x0000000000000000                . = ALIGN (0x4)
                0x0000000000000000                . = ALIGN (0x80)
                0x0000000000000000                . = ALIGN (0x200)
                0x000000000000c000                _vector_start = .
 *(SORT_BY_ALIGNMENT(.exc_vector_table))
 *(SORT_BY_ALIGNMENT(.exc_vector_table.*))
 .exc_vector_table._vector_table_section
                0x000000000000c000       0x40 zephyr/arch/arch/arm/core/aarch32/cortex_m/libarch__arm__core__aarch32__cortex_m.a(vector_table.S.obj)
                0x000000000000c000                _vector_table
 *(SORT_BY_ALIGNMENT(.gnu.linkonce.irq_vector_table*))
 .gnu.linkonce.irq_vector_table*
                0x000000000000c040      0x104 zephyr/arch/common/libisr_tables.a(isr_tables.c.obj)
                0x000000000000c040                _irq_vector_table
 *(SORT_BY_ALIGNMENT(.vectors))
                0x000000000000c144                _vector_end = .
 *(SORT_BY_ALIGNMENT(.openocd_dbg))
 *(SORT_BY_ALIGNMENT(.openocd_dbg.*))
                0x0000000000000200                . = 0x200
 *fill*         0x000000000000c144       0xbc 
                0x000000000000c200                _fw_info_start = .
 *(SORT_BY_NAME(SORT_BY_ALIGNMENT(.firmware_info*)))
 .firmware_info
                0x000000000000c200       0x3c modules/nrf/subsys/fw_info/lib..__nrf__subsys__fw_info.a(fw_info.c.obj)
                0x000000000000c200                m_firmware_info
                0x000000000000003c                _fw_info_size = ABSOLUTE ((. - _fw_info_start))

text            0x000000000000c23c     0x42fe
                0x000000000000c23c                _image_text_start = .
 *(SORT_BY_ALIGNMENT(.text))
 .text          0x000000000000c23c       0x30 /opt/gnuarmemb/bin/../lib/gcc/arm-none-eabi/8.3.1/thumb/v8-m.main/nofp/libgcc.a(_aeabi_uldivmod.o)
                0x000000000000c23c                __aeabi_uldivmod
 .text          0x000000000000c26c      0x2c8 /opt/gnuarmemb/bin/../lib/gcc/arm-none-eabi/8.3.1/thumb/v8-m.main/nofp/libgcc.a(_udivmoddi4.o)
                0x000000000000c26c                __udivmoddi4
 .text          0x000000000000c534        0x4 /opt/gnuarmemb/bin/../lib/gcc/arm-none-eabi/8.3.1/thumb/v8-m.main/nofp/libgcc.a(_dvmd_tls.o)
                0x000000000000c534                __aeabi_ldiv0
                0x000000000000c534                __aeabi_idiv0
 *(SORT_BY_ALIGNMENT(.text.*))
 .text.toggle_nmos
                0x000000000000c538       0x60 app/libapp.a(main.c.obj)
                0x000000000000c538                toggle_nmos
 .text.main     0x000000000000c598       0x3c app/libapp.a(main.c.obj)
                0x000000000000c598                main
 .text.char_out
                0x000000000000c5d4       0x10 zephyr/libzephyr.a(printk.c.obj)
 .text.print_digits.part.0
                0x000000000000c5e4       0x94 zephyr/libzephyr.a(printk.c.obj)
 .text.__printk_hook_install
                0x000000000000c678        0xc zephyr/libzephyr.a(printk.c.obj)
                0x000000000000c678                __printk_hook_install
 .text.vprintk  0x000000000000c684       0x1c zephyr/libzephyr.a(printk.c.obj)
                0x000000000000c684                vprintk
 .text.process_event
                0x000000000000c6a0      0x1bc zephyr/libzephyr.a(onoff.c.obj)
 .text.nordicsemi_nrf91_init
                0x000000000000c85c       0x28 zephyr/libzephyr.a(soc.c.obj)
 .text.arch_busy_wait
                0x000000000000c884       0x14 zephyr/libzephyr.a(soc.c.obj)
                0x000000000000c884                arch_busy_wait
 .text.uart_console_init
                0x000000000000c898       0x2c zephyr/libzephyr.a(uart_console.c.obj)
 .text.console_out
                0x000000000000c8c4       0x28 zephyr/libzephyr.a(uart_console.c.obj)
 .text.onoff_stop
                0x000000000000c8ec       0x48 zephyr/libzephyr.a(clock_control_nrf.c.obj)
 .text.onoff_start
                0x000000000000c934       0x58 zephyr/libzephyr.a(clock_control_nrf.c.obj)
 .text.clk_init
                0x000000000000c98c       0x60 zephyr/libzephyr.a(clock_control_nrf.c.obj)
 .text.clkstarted_handle.constprop.10
                0x000000000000c9ec       0x34 zephyr/libzephyr.a(clock_control_nrf.c.obj)
 .text.generic_hfclk_start
                0x000000000000ca20       0x64 zephyr/libzephyr.a(clock_control_nrf.c.obj)
 .text.clock_event_handler
                0x000000000000ca84       0x1c zephyr/libzephyr.a(clock_control_nrf.c.obj)
 .text.generic_hfclk_stop
                0x000000000000caa0       0x24 zephyr/libzephyr.a(clock_control_nrf.c.obj)
 .text.api_blocking_start
                0x000000000000cac4       0x38 zephyr/libzephyr.a(clock_control_nrf.c.obj)
 .text.z_nrf_clock_control_lf_on
                0x000000000000cafc       0xfc zephyr/libzephyr.a(clock_control_nrf.c.obj)
                0x000000000000cafc                z_nrf_clock_control_lf_on
 .text.handle_next_cycle_case
                0x000000000000cbf8       0x28 zephyr/libzephyr.a(nrf_rtc_timer.c.obj)
 .text.rtc_nrf_isr
                0x000000000000cc20       0x2c zephyr/libzephyr.a(nrf_rtc_timer.c.obj)
                0x000000000000cc20                rtc_nrf_isr
 .text.z_clock_driver_init
                0x000000000000cc4c       0x54 zephyr/libzephyr.a(nrf_rtc_timer.c.obj)
                0x000000000000cc4c                z_clock_driver_init
 .text.z_clock_set_timeout
                0x000000000000cca0       0xcc zephyr/libzephyr.a(nrf_rtc_timer.c.obj)
                0x000000000000cca0                z_clock_set_timeout
 .text.z_clock_elapsed
                0x000000000000cd6c       0x34 zephyr/libzephyr.a(nrf_rtc_timer.c.obj)
                0x000000000000cd6c                z_clock_elapsed
 .text.arch_swap
                0x000000000000cda0       0x34 zephyr/arch/arch/arm/core/aarch32/libarch__arm__core__aarch32.a(swap.c.obj)
                0x000000000000cda0                arch_swap
 .text.arch_irq_enable
                0x000000000000cdd4       0x20 zephyr/arch/arch/arm/core/aarch32/libarch__arm__core__aarch32.a(irq_manage.c.obj)
                0x000000000000cdd4                arch_irq_enable
 .text.arch_irq_is_enabled
                0x000000000000cdf4       0x1c zephyr/arch/arch/arm/core/aarch32/libarch__arm__core__aarch32.a(irq_manage.c.obj)
                0x000000000000cdf4                arch_irq_is_enabled
 .text.z_arm_irq_priority_set
                0x000000000000ce10       0x30 zephyr/arch/arch/arm/core/aarch32/libarch__arm__core__aarch32.a(irq_manage.c.obj)
                0x000000000000ce10                z_arm_irq_priority_set
 .text.arch_new_thread
                0x000000000000ce40       0x38 zephyr/arch/arch/arm/core/aarch32/libarch__arm__core__aarch32.a(thread.c.obj)
                0x000000000000ce40                arch_new_thread
 .text.arch_switch_to_main_thread
                0x000000000000ce78       0x34 zephyr/arch/arch/arm/core/aarch32/libarch__arm__core__aarch32.a(thread.c.obj)
                0x000000000000ce78                arch_switch_to_main_thread
 .text.z_arm_prep_c
                0x000000000000ceac       0x44 zephyr/arch/arch/arm/core/aarch32/libarch__arm__core__aarch32.a(prep_c.c.obj)
                0x000000000000ceac                z_arm_prep_c
 .text.z_arm_pendsv
                0x000000000000cef0       0x58 zephyr/arch/arch/arm/core/aarch32/libarch__arm__core__aarch32.a(swap_helper.S.obj)
                0x000000000000cef0                z_arm_pendsv
 .text.z_arm_svc
                0x000000000000cf48       0x20 zephyr/arch/arch/arm/core/aarch32/libarch__arm__core__aarch32.a(swap_helper.S.obj)
                0x000000000000cf48                z_arm_svc
 .text.z_arm_cpu_idle_init
                0x000000000000cf68        0xc zephyr/arch/arch/arm/core/aarch32/libarch__arm__core__aarch32.a(cpu_idle.S.obj)
                0x000000000000cf68                z_arm_cpu_idle_init
 .text.arch_cpu_idle
                0x000000000000cf74       0x1c zephyr/arch/arch/arm/core/aarch32/libarch__arm__core__aarch32.a(cpu_idle.S.obj)
                0x000000000000cf74                arch_cpu_idle
 .text.arch_cpu_atomic_idle
                0x000000000000cf90       0x14 zephyr/arch/arch/arm/core/aarch32/libarch__arm__core__aarch32.a(cpu_idle.S.obj)
                0x000000000000cf90                arch_cpu_atomic_idle
 .text.z_SysNmiOnReset
                0x000000000000cfa4        0x8 zephyr/arch/arch/arm/core/aarch32/libarch__arm__core__aarch32.a(nmi_on_reset.S.obj)
                0x000000000000cfa4                z_SysNmiOnReset
 .text._isr_wrapper
                0x000000000000cfac       0x40 zephyr/arch/arch/arm/core/aarch32/libarch__arm__core__aarch32.a(isr_wrapper.S.obj)
                0x000000000000cfac                _isr_wrapper
 .text._reset_section
                0x000000000000cfec       0x30 zephyr/arch/arch/arm/core/aarch32/cortex_m/libarch__arm__core__aarch32__cortex_m.a(reset.S.obj)
                0x000000000000cfec                z_arm_reset
                0x000000000000cfec                __start
 .text.__fault  0x000000000000d01c       0x14 zephyr/arch/arch/arm/core/aarch32/cortex_m/libarch__arm__core__aarch32__cortex_m.a(fault_s.S.obj)
                0x000000000000d01c                z_arm_bus_fault
                0x000000000000d01c                z_arm_usage_fault
                0x000000000000d01c                z_arm_mpu_fault
                0x000000000000d01c                z_arm_exc_spurious
                0x000000000000d01c                z_arm_debug_monitor
                0x000000000000d01c                z_arm_hard_fault
 .text._HandlerModeExit
                0x000000000000d030       0x1c zephyr/arch/arch/arm/core/aarch32/cortex_m/libarch__arm__core__aarch32__cortex_m.a(exc_exit.S.obj)
                0x000000000000d030                z_arm_exc_exit
                0x000000000000d030                z_arm_int_exit
 .text.mem_manage_fault.isra.2
                0x000000000000d04c       0x38 zephyr/arch/arch/arm/core/aarch32/cortex_m/libarch__arm__core__aarch32__cortex_m.a(fault.c.obj)
 .text.bus_fault.isra.3
                0x000000000000d084       0x3c zephyr/arch/arch/arm/core/aarch32/cortex_m/libarch__arm__core__aarch32__cortex_m.a(fault.c.obj)
 .text.usage_fault.isra.4
                0x000000000000d0c0       0x2c zephyr/arch/arch/arm/core/aarch32/cortex_m/libarch__arm__core__aarch32__cortex_m.a(fault.c.obj)
 .text.z_arm_fault
                0x000000000000d0ec       0xf8 zephyr/arch/arch/arm/core/aarch32/cortex_m/libarch__arm__core__aarch32__cortex_m.a(fault.c.obj)
                0x000000000000d0ec                z_arm_fault
 .text.z_arm_fault_init
                0x000000000000d1e4       0x18 zephyr/arch/arch/arm/core/aarch32/cortex_m/libarch__arm__core__aarch32__cortex_m.a(fault.c.obj)
                0x000000000000d1e4                z_arm_fault_init
 .text.sys_arch_reboot
                0x000000000000d1fc       0x24 zephyr/arch/arch/arm/core/aarch32/cortex_m/libarch__arm__core__aarch32__cortex_m.a(scb.c.obj)
                0x000000000000d1fc                sys_arch_reboot
 .text.z_arm_interrupt_init
                0x000000000000d220       0x18 zephyr/arch/arch/arm/core/aarch32/cortex_m/libarch__arm__core__aarch32__cortex_m.a(irq_init.c.obj)
                0x000000000000d220                z_arm_interrupt_init
 .text.z_impl_k_thread_abort
                0x000000000000d238       0x58 zephyr/arch/arch/arm/core/aarch32/cortex_m/libarch__arm__core__aarch32__cortex_m.a(thread_abort.c.obj)
                0x000000000000d238                z_impl_k_thread_abort
 .text.z_arm_configure_static_mpu_regions
                0x000000000000d290       0x54 zephyr/arch/arch/arm/core/aarch32/cortex_m/mpu/libarch__arm__core__aarch32__cortex_m__mpu.a(arm_core_mpu.c.obj)
                0x000000000000d290                z_arm_configure_static_mpu_regions
 .text.region_init
                0x000000000000d2e4       0x30 zephyr/arch/arch/arm/core/aarch32/cortex_m/mpu/libarch__arm__core__aarch32__cortex_m__mpu.a(arm_mpu.c.obj)
 .text.mpu_configure_regions_and_partition.constprop.1
                0x000000000000d314      0x134 zephyr/arch/arch/arm/core/aarch32/cortex_m/mpu/libarch__arm__core__aarch32__cortex_m__mpu.a(arm_mpu.c.obj)
 .text.arm_core_mpu_enable
                0x000000000000d448       0x14 zephyr/arch/arch/arm/core/aarch32/cortex_m/mpu/libarch__arm__core__aarch32__cortex_m__mpu.a(arm_mpu.c.obj)
                0x000000000000d448                arm_core_mpu_enable
 .text.arm_core_mpu_disable
                0x000000000000d45c       0x10 zephyr/arch/arch/arm/core/aarch32/cortex_m/mpu/libarch__arm__core__aarch32__cortex_m__mpu.a(arm_mpu.c.obj)
                0x000000000000d45c                arm_core_mpu_disable
 .text.arm_mpu_init
                0x000000000000d46c       0x4c zephyr/arch/arch/arm/core/aarch32/cortex_m/mpu/libarch__arm__core__aarch32__cortex_m__mpu.a(arm_mpu.c.obj)
 .text.arm_core_mpu_configure_static_mpu_regions
                0x000000000000d4b8       0x14 zephyr/arch/arch/arm/core/aarch32/cortex_m/mpu/libarch__arm__core__aarch32__cortex_m__mpu.a(arm_mpu.c.obj)
                0x000000000000d4b8                arm_core_mpu_configure_static_mpu_regions
 .text.arm_core_mpu_mark_areas_for_dynamic_regions
                0x000000000000d4cc       0xa8 zephyr/arch/arch/arm/core/aarch32/cortex_m/mpu/libarch__arm__core__aarch32__cortex_m__mpu.a(arm_mpu.c.obj)
                0x000000000000d4cc                arm_core_mpu_mark_areas_for_dynamic_regions
 .text.__stdout_hook_install
                0x000000000000d574        0xc zephyr/lib/libc/minimal/liblib__libc__minimal.a(stdout_console.c.obj)
                0x000000000000d574                __stdout_hook_install
 .text.nrf_gpio_cfg_sense_set
                0x000000000000d580       0x20 zephyr/drivers/gpio/libdrivers__gpio.a(gpio_nrfx.c.obj)
 .text.gpio_nrfx_init
                0x000000000000d5a0       0x30 zephyr/drivers/gpio/libdrivers__gpio.a(gpio_nrfx.c.obj)
 .text.gpio_nrfx_config
                0x000000000000d5d0       0xb4 zephyr/drivers/gpio/libdrivers__gpio.a(gpio_nrfx.c.obj)
 .text.gpio_nrfx_pin_interrupt_configure
                0x000000000000d684      0x1c0 zephyr/drivers/gpio/libdrivers__gpio.a(gpio_nrfx.c.obj)
 .text.gpiote_event_handler
                0x000000000000d844      0x108 zephyr/drivers/gpio/libdrivers__gpio.a(gpio_nrfx.c.obj)
 .text.twim_2_init
                0x000000000000d94c       0x34 zephyr/drivers/i2c/libdrivers__i2c.a(i2c_nrfx_twim.c.obj)
 .text.event_handler
                0x000000000000d980       0x34 zephyr/drivers/i2c/libdrivers__i2c.a(i2c_nrfx_twim.c.obj)
 .text.i2c_nrfx_twim_transfer
                0x000000000000d9b4      0x168 zephyr/drivers/i2c/libdrivers__i2c.a(i2c_nrfx_twim.c.obj)
 .text.spi_3_init
                0x000000000000db1c       0x40 zephyr/drivers/spi/libdrivers__spi.a(spi_nrfx_spim.c.obj)
 .text.transfer_next_chunk
                0x000000000000db5c       0xa4 zephyr/drivers/spi/libdrivers__spi.a(spi_nrfx_spim.c.obj)
 .text.spi_nrfx_transceive
                0x000000000000dc00      0x1c4 zephyr/drivers/spi/libdrivers__spi.a(spi_nrfx_spim.c.obj)
 .text.uarte_nrfx_configure
                0x000000000000ddc4      0x16c zephyr/drivers/serial/libdrivers__serial.a(uart_nrfx_uarte.c.obj)
 .text.uarte_instance_init.isra.2
                0x000000000000df30       0xb0 zephyr/drivers/serial/libdrivers__serial.a(uart_nrfx_uarte.c.obj)
 .text.uarte_0_init
                0x000000000000dfe0       0x20 zephyr/drivers/serial/libdrivers__serial.a(uart_nrfx_uarte.c.obj)
 .text.uarte_1_init
                0x000000000000e000       0x20 zephyr/drivers/serial/libdrivers__serial.a(uart_nrfx_uarte.c.obj)
 .text.check_ext_api_requests
                0x000000000000e020       0x9c modules/nrf/subsys/fw_info/lib..__nrf__subsys__fw_info.a(fw_info.c.obj)
 .text.SystemInit
                0x000000000000e0bc       0x10 modules/nordic/lib..__modules__hal__nordic.a(system_nrf9160.c.obj)
                0x000000000000e0bc                SystemInit
 .text.nrfx_clock_init
                0x000000000000e0cc       0x20 modules/nordic/lib..__modules__hal__nordic.a(nrfx_clock.c.obj)
                0x000000000000e0cc                nrfx_clock_init
 .text.nrfx_clock_start
                0x000000000000e0ec       0x64 modules/nordic/lib..__modules__hal__nordic.a(nrfx_clock.c.obj)
                0x000000000000e0ec                nrfx_clock_start
 .text.nrfx_clock_stop
                0x000000000000e150       0x80 modules/nordic/lib..__modules__hal__nordic.a(nrfx_clock.c.obj)
                0x000000000000e150                nrfx_clock_stop
 .text.nrfx_power_clock_irq_handler
                0x000000000000e1d0       0x68 modules/nordic/lib..__modules__hal__nordic.a(nrfx_clock.c.obj)
                0x000000000000e1d0                nrfx_power_clock_irq_handler
 .text.nrfx_spim_init
                0x000000000000e238      0x14c modules/nordic/lib..__modules__hal__nordic.a(nrfx_spim.c.obj)
                0x000000000000e238                nrfx_spim_init
 .text.nrfx_spim_xfer
                0x000000000000e384      0x12c modules/nordic/lib..__modules__hal__nordic.a(nrfx_spim.c.obj)
                0x000000000000e384                nrfx_spim_xfer
 .text.nrfx_spim_3_irq_handler
                0x000000000000e4b0       0x50 modules/nordic/lib..__modules__hal__nordic.a(nrfx_spim.c.obj)
                0x000000000000e4b0                nrfx_spim_3_irq_handler
 .text.nrfx_twim_init
                0x000000000000e500       0x8c modules/nordic/lib..__modules__hal__nordic.a(nrfx_twim.c.obj)
                0x000000000000e500                nrfx_twim_init
 .text.nrfx_twim_enable
                0x000000000000e58c       0x20 modules/nordic/lib..__modules__hal__nordic.a(nrfx_twim.c.obj)
                0x000000000000e58c                nrfx_twim_enable
 .text.nrfx_twim_disable
                0x000000000000e5ac       0x38 modules/nordic/lib..__modules__hal__nordic.a(nrfx_twim.c.obj)
                0x000000000000e5ac                nrfx_twim_disable
 .text.nrfx_twim_xfer
                0x000000000000e5e4      0x2ec modules/nordic/lib..__modules__hal__nordic.a(nrfx_twim.c.obj)
                0x000000000000e5e4                nrfx_twim_xfer
 .text.nrfx_twim_2_irq_handler
                0x000000000000e8d0      0x184 modules/nordic/lib..__modules__hal__nordic.a(nrfx_twim.c.obj)
                0x000000000000e8d0                nrfx_twim_2_irq_handler
 .text.z_sys_init_run_level
                0x000000000000ea54       0x50 zephyr/kernel/libkernel.a(device.c.obj)
                0x000000000000ea54                z_sys_init_run_level
 .text.z_device_ready
                0x000000000000eaa4       0x2c zephyr/kernel/libkernel.a(device.c.obj)
                0x000000000000eaa4                z_device_ready
 .text.z_impl_device_get_binding
                0x000000000000ead0       0x50 zephyr/kernel/libkernel.a(device.c.obj)
                0x000000000000ead0                z_impl_device_get_binding
 .text.idle     0x000000000000eb20       0x34 zephyr/kernel/libkernel.a(idle.c.obj)
                0x000000000000eb20                idle
 .text.z_bss_zero
                0x000000000000eb54       0x14 zephyr/kernel/libkernel.a(init.c.obj)
                0x000000000000eb54                z_bss_zero
 .text.z_data_copy
                0x000000000000eb68       0x34 zephyr/kernel/libkernel.a(init.c.obj)
                0x000000000000eb68                z_data_copy
 .text.bg_thread_main
                0x000000000000eb9c       0x48 zephyr/kernel/libkernel.a(init.c.obj)
 .text.z_cstart
                0x000000000000ebe4      0x100 zephyr/kernel/libkernel.a(init.c.obj)
                0x000000000000ebe4                z_cstart
 .text.z_reset_time_slice
                0x000000000000ece4       0x2c zephyr/kernel/libkernel.a(sched.c.obj)
                0x000000000000ece4                z_reset_time_slice
 .text.k_sched_time_slice_set
                0x000000000000ed10       0x58 zephyr/kernel/libkernel.a(sched.c.obj)
                0x000000000000ed10                k_sched_time_slice_set
 .text.z_reschedule
                0x000000000000ed68       0x24 zephyr/kernel/libkernel.a(sched.c.obj)
                0x000000000000ed68                z_reschedule
 .text.k_sched_lock
                0x000000000000ed8c       0x28 zephyr/kernel/libkernel.a(sched.c.obj)
                0x000000000000ed8c                k_sched_lock
 .text.z_priq_dumb_remove
                0x000000000000edb4       0x2c zephyr/kernel/libkernel.a(sched.c.obj)
                0x000000000000edb4                z_priq_dumb_remove
 .text.update_cache
                0x000000000000ede0       0x48 zephyr/kernel/libkernel.a(sched.c.obj)
 .text.k_sched_unlock
                0x000000000000ee28       0x38 zephyr/kernel/libkernel.a(sched.c.obj)
                0x000000000000ee28                k_sched_unlock
 .text.ready_thread
                0x000000000000ee60       0x60 zephyr/kernel/libkernel.a(sched.c.obj)
 .text.z_sched_start
                0x000000000000eec0       0x3c zephyr/kernel/libkernel.a(sched.c.obj)
                0x000000000000eec0                z_sched_start
 .text.move_thread_to_end_of_prio_q
                0x000000000000eefc       0x70 zephyr/kernel/libkernel.a(sched.c.obj)
 .text.z_time_slice
                0x000000000000ef6c       0x84 zephyr/kernel/libkernel.a(sched.c.obj)
                0x000000000000ef6c                z_time_slice
 .text.z_impl_k_thread_suspend
                0x000000000000eff0       0x68 zephyr/kernel/libkernel.a(sched.c.obj)
                0x000000000000eff0                z_impl_k_thread_suspend
 .text.z_thread_single_abort
                0x000000000000f058       0xb8 zephyr/kernel/libkernel.a(sched.c.obj)
                0x000000000000f058                z_thread_single_abort
 .text.unready_thread
                0x000000000000f110       0x38 zephyr/kernel/libkernel.a(sched.c.obj)
 .text.pend     0x000000000000f148       0x4c zephyr/kernel/libkernel.a(sched.c.obj)
 .text.z_pend_curr
                0x000000000000f194       0x28 zephyr/kernel/libkernel.a(sched.c.obj)
                0x000000000000f194                z_pend_curr
 .text.z_tick_sleep.part.21
                0x000000000000f1bc       0x5c zephyr/kernel/libkernel.a(sched.c.obj)
 .text.z_sched_init
                0x000000000000f218       0x18 zephyr/kernel/libkernel.a(sched.c.obj)
                0x000000000000f218                z_sched_init
 .text.z_impl_k_yield
                0x000000000000f230       0x98 zephyr/kernel/libkernel.a(sched.c.obj)
                0x000000000000f230                z_impl_k_yield
 .text.z_impl_k_sleep
                0x000000000000f2c8       0x40 zephyr/kernel/libkernel.a(sched.c.obj)
                0x000000000000f2c8                z_impl_k_sleep
 .text.z_impl_k_current_get
                0x000000000000f308        0xc zephyr/kernel/libkernel.a(sched.c.obj)
                0x000000000000f308                z_impl_k_current_get
 .text.z_impl_k_sem_give
                0x000000000000f314       0x40 zephyr/kernel/libkernel.a(sem.c.obj)
                0x000000000000f314                z_impl_k_sem_give
 .text.z_impl_k_sem_take
                0x000000000000f354       0x54 zephyr/kernel/libkernel.a(sem.c.obj)
                0x000000000000f354                z_impl_k_sem_take
 .text.z_setup_new_thread
                0x000000000000f3a8       0x5c zephyr/kernel/libkernel.a(thread.c.obj)
                0x000000000000f3a8                z_setup_new_thread
 .text.z_init_static_threads
                0x000000000000f404       0xbc zephyr/kernel/libkernel.a(thread.c.obj)
                0x000000000000f404                z_init_static_threads
 .text.elapsed  0x000000000000f4c0       0x14 zephyr/kernel/libkernel.a(timeout.c.obj)
 .text.remove_timeout
                0x000000000000f4d4       0x34 zephyr/kernel/libkernel.a(timeout.c.obj)
 .text.next_timeout
                0x000000000000f508       0x50 zephyr/kernel/libkernel.a(timeout.c.obj)
 .text.z_add_timeout
                0x000000000000f558      0x114 zephyr/kernel/libkernel.a(timeout.c.obj)
                0x000000000000f558                z_add_timeout
 .text.z_clock_announce
                0x000000000000f66c       0xd8 zephyr/kernel/libkernel.a(timeout.c.obj)
                0x000000000000f66c                z_clock_announce
 .text.z_tick_get
                0x000000000000f744       0x3c zephyr/kernel/libkernel.a(timeout.c.obj)
                0x000000000000f744                z_tick_get
 .text.statics_init
                0x000000000000f780       0x24 zephyr/kernel/libkernel.a(kheap.c.obj)
 .text.sys_notify_validate
                0x000000000000f7a4       0x22 zephyr/libzephyr.a(notify.c.obj)
                0x000000000000f7a4                sys_notify_validate
 .text.sys_notify_finalize
                0x000000000000f7c6       0x1a zephyr/libzephyr.a(notify.c.obj)
                0x000000000000f7c6                sys_notify_finalize
 .text.arch_printk_char_out
                0x000000000000f7e0        0x4 zephyr/libzephyr.a(printk.c.obj)
                0x000000000000f7e0                arch_printk_char_out
 .text.z_vprintk
                0x000000000000f7e4      0x228 zephyr/libzephyr.a(printk.c.obj)
                0x000000000000f7e4                z_vprintk
 .text.printk   0x000000000000fa0c       0x1a zephyr/libzephyr.a(printk.c.obj)
                0x000000000000fa0c                printk
 .text.process_recheck
                0x000000000000fa26       0x38 zephyr/libzephyr.a(onoff.c.obj)
 .text.notify_one
                0x000000000000fa5e       0x2c zephyr/libzephyr.a(onoff.c.obj)
 .text.transition_complete
                0x000000000000fa8a       0x1c zephyr/libzephyr.a(onoff.c.obj)
 .text.validate_args
                0x000000000000faa6       0x1e zephyr/libzephyr.a(onoff.c.obj)
 .text.onoff_manager_init
                0x000000000000fac4       0x26 zephyr/libzephyr.a(onoff.c.obj)
                0x000000000000fac4                onoff_manager_init
 .text.onoff_request
                0x000000000000faea       0x92 zephyr/libzephyr.a(onoff.c.obj)
                0x000000000000faea                onoff_request
 .text.z_thread_entry
                0x000000000000fb7c       0x14 zephyr/libzephyr.a(thread_entry.c.obj)
                0x000000000000fb7c                z_thread_entry
 .text.chunk_field
                0x000000000000fb90       0x16 zephyr/libzephyr.a(heap.c.obj)
 .text.chunk_set
                0x000000000000fba6       0x16 zephyr/libzephyr.a(heap.c.obj)
 .text.chunk_size
                0x000000000000fbbc        0xc zephyr/libzephyr.a(heap.c.obj)
 .text.set_chunk_used
                0x000000000000fbc8       0x30 zephyr/libzephyr.a(heap.c.obj)
 .text.set_chunk_size
                0x000000000000fbf8        0x8 zephyr/libzephyr.a(heap.c.obj)
 .text.bucket_idx
                0x000000000000fc00       0x1a zephyr/libzephyr.a(heap.c.obj)
 .text.free_list_add
                0x000000000000fc1a       0x8a zephyr/libzephyr.a(heap.c.obj)
 .text.sys_heap_init
                0x000000000000fca4       0xa2 zephyr/libzephyr.a(heap.c.obj)
                0x000000000000fca4                sys_heap_init
 .text._ConfigAbsSyms
                0x000000000000fd46        0x2 zephyr/libzephyr.a(configs.c.obj)
                0x000000000000fd46                _ConfigAbsSyms
 .text.z_platform_init
                0x000000000000fd48        0x4 zephyr/libzephyr.a(soc.c.obj)
                0x000000000000fd48                z_platform_init
 .text.get_status
                0x000000000000fd4c       0x12 zephyr/libzephyr.a(clock_control_nrf.c.obj)
 .text.set_off_state
                0x000000000000fd5e       0x32 zephyr/libzephyr.a(clock_control_nrf.c.obj)
 .text.set_starting_state
                0x000000000000fd90       0x3c zephyr/libzephyr.a(clock_control_nrf.c.obj)
 .text.set_on_state
                0x000000000000fdcc       0x26 zephyr/libzephyr.a(clock_control_nrf.c.obj)
 .text.onoff_started_callback
                0x000000000000fdf2       0x12 zephyr/libzephyr.a(clock_control_nrf.c.obj)
 .text.blocking_start_callback
                0x000000000000fe04        0x6 zephyr/libzephyr.a(clock_control_nrf.c.obj)
 .text.lfclk_stop
                0x000000000000fe0a        0x6 zephyr/libzephyr.a(clock_control_nrf.c.obj)
 .text.lfclk_start
                0x000000000000fe10        0x6 zephyr/libzephyr.a(clock_control_nrf.c.obj)
 .text.api_stop
                0x000000000000fe16       0x28 zephyr/libzephyr.a(clock_control_nrf.c.obj)
 .text.api_start
                0x000000000000fe3e       0x3c zephyr/libzephyr.a(clock_control_nrf.c.obj)
 .text.z_clock_isr
                0x000000000000fe7a        0x2 zephyr/libzephyr.a(sys_clock_init.c.obj)
                0x000000000000fe7a                z_clock_isr
 .text.z_clock_idle_exit
                0x000000000000fe7c        0x2 zephyr/libzephyr.a(sys_clock_init.c.obj)
                0x000000000000fe7c                z_clock_idle_exit
 .text.z_irq_spurious
                0x000000000000fe7e        0x8 zephyr/arch/arch/arm/core/aarch32/libarch__arm__core__aarch32.a(irq_manage.c.obj)
                0x000000000000fe7e                z_irq_spurious
 .text.configure_builtin_stack_guard
                0x000000000000fe86        0x8 zephyr/arch/arch/arm/core/aarch32/libarch__arm__core__aarch32.a(thread.c.obj)
                0x000000000000fe86                configure_builtin_stack_guard
 .text.z_arm_fatal_error
                0x000000000000fe8e        0x4 zephyr/arch/arch/arm/core/aarch32/libarch__arm__core__aarch32.a(fatal.c.obj)
                0x000000000000fe8e                z_arm_fatal_error
 .text.z_do_kernel_oops
                0x000000000000fe92        0x8 zephyr/arch/arch/arm/core/aarch32/libarch__arm__core__aarch32.a(fatal.c.obj)
                0x000000000000fe92                z_do_kernel_oops
 .text.z_arm_nmi
                0x000000000000fe9a        0xe zephyr/arch/arch/arm/core/aarch32/libarch__arm__core__aarch32.a(nmi.c.obj)
                0x000000000000fe9a                z_arm_nmi
 .text.mpu_configure_region
                0x000000000000fea8       0x44 zephyr/arch/arch/arm/core/aarch32/cortex_m/mpu/libarch__arm__core__aarch32__cortex_m__mpu.a(arm_mpu.c.obj)
 .text.arm_cmse_mpu_region_get
                0x000000000000feec       0x12 zephyr/arch/arch/arm/core/aarch32/cortex_m/cmse/libarch__arm__core__aarch32__cortex_m__cmse.a(arm_core_cmse.c.obj)
                0x000000000000feec                arm_cmse_mpu_region_get
 .text.strcmp   0x000000000000fefe       0x18 zephyr/lib/libc/minimal/liblib__libc__minimal.a(string.c.obj)
                0x000000000000fefe                strcmp
 .text.memcmp   0x000000000000ff16       0x20 zephyr/lib/libc/minimal/liblib__libc__minimal.a(string.c.obj)
                0x000000000000ff16                memcmp
 .text.memcpy   0x000000000000ff36       0x54 zephyr/lib/libc/minimal/liblib__libc__minimal.a(string.c.obj)
                0x000000000000ff36                memcpy
 .text.memset   0x000000000000ff8a       0x44 zephyr/lib/libc/minimal/liblib__libc__minimal.a(string.c.obj)
                0x000000000000ff8a                memset
 .text._stdout_hook_default
                0x000000000000ffce        0x6 zephyr/lib/libc/minimal/liblib__libc__minimal.a(stdout_console.c.obj)
 .text.thingy91_board_init
                0x000000000000ffd4        0x4 zephyr/boards/boards/arm/thingy91_nrf9160ns/lib..__nrf__boards__arm__thingy91_nrf9160.a(board_nonsecure.c.obj)
 .text.gpio_nrfx_port_get_raw
                0x000000000000ffd8        0xc zephyr/drivers/gpio/libdrivers__gpio.a(gpio_nrfx.c.obj)
 .text.gpio_nrfx_port_set_masked_raw
                0x000000000000ffe4       0x12 zephyr/drivers/gpio/libdrivers__gpio.a(gpio_nrfx.c.obj)
 .text.gpio_nrfx_port_set_bits_raw
                0x000000000000fff6        0xa zephyr/drivers/gpio/libdrivers__gpio.a(gpio_nrfx.c.obj)
 .text.gpio_nrfx_port_clear_bits_raw
                0x0000000000010000        0xa zephyr/drivers/gpio/libdrivers__gpio.a(gpio_nrfx.c.obj)
 .text.gpio_nrfx_port_toggle_bits
                0x000000000001000a        0xe zephyr/drivers/gpio/libdrivers__gpio.a(gpio_nrfx.c.obj)
 .text.gpio_nrfx_manage_callback
                0x0000000000010018       0x56 zephyr/drivers/gpio/libdrivers__gpio.a(gpio_nrfx.c.obj)
 .text.i2c_nrfx_twim_configure
                0x000000000001006e       0x32 zephyr/drivers/i2c/libdrivers__i2c.a(i2c_nrfx_twim.c.obj)
 .text.gpio_pin_set
                0x00000000000100a0       0x20 zephyr/drivers/spi/libdrivers__spi.a(spi_nrfx_spim.c.obj)
 .text._spi_context_cs_control.isra.5
                0x00000000000100c0       0x4a zephyr/drivers/spi/libdrivers__spi.a(spi_nrfx_spim.c.obj)
 .text.spi_context_unlock_unconditionally
                0x000000000001010a       0x1c zephyr/drivers/spi/libdrivers__spi.a(spi_nrfx_spim.c.obj)
 .text.spi_nrfx_release
                0x0000000000010126       0x24 zephyr/drivers/spi/libdrivers__spi.a(spi_nrfx_spim.c.obj)
 .text.event_handler
                0x000000000001014a       0x74 zephyr/drivers/spi/libdrivers__spi.a(spi_nrfx_spim.c.obj)
 .text.uarte_nrfx_config_get
                0x00000000000101be       0x12 zephyr/drivers/serial/libdrivers__serial.a(uart_nrfx_uarte.c.obj)
 .text.uarte_nrfx_err_check
                0x00000000000101d0        0xe zephyr/drivers/serial/libdrivers__serial.a(uart_nrfx_uarte.c.obj)
 .text.uarte_nrfx_poll_in
                0x00000000000101de       0x26 zephyr/drivers/serial/libdrivers__serial.a(uart_nrfx_uarte.c.obj)
 .text.uarte_nrfx_poll_out
                0x0000000000010204       0x82 zephyr/drivers/serial/libdrivers__serial.a(uart_nrfx_uarte.c.obj)
 .text.k_sys_fatal_error_handler
                0x0000000000010286        0x8 modules/nrf/lib/fatal_error/lib..__nrf__lib__fatal_error.a(fatal_error.c.obj)
                0x0000000000010286                k_sys_fatal_error_handler
 .text.nrfx_isr
                0x000000000001028e        0x2 modules/nordic/lib..__modules__hal__nordic.a(nrfx_glue.c.obj)
                0x000000000001028e                nrfx_isr
 .text.nrfx_busy_wait
                0x0000000000010290        0x4 modules/nordic/lib..__modules__hal__nordic.a(nrfx_glue.c.obj)
                0x0000000000010290                nrfx_busy_wait
 .text.nrfx_clock_enable
                0x0000000000010294       0x16 modules/nordic/lib..__modules__hal__nordic.a(nrfx_clock.c.obj)
                0x0000000000010294                nrfx_clock_enable
 .text.xfer_completeness_check
                0x00000000000102aa       0x60 modules/nordic/lib..__modules__hal__nordic.a(nrfx_twim.c.obj)
 .text.z_fatal_error
                0x000000000001030a       0x36 zephyr/kernel/libkernel.a(fatal.c.obj)
                0x000000000001030a                z_fatal_error
 .text.z_sys_power_save_idle_exit
                0x0000000000010340        0x4 zephyr/kernel/libkernel.a(idle.c.obj)
                0x0000000000010340                z_sys_power_save_idle_exit
 .text.z_reschedule_irqlock
                0x0000000000010344       0x18 zephyr/kernel/libkernel.a(sched.c.obj)
                0x0000000000010344                z_reschedule_irqlock
 .text.z_reschedule_unlocked
                0x000000000001035c       0x14 zephyr/kernel/libkernel.a(sched.c.obj)
 .text.unpend_thread_no_timeout
                0x0000000000010370       0x1a zephyr/kernel/libkernel.a(sched.c.obj)
 .text.z_priq_dumb_best
                0x000000000001038a        0xc zephyr/kernel/libkernel.a(sched.c.obj)
                0x000000000001038a                z_priq_dumb_best
 .text.z_ready_thread
                0x0000000000010396       0x20 zephyr/kernel/libkernel.a(sched.c.obj)
                0x0000000000010396                z_ready_thread
 .text.z_thread_timeout
                0x00000000000103b6       0x40 zephyr/kernel/libkernel.a(sched.c.obj)
                0x00000000000103b6                z_thread_timeout
 .text.add_to_waitq_locked
                0x00000000000103f6       0x50 zephyr/kernel/libkernel.a(sched.c.obj)
 .text.z_unpend_first_thread
                0x0000000000010446       0x4a zephyr/kernel/libkernel.a(sched.c.obj)
                0x0000000000010446                z_unpend_first_thread
 .text.k_is_in_isr
                0x0000000000010490        0xc zephyr/kernel/libkernel.a(thread.c.obj)
                0x0000000000010490                k_is_in_isr
 .text.z_impl_k_busy_wait
                0x000000000001049c        0x4 zephyr/kernel/libkernel.a(thread.c.obj)
                0x000000000001049c                z_impl_k_busy_wait
 .text.z_abort_timeout
                0x00000000000104a0       0x2c zephyr/kernel/libkernel.a(timeout.c.obj)
                0x00000000000104a0                z_abort_timeout
 .text.z_get_next_timeout_expiry
                0x00000000000104cc       0x20 zephyr/kernel/libkernel.a(timeout.c.obj)
                0x00000000000104cc                z_get_next_timeout_expiry
 .text.z_set_timeout_expiry
                0x00000000000104ec       0x34 zephyr/kernel/libkernel.a(timeout.c.obj)
                0x00000000000104ec                z_set_timeout_expiry
 .text.z_tick_get_32
                0x0000000000010520        0x8 zephyr/kernel/libkernel.a(timeout.c.obj)
                0x0000000000010520                z_tick_get_32
 .text.k_heap_init
                0x0000000000010528       0x10 zephyr/kernel/libkernel.a(kheap.c.obj)
                0x0000000000010528                k_heap_init
 .text._OffsetAbsSyms
                0x0000000000010538        0x2 zephyr/CMakeFiles/offsets.dir/arch/arm/core/offsets/offsets.c.obj
                0x0000000000010538                _OffsetAbsSyms
 *(SORT_BY_ALIGNMENT(.gnu.linkonce.t.*))
 *(SORT_BY_ALIGNMENT(.glue_7t))
 .glue_7t       0x000000000001053a        0x0 linker stubs
 *(SORT_BY_ALIGNMENT(.glue_7))
 .glue_7        0x000000000001053a        0x0 linker stubs
 *(SORT_BY_ALIGNMENT(.vfp11_veneer))
 .vfp11_veneer  0x000000000001053a        0x0 linker stubs
 *(SORT_BY_ALIGNMENT(.v4_bx))
 .v4_bx         0x000000000001053a        0x0 linker stubs
                0x000000000001053a                _image_text_end = .

.ARM.exidx      0x000000000001053c        0x8
                0x000000000001053c                __exidx_start = .
 *(SORT_BY_ALIGNMENT(.ARM.exidx*) SORT_BY_ALIGNMENT(gnu.linkonce.armexidx.*))
 .ARM.exidx     0x000000000001053c        0x8 /opt/gnuarmemb/bin/../lib/gcc/arm-none-eabi/8.3.1/thumb/v8-m.main/nofp/libgcc.a(_udivmoddi4.o)
                0x0000000000010544                __exidx_end = .
                0x0000000000010544                _image_rodata_start = .

initlevel       0x0000000000010544       0x68
                0x0000000000010544                __init_start = .
                0x0000000000010544                __init_PRE_KERNEL_1_start = .
 *(SORT_BY_NAME(SORT_BY_ALIGNMENT(.init_PRE_KERNEL_1[0-9]*)))
 .init_PRE_KERNEL_10
                0x0000000000010544        0x8 zephyr/libzephyr.a(soc.c.obj)
 .init_PRE_KERNEL_130
                0x000000000001054c        0x8 zephyr/kernel/libkernel.a(kheap.c.obj)
 .init_PRE_KERNEL_140
                0x0000000000010554        0x8 zephyr/arch/arch/arm/core/aarch32/cortex_m/mpu/libarch__arm__core__aarch32__cortex_m__mpu.a(arm_mpu.c.obj)
 .init_PRE_KERNEL_150
                0x000000000001055c        0x8 zephyr/libzephyr.a(clock_control_nrf.c.obj)
 .init_PRE_KERNEL_150
                0x0000000000010564       0x10 zephyr/drivers/serial/libdrivers__serial.a(uart_nrfx_uarte.c.obj)
 .init_PRE_KERNEL_160
                0x0000000000010574        0x8 zephyr/libzephyr.a(uart_console.c.obj)
 *(SORT_BY_NAME(SORT_BY_ALIGNMENT(.init_PRE_KERNEL_1[1-9][0-9]*)))
                0x000000000001057c                __init_PRE_KERNEL_2_start = .
 *(SORT_BY_NAME(SORT_BY_ALIGNMENT(.init_PRE_KERNEL_2[0-9]*)))
 .init_PRE_KERNEL_20
                0x000000000001057c        0x8 zephyr/libzephyr.a(sys_clock_init.c.obj)
 *(SORT_BY_NAME(SORT_BY_ALIGNMENT(.init_PRE_KERNEL_2[1-9][0-9]*)))
                0x0000000000010584                __init_POST_KERNEL_start = .
 *(SORT_BY_NAME(SORT_BY_ALIGNMENT(.init_POST_KERNEL[0-9]*)))
 .init_POST_KERNEL40
                0x0000000000010584        0x8 zephyr/drivers/gpio/libdrivers__gpio.a(gpio_nrfx.c.obj)
 .init_POST_KERNEL60
                0x000000000001058c        0x8 zephyr/drivers/i2c/libdrivers__i2c.a(i2c_nrfx_twim.c.obj)
 .init_POST_KERNEL70
                0x0000000000010594        0x8 zephyr/drivers/spi/libdrivers__spi.a(spi_nrfx_spim.c.obj)
 .init_POST_KERNEL90
                0x000000000001059c        0x8 modules/nrf/subsys/fw_info/lib..__nrf__subsys__fw_info.a(fw_info.c.obj)
 *(SORT_BY_NAME(SORT_BY_ALIGNMENT(.init_POST_KERNEL[1-9][0-9]*)))
                0x00000000000105a4                __init_APPLICATION_start = .
 *(SORT_BY_NAME(SORT_BY_ALIGNMENT(.init_APPLICATION[0-9]*)))
 .init_APPLICATION90
                0x00000000000105a4        0x8 zephyr/boards/boards/arm/thingy91_nrf9160ns/lib..__nrf__boards__arm__thingy91_nrf9160.a(board_nonsecure.c.obj)
 *(SORT_BY_NAME(SORT_BY_ALIGNMENT(.init_APPLICATION[1-9][0-9]*)))
                0x00000000000105ac                __init_SMP_start = .
 *(SORT_BY_NAME(SORT_BY_ALIGNMENT(.init_SMP[0-9]*)))
 *(SORT_BY_NAME(SORT_BY_ALIGNMENT(.init_SMP[1-9][0-9]*)))
                0x00000000000105ac                __init_end = .

sw_isr_table    0x00000000000105ac      0x208
                0x00000000000105ac                . = ALIGN (0x0)
 *(SORT_BY_ALIGNMENT(.gnu.linkonce.sw_isr_table*))
 .gnu.linkonce.sw_isr_table*
                0x00000000000105ac      0x208 zephyr/arch/common/libisr_tables.a(isr_tables.c.obj)
                0x00000000000105ac                _sw_isr_table

initlevel_error
                0x0000000000010544        0x0
 *(SORT_BY_NAME(SORT_BY_ALIGNMENT(.init_[_A-Z0-9]*)))
                0x0000000000000001                ASSERT ((SIZEOF (initlevel_error) == 0x0), Undefined initialization levels used.)

app_shmem_regions
                0x00000000000107b4        0x0
                0x00000000000107b4                __app_shmem_regions_start = .
 *(SORT_BY_NAME(SORT_BY_ALIGNMENT(.app_regions.*)))
                0x00000000000107b4                __app_shmem_regions_end = .

bt_l2cap_fixed_chan_area
                0x00000000000107b4        0x0
                0x00000000000107b4                _bt_l2cap_fixed_chan_list_start = .
 *(SORT_BY_NAME(SORT_BY_ALIGNMENT(._bt_l2cap_fixed_chan.static.*)))
                0x00000000000107b4                _bt_l2cap_fixed_chan_list_end = .

bt_gatt_service_static_area
                0x00000000000107b4        0x0
                0x00000000000107b4                _bt_gatt_service_static_list_start = .
 *(SORT_BY_NAME(SORT_BY_ALIGNMENT(._bt_gatt_service_static.static.*)))
                0x00000000000107b4                _bt_gatt_service_static_list_end = .

log_const_sections
                0x00000000000107b4        0x0
                0x00000000000107b4                __log_const_start = .
 *(SORT_BY_NAME(SORT_BY_ALIGNMENT(.log_const_*)))
                0x00000000000107b4                __log_const_end = .

log_backends_sections
                0x00000000000107b4        0x0
                0x00000000000107b4                __log_backends_start = .
 *(SORT_BY_ALIGNMENT(._log_backend.*))
                0x00000000000107b4                __log_backends_end = .

shell_area      0x00000000000107b4        0x0
                0x00000000000107b4                _shell_list_start = .
 *(SORT_BY_NAME(SORT_BY_ALIGNMENT(._shell.static.*)))
                0x00000000000107b4                _shell_list_end = .

shell_root_cmds_sections
                0x00000000000107b4        0x0
                0x00000000000107b4                __shell_root_cmds_start = .
 *(SORT_BY_NAME(SORT_BY_ALIGNMENT(.shell_root_cmd_*)))
                0x00000000000107b4                __shell_root_cmds_end = .

font_entry_sections
                0x00000000000107b4        0x0
                0x00000000000107b4                __font_entry_start = .
 *(SORT_BY_NAME(SORT_BY_ALIGNMENT(._cfb_font.*)))
                0x00000000000107b4                __font_entry_end = .

tracing_backend_area
                0x00000000000107b4        0x0
                0x00000000000107b4                _tracing_backend_list_start = .
 *(SORT_BY_NAME(SORT_BY_ALIGNMENT(._tracing_backend.static.*)))
                0x00000000000107b4                _tracing_backend_list_end = .

rodata          0x00000000000107c0      0x27c
 *(SORT_BY_ALIGNMENT(.rodata))
 .rodata        0x00000000000107c0       0x20 zephyr/drivers/serial/libdrivers__serial.a(uart_nrfx_uarte.c.obj)
 .rodata        0x00000000000107e0       0x18 modules/nrf/subsys/fw_info/lib..__nrf__subsys__fw_info.a(fw_info.c.obj)
 *(SORT_BY_ALIGNMENT(.rodata.*))
 *fill*         0x00000000000107f8        0x8 
 .rodata.delay_machine_code.8511
                0x0000000000010800        0x6 zephyr/libzephyr.a(soc.c.obj)
 *fill*         0x0000000000010806        0x2 
 .rodata.clock_control_api
                0x0000000000010808       0x14 zephyr/libzephyr.a(clock_control_nrf.c.obj)
 .rodata.config
                0x000000000001081c       0x10 zephyr/libzephyr.a(clock_control_nrf.c.obj)
 .rodata.transitions.10065
                0x000000000001082c        0xc zephyr/libzephyr.a(clock_control_nrf.c.obj)
 .rodata.mpu_config
                0x0000000000010838        0x8 zephyr/soc/arm/common/cortex_m/libsoc__arm__common__cortex_m.a(arm_mpu_regions.c.obj)
                0x0000000000010838                mpu_config
 .rodata.mpu_regions
                0x0000000000010840       0x20 zephyr/soc/arm/common/cortex_m/libsoc__arm__common__cortex_m.a(arm_mpu_regions.c.obj)
 .rodata.gpio_nrfx_drv_api_funcs
                0x0000000000010860       0x24 zephyr/drivers/gpio/libdrivers__gpio.a(gpio_nrfx.c.obj)
 .rodata.gpio_nrfx_p0_cfg
                0x0000000000010884        0xc zephyr/drivers/gpio/libdrivers__gpio.a(gpio_nrfx.c.obj)
 .rodata.i2c_nrfx_twim_driver_api
                0x0000000000010890       0x14 zephyr/drivers/i2c/libdrivers__i2c.a(i2c_nrfx_twim.c.obj)
 .rodata.twim_2z_config
                0x00000000000108a4       0x18 zephyr/drivers/i2c/libdrivers__i2c.a(i2c_nrfx_twim.c.obj)
 .rodata.spi_3z_config
                0x00000000000108bc       0x1c zephyr/drivers/spi/libdrivers__spi.a(spi_nrfx_spim.c.obj)
 .rodata.spi_nrfx_driver_api
                0x00000000000108d8        0x8 zephyr/drivers/spi/libdrivers__spi.a(spi_nrfx_spim.c.obj)
 .rodata.uart_nrfx_uarte_driver_api
                0x00000000000108e0       0x14 zephyr/drivers/serial/libdrivers__serial.a(uart_nrfx_uarte.c.obj)
 .rodata.uarte_0z_config
                0x00000000000108f4        0x8 zephyr/drivers/serial/libdrivers__serial.a(uart_nrfx_uarte.c.obj)
 .rodata.uarte_1z_config
                0x00000000000108fc        0x8 zephyr/drivers/serial/libdrivers__serial.a(uart_nrfx_uarte.c.obj)
 .rodata.levels.8631
                0x0000000000010904       0x14 zephyr/kernel/libkernel.a(device.c.obj)
 .rodata._k_neg_eagain
                0x0000000000010918        0x4 zephyr/kernel/libkernel.a(errno.c.obj)
                0x0000000000010918                _k_neg_eagain
 .rodata.main.str1.1
                0x000000000001091c        0x7 app/libapp.a(main.c.obj)
 .rodata.toggle_nmos.str1.1
                0x0000000000010923       0x36 app/libapp.a(main.c.obj)
 .rodata.print_digits.part.0.str1.1
                0x0000000000010959       0x11 zephyr/libzephyr.a(printk.c.obj)
 .rodata.uart_console_init.str1.1
                0x000000000001096a        0x7 zephyr/libzephyr.a(uart_console.c.obj)
 .rodata.str1.1
                0x0000000000010971        0x6 zephyr/libzephyr.a(clock_control_nrf.c.obj)
 .rodata.str1.1
                0x0000000000010977        0xa zephyr/libzephyr.a(sys_clock_init.c.obj)
 .rodata.str1.1
                0x0000000000010981        0xf zephyr/soc/arm/common/cortex_m/libsoc__arm__common__cortex_m.a(arm_mpu_regions.c.obj)
 .rodata.str1.1
                0x0000000000010990        0x7 zephyr/drivers/gpio/libdrivers__gpio.a(gpio_nrfx.c.obj)
 .rodata.str1.1
                0x0000000000010990        0x6 zephyr/drivers/i2c/libdrivers__i2c.a(i2c_nrfx_twim.c.obj)
 .rodata.str1.1
                0x0000000000010996        0x6 zephyr/drivers/spi/libdrivers__spi.a(spi_nrfx_spim.c.obj)
 .rodata.str1.1
                0x000000000001099c        0x7 zephyr/drivers/serial/libdrivers__serial.a(uart_nrfx_uarte.c.obj)
                                          0xe (size before relaxing)
 .rodata.check_ext_api_requests.str1.1
                0x00000000000109a3       0x5c modules/nrf/subsys/fw_info/lib..__nrf__subsys__fw_info.a(fw_info.c.obj)
 .rodata.bg_thread_main.str1.1
                0x00000000000109ff       0x33 zephyr/kernel/libkernel.a(init.c.obj)
                                         0x34 (size before relaxing)
 .rodata.z_cstart.str1.1
                0x0000000000010a32        0x5 zephyr/kernel/libkernel.a(init.c.obj)
 *(SORT_BY_ALIGNMENT(.gnu.linkonce.r.*))
                0x0000000000010a38                . = ALIGN (0x4)
 *fill*         0x0000000000010a37        0x1 
                0x0000000000010a38                _fw_info_images_start = .
 *(SORT_BY_ALIGNMENT(.fw_info_images))
 .fw_info_images
                0x0000000000010a38        0x4 modules/nrf/subsys/fw_info/lib..__nrf__subsys__fw_info.a(fw_info.c.obj)
                0x0000000000010a38                self_image
                0x0000000000000001                _fw_info_images_size = ABSOLUTE (((. - _fw_info_images_start) / 0x4))
                0x0000000000010a3c                _ext_apis_start = .
 *(SORT_BY_ALIGNMENT(.ext_apis))
                0x0000000000000000                _ext_apis_size = ABSOLUTE ((. - _ext_apis_start))
                0x0000000000010a3c                _ext_apis_req_start = .
 *(SORT_BY_ALIGNMENT(.ext_apis_req))
                0x0000000000000000                _ext_apis_req_size = ABSOLUTE ((. - _ext_apis_req_start))
                0x0000000000010a3c                . = ALIGN (0x4)
                0x0000000000010a3c                _image_rodata_end = .
                0x0000000000010a40                . = ALIGN (_region_min_align)
                0x0000000000010a40                _image_rom_end = .
                0x0000000020010000                . = 0x20010000
                0x0000000020010000                . = ALIGN (_region_min_align)
                0x0000000020010000                _image_ram_start = .

.ramfunc        0x0000000020010000        0x0 load address 0x0000000000010a3c
                0x0000000020010000                . = ALIGN (_region_min_align)
                0x0000000020010000                _ramfunc_ram_start = .
 *(SORT_BY_ALIGNMENT(.ramfunc))
 *(SORT_BY_ALIGNMENT(.ramfunc.*))
                0x0000000020010000                . = ALIGN (_region_min_align)
                0x0000000020010000                _ramfunc_ram_end = .
                0x0000000000000000                _ramfunc_ram_size = (_ramfunc_ram_end - _ramfunc_ram_start)
                0x0000000000010a3c                _ramfunc_rom_start = LOADADDR (.ramfunc)

datas           0x0000000020010000       0xc8 load address 0x0000000000010a3c
                0x0000000020010000                __data_ram_start = .
 *(SORT_BY_ALIGNMENT(.data))
 *(SORT_BY_ALIGNMENT(.data.*))
 .data._char_out
                0x0000000020010000        0x4 zephyr/libzephyr.a(printk.c.obj)
                0x0000000020010000                _char_out
 .data._stdout_hook
                0x0000000020010004        0x4 zephyr/lib/libc/minimal/liblib__libc__minimal.a(stdout_console.c.obj)
 .data.twim_2_data
                0x0000000020010008       0x30 zephyr/drivers/i2c/libdrivers__i2c.a(i2c_nrfx_twim.c.obj)
 .data.spi_3_data
                0x0000000020010038       0x5c zephyr/drivers/spi/libdrivers__spi.a(spi_nrfx_spim.c.obj)
 .data.uarte_0_data
                0x0000000020010094       0x14 zephyr/drivers/serial/libdrivers__serial.a(uart_nrfx_uarte.c.obj)
 .data.uarte_1_data
                0x00000000200100a8       0x14 zephyr/drivers/serial/libdrivers__serial.a(uart_nrfx_uarte.c.obj)
 .data.SystemCoreClock
                0x00000000200100bc        0x4 modules/nordic/lib..__modules__hal__nordic.a(system_nrf9160.c.obj)
                0x00000000200100bc                SystemCoreClock
 .data.timeout_list
                0x00000000200100c0        0x8 zephyr/kernel/libkernel.a(timeout.c.obj)
 *(SORT_BY_ALIGNMENT(.kernel.*))
                0x0000000000010a3c                __data_rom_start = LOADADDR (datas)

devices         0x00000000200100c8       0x74 load address 0x0000000000010b04
                0x00000000200100c8                __device_start = .
                0x00000000200100c8                __device_PRE_KERNEL_1_start = .
 *(SORT_BY_NAME(SORT_BY_ALIGNMENT(.device_PRE_KERNEL_1[0-9]*)))
 .device_PRE_KERNEL_150
                0x00000000200100c8       0x10 zephyr/libzephyr.a(clock_control_nrf.c.obj)
 .device_PRE_KERNEL_150
                0x00000000200100d8       0x20 zephyr/drivers/serial/libdrivers__serial.a(uart_nrfx_uarte.c.obj)
 *(SORT_BY_NAME(SORT_BY_ALIGNMENT(.device_PRE_KERNEL_1[1-9][0-9]*)))
                0x00000000200100f8                __device_PRE_KERNEL_2_start = .
 *(SORT_BY_NAME(SORT_BY_ALIGNMENT(.device_PRE_KERNEL_2[0-9]*)))
 .device_PRE_KERNEL_20
                0x00000000200100f8       0x10 zephyr/libzephyr.a(sys_clock_init.c.obj)
 *(SORT_BY_NAME(SORT_BY_ALIGNMENT(.device_PRE_KERNEL_2[1-9][0-9]*)))
                0x0000000020010108                __device_POST_KERNEL_start = .
 *(SORT_BY_NAME(SORT_BY_ALIGNMENT(.device_POST_KERNEL[0-9]*)))
 .device_POST_KERNEL40
                0x0000000020010108       0x10 zephyr/drivers/gpio/libdrivers__gpio.a(gpio_nrfx.c.obj)
 .device_POST_KERNEL60
                0x0000000020010118       0x10 zephyr/drivers/i2c/libdrivers__i2c.a(i2c_nrfx_twim.c.obj)
 .device_POST_KERNEL70
                0x0000000020010128       0x10 zephyr/drivers/spi/libdrivers__spi.a(spi_nrfx_spim.c.obj)
 *(SORT_BY_NAME(SORT_BY_ALIGNMENT(.device_POST_KERNEL[1-9][0-9]*)))
                0x0000000020010138                __device_APPLICATION_start = .
 *(SORT_BY_NAME(SORT_BY_ALIGNMENT(.device_APPLICATION[0-9]*)))
 *(SORT_BY_NAME(SORT_BY_ALIGNMENT(.device_APPLICATION[1-9][0-9]*)))
                0x0000000020010138                __device_SMP_start = .
 *(SORT_BY_NAME(SORT_BY_ALIGNMENT(.device_SMP[0-9]*)))
 *(SORT_BY_NAME(SORT_BY_ALIGNMENT(.device_SMP[1-9][0-9]*)))
                0x0000000020010138                __device_end = .
 FILL mask 0x00
                0x0000000020010138                __device_init_status_start = .
                0x000000002001013c                . = (. + (((((__device_end - __device_start) / 0x10) + 0x1f) / 0x20) * 0x4))
 *fill*         0x0000000020010138        0x4 00
                0x000000002001013c                __device_init_status_end = .

initshell       0x000000002001013c        0x0 load address 0x0000000000010b78
                0x000000002001013c                __shell_module_start = .
 *(SORT_BY_ALIGNMENT(.shell_module_*))
                0x000000002001013c                __shell_module_end = .
                0x000000002001013c                __shell_cmd_start = .
 *(SORT_BY_ALIGNMENT(.shell_cmd_*))
                0x000000002001013c                __shell_cmd_end = .

log_dynamic_sections
                0x000000002001013c        0x0 load address 0x0000000000010b78
                0x000000002001013c                __log_dynamic_start = .
 *(SORT_BY_NAME(SORT_BY_ALIGNMENT(.log_dynamic_*)))
                0x000000002001013c                __log_dynamic_end = .

_static_thread_data_area
                0x000000002001013c        0x0 load address 0x0000000000010b78
                0x000000002001013c                __static_thread_data_list_start = .
 *(SORT_BY_NAME(SORT_BY_ALIGNMENT(.__static_thread_data.static.*)))
                0x000000002001013c                __static_thread_data_list_end = .

k_timer_area    0x000000002001013c        0x0 load address 0x0000000000010b78
                0x000000002001013c                _k_timer_list_start = .
 *(SORT_BY_NAME(SORT_BY_ALIGNMENT(._k_timer.static.*)))
                0x000000002001013c                _k_timer_list_end = .

k_mem_slab_area
                0x000000002001013c        0x0 load address 0x0000000000010b78
                0x000000002001013c                _k_mem_slab_list_start = .
 *(SORT_BY_NAME(SORT_BY_ALIGNMENT(._k_mem_slab.static.*)))
                0x000000002001013c                _k_mem_slab_list_end = .

k_mem_pool_area
                0x000000002001013c        0x0 load address 0x0000000000010b78
                0x000000002001013c                _k_mem_pool_list_start = .
 *(SORT_BY_NAME(SORT_BY_ALIGNMENT(._k_mem_pool.static.*)))
                0x000000002001013c                _k_mem_pool_list_end = .

k_heap_area     0x000000002001013c        0x0 load address 0x0000000000010b78
                0x000000002001013c                _k_heap_list_start = .
 *(SORT_BY_NAME(SORT_BY_ALIGNMENT(._k_heap.static.*)))
                0x000000002001013c                _k_heap_list_end = .

k_mutex_area    0x000000002001013c        0x0 load address 0x0000000000010b78
                0x000000002001013c                _k_mutex_list_start = .
 *(SORT_BY_NAME(SORT_BY_ALIGNMENT(._k_mutex.static.*)))
                0x000000002001013c                _k_mutex_list_end = .

k_stack_area    0x000000002001013c        0x0 load address 0x0000000000010b78
                0x000000002001013c                _k_stack_list_start = .
 *(SORT_BY_NAME(SORT_BY_ALIGNMENT(._k_stack.static.*)))
                0x000000002001013c                _k_stack_list_end = .

k_msgq_area     0x000000002001013c        0x0 load address 0x0000000000010b78
                0x000000002001013c                _k_msgq_list_start = .
 *(SORT_BY_NAME(SORT_BY_ALIGNMENT(._k_msgq.static.*)))
                0x000000002001013c                _k_msgq_list_end = .

k_mbox_area     0x000000002001013c        0x0 load address 0x0000000000010b78
                0x000000002001013c                _k_mbox_list_start = .
 *(SORT_BY_NAME(SORT_BY_ALIGNMENT(._k_mbox.static.*)))
                0x000000002001013c                _k_mbox_list_end = .

k_pipe_area     0x000000002001013c        0x0 load address 0x0000000000010b78
                0x000000002001013c                _k_pipe_list_start = .
 *(SORT_BY_NAME(SORT_BY_ALIGNMENT(._k_pipe.static.*)))
                0x000000002001013c                _k_pipe_list_end = .

k_sem_area      0x000000002001013c        0x0 load address 0x0000000000010b78
                0x000000002001013c                _k_sem_list_start = .
 *(SORT_BY_NAME(SORT_BY_ALIGNMENT(._k_sem.static.*)))
                0x000000002001013c                _k_sem_list_end = .

k_queue_area    0x000000002001013c        0x0 load address 0x0000000000010b78
                0x000000002001013c                _k_queue_list_start = .
 *(SORT_BY_NAME(SORT_BY_ALIGNMENT(._k_queue.static.*)))
                0x000000002001013c                _k_queue_list_end = .

_net_buf_pool_area
                0x000000002001013c        0x0 load address 0x0000000000010b78
                0x000000002001013c                _net_buf_pool_list = .
 *(SORT_BY_NAME(SORT_BY_ALIGNMENT(._net_buf_pool.static.*)))
                0x000000002001013c                __data_ram_end = .

bss             0x0000000020010140      0x254
                0x0000000020010140                . = ALIGN (0x4)
                0x0000000020010140                __bss_start = .
                0x0000000020010140                __kernel_ram_start = .
 *(SORT_BY_ALIGNMENT(.bss))
 *(SORT_BY_ALIGNMENT(.bss.*))
 .bss.z_idle_threads
                0x0000000020010140       0x80 zephyr/kernel/libkernel.a(init.c.obj)
                0x0000000020010140                z_idle_threads
 .bss.z_main_thread
                0x00000000200101c0       0x80 zephyr/kernel/libkernel.a(init.c.obj)
                0x00000000200101c0                z_main_thread
 .bss.curr_tick
                0x0000000020010240        0x8 zephyr/kernel/libkernel.a(timeout.c.obj)
 .bss.gpio_dev  0x0000000020010248        0x4 app/libapp.a(main.c.obj)
 .bss.uart_console_dev
                0x000000002001024c        0x4 zephyr/libzephyr.a(uart_console.c.obj)
 .bss.cli.10042
                0x0000000020010250       0x10 zephyr/libzephyr.a(clock_control_nrf.c.obj)
 .bss.data      0x0000000020010260       0x50 zephyr/libzephyr.a(clock_control_nrf.c.obj)
 .bss.hfclk_users
                0x00000000200102b0        0x4 zephyr/libzephyr.a(clock_control_nrf.c.obj)
 .bss.on.10041  0x00000000200102b4        0x4 zephyr/libzephyr.a(clock_control_nrf.c.obj)
 .bss.last_count
                0x00000000200102b8        0x4 zephyr/libzephyr.a(nrf_rtc_timer.c.obj)
 .bss.dyn_reg_info
                0x00000000200102bc       0x14 zephyr/arch/arch/arm/core/aarch32/cortex_m/mpu/libarch__arm__core__aarch32__cortex_m__mpu.a(arm_mpu.c.obj)
 .bss.gpio_nrfx_p0_data
                0x00000000200102d0       0x1c zephyr/drivers/gpio/libdrivers__gpio.a(gpio_nrfx.c.obj)
 .bss.gpiote_alloc_mask
                0x00000000200102ec        0x4 zephyr/drivers/gpio/libdrivers__gpio.a(gpio_nrfx.c.obj)
 .bss.m_clock_cb
                0x00000000200102f0        0x8 modules/nordic/lib..__modules__hal__nordic.a(nrfx_clock.c.obj)
 .bss.m_cb      0x00000000200102f8       0x24 modules/nordic/lib..__modules__hal__nordic.a(nrfx_spim.c.obj)
 .bss.m_cb      0x000000002001031c       0x34 modules/nordic/lib..__modules__hal__nordic.a(nrfx_twim.c.obj)
 .bss._kernel   0x0000000020010350       0x30 zephyr/kernel/libkernel.a(sched.c.obj)
                0x0000000020010350                _kernel
 .bss.pending_current
                0x0000000020010380        0x4 zephyr/kernel/libkernel.a(sched.c.obj)
 .bss.slice_max_prio
                0x0000000020010384        0x4 zephyr/kernel/libkernel.a(sched.c.obj)
 .bss.slice_time
                0x0000000020010388        0x4 zephyr/kernel/libkernel.a(sched.c.obj)
 .bss.announce_remaining
                0x000000002001038c        0x4 zephyr/kernel/libkernel.a(timeout.c.obj)
 .bss.nmos_state
                0x0000000020010390        0x1 app/libapp.a(main.c.obj)
 .bss.static_regions_num
                0x0000000020010391        0x1 zephyr/arch/arch/arm/core/aarch32/cortex_m/mpu/libarch__arm__core__aarch32__cortex_m__mpu.a(arm_mpu.c.obj)
 .bss.gpio_initialized.9602
                0x0000000020010392        0x1 zephyr/drivers/gpio/libdrivers__gpio.a(gpio_nrfx.c.obj)
 .bss.z_sys_post_kernel
                0x0000000020010393        0x1 zephyr/kernel/libkernel.a(init.c.obj)
                0x0000000020010393                z_sys_post_kernel
 .bss.sched_spinlock
                0x0000000020010394        0x0 zephyr/kernel/libkernel.a(sched.c.obj)
 .bss.lock      0x0000000020010394        0x0 zephyr/kernel/libkernel.a(sem.c.obj)
 *(SORT_BY_ALIGNMENT(COMMON))
 *(SORT_BY_ALIGNMENT(.kernel_bss.*))
                0x0000000020010394                __bss_end = ALIGN (0x4)

noinit          0x0000000020010398      0xd40
 *(SORT_BY_ALIGNMENT(.noinit))
 *(SORT_BY_ALIGNMENT(.noinit.*))
 .noinit."WEST_TOPDIR/zephyr/kernel/init.c".2
                0x0000000020010398      0x400 zephyr/kernel/libkernel.a(init.c.obj)
                0x0000000020010398                z_main_stack
 .noinit."WEST_TOPDIR/zephyr/kernel/init.c".3
                0x0000000020010798      0x140 zephyr/kernel/libkernel.a(init.c.obj)
 .noinit."WEST_TOPDIR/zephyr/kernel/init.c".4
                0x00000000200108d8      0x800 zephyr/kernel/libkernel.a(init.c.obj)
                0x00000000200108d8                z_interrupt_stacks
 *(SORT_BY_ALIGNMENT(.kernel_noinit.*))
                0x00000000200110d8                _image_ram_end = .
                0x00000000200110d8                _end = .
                0x0000000020040000                __kernel_ram_end = 0x20040000
                0x000000000002fec0                __kernel_ram_size = (__kernel_ram_end - __kernel_ram_start)

.intList        0x0000000020040000       0x58
 *(SORT_BY_ALIGNMENT(.irq_info*))
 .irq_info      0x0000000020040000        0x8 zephyr/arch/common/libisr_tables.a(isr_tables.c.obj)
                0x0000000020040000                _iheader
 *(SORT_BY_ALIGNMENT(.intList*))
 .intList       0x0000000020040008       0x10 zephyr/libzephyr.a(clock_control_nrf.c.obj)
 .intList       0x0000000020040018       0x10 zephyr/libzephyr.a(nrf_rtc_timer.c.obj)
 .intList       0x0000000020040028       0x10 zephyr/drivers/gpio/libdrivers__gpio.a(gpio_nrfx.c.obj)
 .intList       0x0000000020040038       0x10 zephyr/drivers/i2c/libdrivers__i2c.a(i2c_nrfx_twim.c.obj)
 .intList       0x0000000020040048       0x10 zephyr/drivers/spi/libdrivers__spi.a(spi_nrfx_spim.c.obj)

.stab
 *(SORT_BY_ALIGNMENT(.stab))

.stabstr
 *(SORT_BY_ALIGNMENT(.stabstr))

.stab.excl
 *(SORT_BY_ALIGNMENT(.stab.excl))

.stab.exclstr
 *(SORT_BY_ALIGNMENT(.stab.exclstr))

.stab.index
 *(SORT_BY_ALIGNMENT(.stab.index))

.stab.indexstr
 *(SORT_BY_ALIGNMENT(.stab.indexstr))

.gnu.build.attributes
 *(SORT_BY_ALIGNMENT(.gnu.build.attributes) SORT_BY_ALIGNMENT(.gnu.build.attributes.*))

.comment        0x0000000000000000       0x76
 *(SORT_BY_ALIGNMENT(.comment))
 .comment       0x0000000000000000       0x76 app/libapp.a(main.c.obj)
                                         0x77 (size before relaxing)
 .comment       0x0000000000000076       0x77 zephyr/libzephyr.a(notify.c.obj)
 .comment       0x0000000000000076       0x77 zephyr/libzephyr.a(printk.c.obj)
 .comment       0x0000000000000076       0x77 zephyr/libzephyr.a(onoff.c.obj)
 .comment       0x0000000000000076       0x77 zephyr/libzephyr.a(thread_entry.c.obj)
 .comment       0x0000000000000076       0x77 zephyr/libzephyr.a(heap.c.obj)
 .comment       0x0000000000000076       0x77 zephyr/libzephyr.a(configs.c.obj)
 .comment       0x0000000000000076       0x77 zephyr/libzephyr.a(soc.c.obj)
 .comment       0x0000000000000076       0x77 zephyr/libzephyr.a(uart_console.c.obj)
 .comment       0x0000000000000076       0x77 zephyr/libzephyr.a(clock_control_nrf.c.obj)
 .comment       0x0000000000000076       0x77 zephyr/libzephyr.a(sys_clock_init.c.obj)
 .comment       0x0000000000000076       0x77 zephyr/libzephyr.a(nrf_rtc_timer.c.obj)
 .comment       0x0000000000000076       0x77 zephyr/arch/arch/arm/core/aarch32/libarch__arm__core__aarch32.a(swap.c.obj)
 .comment       0x0000000000000076       0x77 zephyr/arch/arch/arm/core/aarch32/libarch__arm__core__aarch32.a(irq_manage.c.obj)
 .comment       0x0000000000000076       0x77 zephyr/arch/arch/arm/core/aarch32/libarch__arm__core__aarch32.a(thread.c.obj)
 .comment       0x0000000000000076       0x77 zephyr/arch/arch/arm/core/aarch32/libarch__arm__core__aarch32.a(fatal.c.obj)
 .comment       0x0000000000000076       0x77 zephyr/arch/arch/arm/core/aarch32/libarch__arm__core__aarch32.a(nmi.c.obj)
 .comment       0x0000000000000076       0x77 zephyr/arch/arch/arm/core/aarch32/libarch__arm__core__aarch32.a(prep_c.c.obj)
 .comment       0x0000000000000076       0x77 zephyr/arch/arch/arm/core/aarch32/cortex_m/libarch__arm__core__aarch32__cortex_m.a(fault.c.obj)
 .comment       0x0000000000000076       0x77 zephyr/arch/arch/arm/core/aarch32/cortex_m/libarch__arm__core__aarch32__cortex_m.a(scb.c.obj)
 .comment       0x0000000000000076       0x77 zephyr/arch/arch/arm/core/aarch32/cortex_m/libarch__arm__core__aarch32__cortex_m.a(irq_init.c.obj)
 .comment       0x0000000000000076       0x77 zephyr/arch/arch/arm/core/aarch32/cortex_m/libarch__arm__core__aarch32__cortex_m.a(thread_abort.c.obj)
 .comment       0x0000000000000076       0x77 zephyr/arch/arch/arm/core/aarch32/cortex_m/mpu/libarch__arm__core__aarch32__cortex_m__mpu.a(arm_core_mpu.c.obj)
 .comment       0x0000000000000076       0x77 zephyr/arch/arch/arm/core/aarch32/cortex_m/mpu/libarch__arm__core__aarch32__cortex_m__mpu.a(arm_mpu.c.obj)
 .comment       0x0000000000000076       0x77 zephyr/arch/arch/arm/core/aarch32/cortex_m/cmse/libarch__arm__core__aarch32__cortex_m__cmse.a(arm_core_cmse.c.obj)
 .comment       0x0000000000000076       0x77 zephyr/lib/libc/minimal/liblib__libc__minimal.a(string.c.obj)
 .comment       0x0000000000000076       0x77 zephyr/lib/libc/minimal/liblib__libc__minimal.a(stdout_console.c.obj)
 .comment       0x0000000000000076       0x77 zephyr/soc/arm/common/cortex_m/libsoc__arm__common__cortex_m.a(arm_mpu_regions.c.obj)
 .comment       0x0000000000000076       0x77 zephyr/boards/boards/arm/thingy91_nrf9160ns/lib..__nrf__boards__arm__thingy91_nrf9160.a(board_nonsecure.c.obj)
 .comment       0x0000000000000076       0x77 zephyr/drivers/gpio/libdrivers__gpio.a(gpio_nrfx.c.obj)
 .comment       0x0000000000000076       0x77 zephyr/drivers/i2c/libdrivers__i2c.a(i2c_nrfx_twim.c.obj)
 .comment       0x0000000000000076       0x77 zephyr/drivers/spi/libdrivers__spi.a(spi_nrfx_spim.c.obj)
 .comment       0x0000000000000076       0x77 zephyr/drivers/serial/libdrivers__serial.a(uart_nrfx_uarte.c.obj)
 .comment       0x0000000000000076       0x77 modules/nrf/lib/fatal_error/lib..__nrf__lib__fatal_error.a(fatal_error.c.obj)
 .comment       0x0000000000000076       0x77 modules/nrf/subsys/fw_info/lib..__nrf__subsys__fw_info.a(fw_info.c.obj)
 .comment       0x0000000000000076       0x77 modules/nordic/lib..__modules__hal__nordic.a(system_nrf9160.c.obj)
 .comment       0x0000000000000076       0x77 modules/nordic/lib..__modules__hal__nordic.a(nrfx_glue.c.obj)
 .comment       0x0000000000000076       0x77 modules/nordic/lib..__modules__hal__nordic.a(nrfx_clock.c.obj)
 .comment       0x0000000000000076       0x77 modules/nordic/lib..__modules__hal__nordic.a(nrfx_spim.c.obj)
 .comment       0x0000000000000076       0x77 modules/nordic/lib..__modules__hal__nordic.a(nrfx_twim.c.obj)
 .comment       0x0000000000000076       0x77 zephyr/kernel/libkernel.a(device.c.obj)
 .comment       0x0000000000000076       0x77 zephyr/kernel/libkernel.a(errno.c.obj)
 .comment       0x0000000000000076       0x77 zephyr/kernel/libkernel.a(fatal.c.obj)
 .comment       0x0000000000000076       0x77 zephyr/kernel/libkernel.a(idle.c.obj)
 .comment       0x0000000000000076       0x77 zephyr/kernel/libkernel.a(init.c.obj)
 .comment       0x0000000000000076       0x77 zephyr/kernel/libkernel.a(sched.c.obj)
 .comment       0x0000000000000076       0x77 zephyr/kernel/libkernel.a(sem.c.obj)
 .comment       0x0000000000000076       0x77 zephyr/kernel/libkernel.a(thread.c.obj)
 .comment       0x0000000000000076       0x77 zephyr/kernel/libkernel.a(timeout.c.obj)
 .comment       0x0000000000000076       0x77 zephyr/kernel/libkernel.a(kheap.c.obj)
 .comment       0x0000000000000076       0x77 zephyr/CMakeFiles/offsets.dir/arch/arm/core/offsets/offsets.c.obj
 .comment       0x0000000000000076       0x77 zephyr/arch/common/libisr_tables.a(isr_tables.c.obj)

.debug
 *(SORT_BY_ALIGNMENT(.debug))

.line
 *(SORT_BY_ALIGNMENT(.line))

.debug_srcinfo
 *(SORT_BY_ALIGNMENT(.debug_srcinfo))

.debug_sfnames
 *(SORT_BY_ALIGNMENT(.debug_sfnames))

.debug_aranges  0x0000000000000000     0x1040
 *(SORT_BY_ALIGNMENT(.debug_aranges))
 .debug_aranges
                0x0000000000000000       0x28 zephyr/arch/arch/arm/core/aarch32/libarch__arm__core__aarch32.a(swap_helper.S.obj)
 .debug_aranges
                0x0000000000000028       0x30 zephyr/arch/arch/arm/core/aarch32/libarch__arm__core__aarch32.a(cpu_idle.S.obj)
 .debug_aranges
                0x0000000000000058       0x20 zephyr/arch/arch/arm/core/aarch32/libarch__arm__core__aarch32.a(nmi_on_reset.S.obj)
 .debug_aranges
                0x0000000000000078       0x20 zephyr/arch/arch/arm/core/aarch32/libarch__arm__core__aarch32.a(isr_wrapper.S.obj)
 .debug_aranges
                0x0000000000000098       0x20 zephyr/arch/arch/arm/core/aarch32/cortex_m/libarch__arm__core__aarch32__cortex_m.a(reset.S.obj)
 .debug_aranges
                0x00000000000000b8       0x20 zephyr/arch/arch/arm/core/aarch32/cortex_m/libarch__arm__core__aarch32__cortex_m.a(fault_s.S.obj)
 .debug_aranges
                0x00000000000000d8       0x20 zephyr/arch/arch/arm/core/aarch32/cortex_m/libarch__arm__core__aarch32__cortex_m.a(exc_exit.S.obj)
 .debug_aranges
                0x00000000000000f8       0x28 app/libapp.a(main.c.obj)
 .debug_aranges
                0x0000000000000120       0x28 zephyr/libzephyr.a(notify.c.obj)
 .debug_aranges
                0x0000000000000148       0x78 zephyr/libzephyr.a(printk.c.obj)
 .debug_aranges
                0x00000000000001c0       0x88 zephyr/libzephyr.a(onoff.c.obj)
 .debug_aranges
                0x0000000000000248       0x20 zephyr/libzephyr.a(thread_entry.c.obj)
 .debug_aranges
                0x0000000000000268       0x98 zephyr/libzephyr.a(heap.c.obj)
 .debug_aranges
                0x0000000000000300       0x20 zephyr/libzephyr.a(configs.c.obj)
 .debug_aranges
                0x0000000000000320       0x30 zephyr/libzephyr.a(soc.c.obj)
 .debug_aranges
                0x0000000000000350       0x28 zephyr/libzephyr.a(uart_console.c.obj)
 .debug_aranges
                0x0000000000000378       0xc8 zephyr/libzephyr.a(clock_control_nrf.c.obj)
 .debug_aranges
                0x0000000000000440       0x40 zephyr/libzephyr.a(sys_clock_init.c.obj)
 .debug_aranges
                0x0000000000000480       0x48 zephyr/libzephyr.a(nrf_rtc_timer.c.obj)
 .debug_aranges
                0x00000000000004c8       0x20 zephyr/arch/arch/arm/core/aarch32/libarch__arm__core__aarch32.a(swap.c.obj)
 .debug_aranges
                0x00000000000004e8       0x48 zephyr/arch/arch/arm/core/aarch32/libarch__arm__core__aarch32.a(irq_manage.c.obj)
 .debug_aranges
                0x0000000000000530       0x30 zephyr/arch/arch/arm/core/aarch32/libarch__arm__core__aarch32.a(thread.c.obj)
 .debug_aranges
                0x0000000000000560       0x30 zephyr/arch/arch/arm/core/aarch32/libarch__arm__core__aarch32.a(fatal.c.obj)
 .debug_aranges
                0x0000000000000590       0x20 zephyr/arch/arch/arm/core/aarch32/libarch__arm__core__aarch32.a(nmi.c.obj)
 .debug_aranges
                0x00000000000005b0       0x20 zephyr/arch/arch/arm/core/aarch32/libarch__arm__core__aarch32.a(prep_c.c.obj)
 .debug_aranges
                0x00000000000005d0       0x40 zephyr/arch/arch/arm/core/aarch32/cortex_m/libarch__arm__core__aarch32__cortex_m.a(fault.c.obj)
 .debug_aranges
                0x0000000000000610       0x20 zephyr/arch/arch/arm/core/aarch32/cortex_m/libarch__arm__core__aarch32__cortex_m.a(scb.c.obj)
 .debug_aranges
                0x0000000000000630       0x20 zephyr/arch/arch/arm/core/aarch32/cortex_m/libarch__arm__core__aarch32__cortex_m.a(irq_init.c.obj)
 .debug_aranges
                0x0000000000000650       0x20 zephyr/arch/arch/arm/core/aarch32/cortex_m/libarch__arm__core__aarch32__cortex_m.a(thread_abort.c.obj)
 .debug_aranges
                0x0000000000000670       0x28 zephyr/arch/arch/arm/core/aarch32/cortex_m/mpu/libarch__arm__core__aarch32__cortex_m__mpu.a(arm_core_mpu.c.obj)
 .debug_aranges
                0x0000000000000698       0x60 zephyr/arch/arch/arm/core/aarch32/cortex_m/mpu/libarch__arm__core__aarch32__cortex_m__mpu.a(arm_mpu.c.obj)
 .debug_aranges
                0x00000000000006f8       0x40 zephyr/arch/arch/arm/core/aarch32/cortex_m/cmse/libarch__arm__core__aarch32__cortex_m__cmse.a(arm_core_cmse.c.obj)
 .debug_aranges
                0x0000000000000738       0x98 zephyr/lib/libc/minimal/liblib__libc__minimal.a(string.c.obj)
 .debug_aranges
                0x00000000000007d0       0x58 zephyr/lib/libc/minimal/liblib__libc__minimal.a(stdout_console.c.obj)
 .debug_aranges
                0x0000000000000828       0x18 zephyr/soc/arm/common/cortex_m/libsoc__arm__common__cortex_m.a(arm_mpu_regions.c.obj)
 .debug_aranges
                0x0000000000000840       0x20 zephyr/boards/boards/arm/thingy91_nrf9160ns/lib..__nrf__boards__arm__thingy91_nrf9160.a(board_nonsecure.c.obj)
 .debug_aranges
                0x0000000000000860       0x70 zephyr/drivers/gpio/libdrivers__gpio.a(gpio_nrfx.c.obj)
 .debug_aranges
                0x00000000000008d0       0x38 zephyr/drivers/i2c/libdrivers__i2c.a(i2c_nrfx_twim.c.obj)
 .debug_aranges
                0x0000000000000908       0x58 zephyr/drivers/spi/libdrivers__spi.a(spi_nrfx_spim.c.obj)
 .debug_aranges
                0x0000000000000960       0x58 zephyr/drivers/serial/libdrivers__serial.a(uart_nrfx_uarte.c.obj)
 .debug_aranges
                0x00000000000009b8       0x20 modules/nrf/lib/fatal_error/lib..__nrf__lib__fatal_error.a(fatal_error.c.obj)
 .debug_aranges
                0x00000000000009d8       0x30 modules/nrf/subsys/fw_info/lib..__nrf__subsys__fw_info.a(fw_info.c.obj)
 .debug_aranges
                0x0000000000000a08       0x20 modules/nordic/lib..__modules__hal__nordic.a(system_nrf9160.c.obj)
 .debug_aranges
                0x0000000000000a28       0x30 modules/nordic/lib..__modules__hal__nordic.a(nrfx_glue.c.obj)
 .debug_aranges
                0x0000000000000a58       0x68 modules/nordic/lib..__modules__hal__nordic.a(nrfx_clock.c.obj)
 .debug_aranges
                0x0000000000000ac0       0x50 modules/nordic/lib..__modules__hal__nordic.a(nrfx_spim.c.obj)
 .debug_aranges
                0x0000000000000b10       0x68 modules/nordic/lib..__modules__hal__nordic.a(nrfx_twim.c.obj)
 .debug_aranges
                0x0000000000000b78       0x40 zephyr/kernel/libkernel.a(device.c.obj)
 .debug_aranges
                0x0000000000000bb8       0x20 zephyr/kernel/libkernel.a(errno.c.obj)
 .debug_aranges
                0x0000000000000bd8       0x50 zephyr/kernel/libkernel.a(fatal.c.obj)
 .debug_aranges
                0x0000000000000c28       0x28 zephyr/kernel/libkernel.a(idle.c.obj)
 .debug_aranges
                0x0000000000000c50       0x40 zephyr/kernel/libkernel.a(init.c.obj)
 .debug_aranges
                0x0000000000000c90      0x1d0 zephyr/kernel/libkernel.a(sched.c.obj)
 .debug_aranges
                0x0000000000000e60       0x30 zephyr/kernel/libkernel.a(sem.c.obj)
 .debug_aranges
                0x0000000000000e90       0xa0 zephyr/kernel/libkernel.a(thread.c.obj)
 .debug_aranges
                0x0000000000000f30       0x90 zephyr/kernel/libkernel.a(timeout.c.obj)
 .debug_aranges
                0x0000000000000fc0       0x48 zephyr/kernel/libkernel.a(kheap.c.obj)
 .debug_aranges
                0x0000000000001008       0x20 zephyr/CMakeFiles/offsets.dir/arch/arm/core/offsets/offsets.c.obj
 .debug_aranges
                0x0000000000001028       0x18 zephyr/arch/common/libisr_tables.a(isr_tables.c.obj)

.debug_pubnames
 *(SORT_BY_ALIGNMENT(.debug_pubnames))

.debug_info     0x0000000000000000    0x45358
 *(SORT_BY_ALIGNMENT(.debug_info) SORT_BY_ALIGNMENT(.gnu.linkonce.wi.*))
 .debug_info    0x0000000000000000     0x1520 app/libapp.a(main.c.obj)
 .debug_info    0x0000000000001520      0xa2d zephyr/libzephyr.a(notify.c.obj)
 .debug_info    0x0000000000001f4d     0x1455 zephyr/libzephyr.a(printk.c.obj)
 .debug_info    0x00000000000033a2     0x29e9 zephyr/libzephyr.a(onoff.c.obj)
 .debug_info    0x0000000000005d8b      0x964 zephyr/libzephyr.a(thread_entry.c.obj)
 .debug_info    0x00000000000066ef     0x26ea zephyr/libzephyr.a(heap.c.obj)
 .debug_info    0x0000000000008dd9       0x38 zephyr/libzephyr.a(configs.c.obj)
 .debug_info    0x0000000000008e11      0xd2c zephyr/libzephyr.a(soc.c.obj)
 .debug_info    0x0000000000009b3d      0xce8 zephyr/libzephyr.a(uart_console.c.obj)
 .debug_info    0x000000000000a825     0x4793 zephyr/libzephyr.a(clock_control_nrf.c.obj)
 .debug_info    0x000000000000efb8      0xa7b zephyr/libzephyr.a(sys_clock_init.c.obj)
 .debug_info    0x000000000000fa33     0x1ffb zephyr/libzephyr.a(nrf_rtc_timer.c.obj)
 .debug_info    0x0000000000011a2e      0xc14 zephyr/arch/arch/arm/core/aarch32/libarch__arm__core__aarch32.a(swap.c.obj)
 .debug_info    0x0000000000012642     0x1039 zephyr/arch/arch/arm/core/aarch32/libarch__arm__core__aarch32.a(irq_manage.c.obj)
 .debug_info    0x000000000001367b      0xbb3 zephyr/arch/arch/arm/core/aarch32/libarch__arm__core__aarch32.a(thread.c.obj)
 .debug_info    0x000000000001422e      0xd60 zephyr/arch/arch/arm/core/aarch32/libarch__arm__core__aarch32.a(fatal.c.obj)
 .debug_info    0x0000000000014f8e      0x85e zephyr/arch/arch/arm/core/aarch32/libarch__arm__core__aarch32.a(nmi.c.obj)
 .debug_info    0x00000000000157ec      0xe9d zephyr/arch/arch/arm/core/aarch32/libarch__arm__core__aarch32.a(prep_c.c.obj)
 .debug_info    0x0000000000016689       0x22 zephyr/arch/arch/arm/core/aarch32/libarch__arm__core__aarch32.a(swap_helper.S.obj)
 .debug_info    0x00000000000166ab       0x22 zephyr/arch/arch/arm/core/aarch32/libarch__arm__core__aarch32.a(cpu_idle.S.obj)
 .debug_info    0x00000000000166cd       0x26 zephyr/arch/arch/arm/core/aarch32/libarch__arm__core__aarch32.a(nmi_on_reset.S.obj)
 .debug_info    0x00000000000166f3       0x26 zephyr/arch/arch/arm/core/aarch32/libarch__arm__core__aarch32.a(isr_wrapper.S.obj)
 .debug_info    0x0000000000016719       0x26 zephyr/arch/arch/arm/core/aarch32/cortex_m/libarch__arm__core__aarch32__cortex_m.a(reset.S.obj)
 .debug_info    0x000000000001673f       0x26 zephyr/arch/arch/arm/core/aarch32/cortex_m/libarch__arm__core__aarch32__cortex_m.a(fault_s.S.obj)
 .debug_info    0x0000000000016765       0x26 zephyr/arch/arch/arm/core/aarch32/cortex_m/libarch__arm__core__aarch32__cortex_m.a(exc_exit.S.obj)
 .debug_info    0x000000000001678b     0x1897 zephyr/arch/arch/arm/core/aarch32/cortex_m/libarch__arm__core__aarch32__cortex_m.a(fault.c.obj)
 .debug_info    0x0000000000018022      0xbaf zephyr/arch/arch/arm/core/aarch32/cortex_m/libarch__arm__core__aarch32__cortex_m.a(scb.c.obj)
 .debug_info    0x0000000000018bd1      0x7cf zephyr/arch/arch/arm/core/aarch32/cortex_m/libarch__arm__core__aarch32__cortex_m.a(irq_init.c.obj)
 .debug_info    0x00000000000193a0      0xdb8 zephyr/arch/arch/arm/core/aarch32/cortex_m/libarch__arm__core__aarch32__cortex_m.a(thread_abort.c.obj)
 .debug_info    0x000000000001a158      0xc30 zephyr/arch/arch/arm/core/aarch32/cortex_m/mpu/libarch__arm__core__aarch32__cortex_m__mpu.a(arm_core_mpu.c.obj)
 .debug_info    0x000000000001ad88     0x1c65 zephyr/arch/arch/arm/core/aarch32/cortex_m/mpu/libarch__arm__core__aarch32__cortex_m__mpu.a(arm_mpu.c.obj)
 .debug_info    0x000000000001c9ed      0xd96 zephyr/arch/arch/arm/core/aarch32/cortex_m/cmse/libarch__arm__core__aarch32__cortex_m__cmse.a(arm_core_cmse.c.obj)
 .debug_info    0x000000000001d783      0x7bd zephyr/lib/libc/minimal/liblib__libc__minimal.a(string.c.obj)
 .debug_info    0x000000000001df40      0x699 zephyr/lib/libc/minimal/liblib__libc__minimal.a(stdout_console.c.obj)
 .debug_info    0x000000000001e5d9      0x210 zephyr/soc/arm/common/cortex_m/libsoc__arm__common__cortex_m.a(arm_mpu_regions.c.obj)
 .debug_info    0x000000000001e7e9      0xa31 zephyr/boards/boards/arm/thingy91_nrf9160ns/lib..__nrf__boards__arm__thingy91_nrf9160.a(board_nonsecure.c.obj)
 .debug_info    0x000000000001f21a     0x304a zephyr/drivers/gpio/libdrivers__gpio.a(gpio_nrfx.c.obj)
 .debug_info    0x0000000000022264     0x1dc1 zephyr/drivers/i2c/libdrivers__i2c.a(i2c_nrfx_twim.c.obj)
 .debug_info    0x0000000000024025     0x3191 zephyr/drivers/spi/libdrivers__spi.a(spi_nrfx_spim.c.obj)
 .debug_info    0x00000000000271b6     0x2be4 zephyr/drivers/serial/libdrivers__serial.a(uart_nrfx_uarte.c.obj)
 .debug_info    0x0000000000029d9a     0x1007 modules/nrf/lib/fatal_error/lib..__nrf__lib__fatal_error.a(fatal_error.c.obj)
 .debug_info    0x000000000002ada1     0x1156 modules/nrf/subsys/fw_info/lib..__nrf__subsys__fw_info.a(fw_info.c.obj)
 .debug_info    0x000000000002bef7       0xe5 modules/nordic/lib..__modules__hal__nordic.a(system_nrf9160.c.obj)
 .debug_info    0x000000000002bfdc      0x9bc modules/nordic/lib..__modules__hal__nordic.a(nrfx_glue.c.obj)
 .debug_info    0x000000000002c998     0x16c0 modules/nordic/lib..__modules__hal__nordic.a(nrfx_clock.c.obj)
 .debug_info    0x000000000002e058     0x2f1c modules/nordic/lib..__modules__hal__nordic.a(nrfx_spim.c.obj)
 .debug_info    0x0000000000030f74     0x39e6 modules/nordic/lib..__modules__hal__nordic.a(nrfx_twim.c.obj)
 .debug_info    0x000000000003495a      0xca4 zephyr/kernel/libkernel.a(device.c.obj)
 .debug_info    0x00000000000355fe      0x8ba zephyr/kernel/libkernel.a(errno.c.obj)
 .debug_info    0x0000000000035eb8     0x1457 zephyr/kernel/libkernel.a(fatal.c.obj)
 .debug_info    0x000000000003730f      0xa81 zephyr/kernel/libkernel.a(idle.c.obj)
 .debug_info    0x0000000000037d90     0x1dbb zephyr/kernel/libkernel.a(init.c.obj)
 .debug_info    0x0000000000039b4b     0x5953 zephyr/kernel/libkernel.a(sched.c.obj)
 .debug_info    0x000000000003f49e      0xe1a zephyr/kernel/libkernel.a(sem.c.obj)
 .debug_info    0x00000000000402b8     0x1910 zephyr/kernel/libkernel.a(thread.c.obj)
 .debug_info    0x0000000000041bc8     0x1c78 zephyr/kernel/libkernel.a(timeout.c.obj)
 .debug_info    0x0000000000043840     0x1065 zephyr/kernel/libkernel.a(kheap.c.obj)
 .debug_info    0x00000000000448a5      0x86e zephyr/CMakeFiles/offsets.dir/arch/arm/core/offsets/offsets.c.obj
 .debug_info    0x0000000000045113      0x245 zephyr/arch/common/libisr_tables.a(isr_tables.c.obj)

.debug_abbrev   0x0000000000000000     0xbb6e
 *(SORT_BY_ALIGNMENT(.debug_abbrev))
 .debug_abbrev  0x0000000000000000      0x40f app/libapp.a(main.c.obj)
 .debug_abbrev  0x000000000000040f      0x2bc zephyr/libzephyr.a(notify.c.obj)
 .debug_abbrev  0x00000000000006cb      0x525 zephyr/libzephyr.a(printk.c.obj)
 .debug_abbrev  0x0000000000000bf0      0x5ae zephyr/libzephyr.a(onoff.c.obj)
 .debug_abbrev  0x000000000000119e      0x274 zephyr/libzephyr.a(thread_entry.c.obj)
 .debug_abbrev  0x0000000000001412      0x4cf zephyr/libzephyr.a(heap.c.obj)
 .debug_abbrev  0x00000000000018e1       0x2e zephyr/libzephyr.a(configs.c.obj)
 .debug_abbrev  0x000000000000190f      0x367 zephyr/libzephyr.a(soc.c.obj)
 .debug_abbrev  0x0000000000001c76      0x39c zephyr/libzephyr.a(uart_console.c.obj)
 .debug_abbrev  0x0000000000002012      0x7f7 zephyr/libzephyr.a(clock_control_nrf.c.obj)
 .debug_abbrev  0x0000000000002809      0x27f zephyr/libzephyr.a(sys_clock_init.c.obj)
 .debug_abbrev  0x0000000000002a88      0x573 zephyr/libzephyr.a(nrf_rtc_timer.c.obj)
 .debug_abbrev  0x0000000000002ffb      0x271 zephyr/arch/arch/arm/core/aarch32/libarch__arm__core__aarch32.a(swap.c.obj)
 .debug_abbrev  0x000000000000326c      0x38c zephyr/arch/arch/arm/core/aarch32/libarch__arm__core__aarch32.a(irq_manage.c.obj)
 .debug_abbrev  0x00000000000035f8      0x301 zephyr/arch/arch/arm/core/aarch32/libarch__arm__core__aarch32.a(thread.c.obj)
 .debug_abbrev  0x00000000000038f9      0x36a zephyr/arch/arch/arm/core/aarch32/libarch__arm__core__aarch32.a(fatal.c.obj)
 .debug_abbrev  0x0000000000003c63      0x1e6 zephyr/arch/arch/arm/core/aarch32/libarch__arm__core__aarch32.a(nmi.c.obj)
 .debug_abbrev  0x0000000000003e49      0x318 zephyr/arch/arch/arm/core/aarch32/libarch__arm__core__aarch32.a(prep_c.c.obj)
 .debug_abbrev  0x0000000000004161       0x12 zephyr/arch/arch/arm/core/aarch32/libarch__arm__core__aarch32.a(swap_helper.S.obj)
 .debug_abbrev  0x0000000000004173       0x12 zephyr/arch/arch/arm/core/aarch32/libarch__arm__core__aarch32.a(cpu_idle.S.obj)
 .debug_abbrev  0x0000000000004185       0x14 zephyr/arch/arch/arm/core/aarch32/libarch__arm__core__aarch32.a(nmi_on_reset.S.obj)
 .debug_abbrev  0x0000000000004199       0x14 zephyr/arch/arch/arm/core/aarch32/libarch__arm__core__aarch32.a(isr_wrapper.S.obj)
 .debug_abbrev  0x00000000000041ad       0x14 zephyr/arch/arch/arm/core/aarch32/cortex_m/libarch__arm__core__aarch32__cortex_m.a(reset.S.obj)
 .debug_abbrev  0x00000000000041c1       0x14 zephyr/arch/arch/arm/core/aarch32/cortex_m/libarch__arm__core__aarch32__cortex_m.a(fault_s.S.obj)
 .debug_abbrev  0x00000000000041d5       0x14 zephyr/arch/arch/arm/core/aarch32/cortex_m/libarch__arm__core__aarch32__cortex_m.a(exc_exit.S.obj)
 .debug_abbrev  0x00000000000041e9      0x44e zephyr/arch/arch/arm/core/aarch32/cortex_m/libarch__arm__core__aarch32__cortex_m.a(fault.c.obj)
 .debug_abbrev  0x0000000000004637      0x25c zephyr/arch/arch/arm/core/aarch32/cortex_m/libarch__arm__core__aarch32__cortex_m.a(scb.c.obj)
 .debug_abbrev  0x0000000000004893      0x1ec zephyr/arch/arch/arm/core/aarch32/cortex_m/libarch__arm__core__aarch32__cortex_m.a(irq_init.c.obj)
 .debug_abbrev  0x0000000000004a7f      0x357 zephyr/arch/arch/arm/core/aarch32/cortex_m/libarch__arm__core__aarch32__cortex_m.a(thread_abort.c.obj)
 .debug_abbrev  0x0000000000004dd6      0x22e zephyr/arch/arch/arm/core/aarch32/cortex_m/mpu/libarch__arm__core__aarch32__cortex_m__mpu.a(arm_core_mpu.c.obj)
 .debug_abbrev  0x0000000000005004      0x54b zephyr/arch/arch/arm/core/aarch32/cortex_m/mpu/libarch__arm__core__aarch32__cortex_m__mpu.a(arm_mpu.c.obj)
 .debug_abbrev  0x000000000000554f      0x2bc zephyr/arch/arch/arm/core/aarch32/cortex_m/cmse/libarch__arm__core__aarch32__cortex_m__cmse.a(arm_core_cmse.c.obj)
 .debug_abbrev  0x000000000000580b      0x193 zephyr/lib/libc/minimal/liblib__libc__minimal.a(string.c.obj)
 .debug_abbrev  0x000000000000599e      0x25e zephyr/lib/libc/minimal/liblib__libc__minimal.a(stdout_console.c.obj)
 .debug_abbrev  0x0000000000005bfc      0x108 zephyr/soc/arm/common/cortex_m/libsoc__arm__common__cortex_m.a(arm_mpu_regions.c.obj)
 .debug_abbrev  0x0000000000005d04      0x241 zephyr/boards/boards/arm/thingy91_nrf9160ns/lib..__nrf__boards__arm__thingy91_nrf9160.a(board_nonsecure.c.obj)
 .debug_abbrev  0x0000000000005f45      0x5c4 zephyr/drivers/gpio/libdrivers__gpio.a(gpio_nrfx.c.obj)
 .debug_abbrev  0x0000000000006509      0x4fe zephyr/drivers/i2c/libdrivers__i2c.a(i2c_nrfx_twim.c.obj)
 .debug_abbrev  0x0000000000006a07      0x619 zephyr/drivers/spi/libdrivers__spi.a(spi_nrfx_spim.c.obj)
 .debug_abbrev  0x0000000000007020      0x510 zephyr/drivers/serial/libdrivers__serial.a(uart_nrfx_uarte.c.obj)
 .debug_abbrev  0x0000000000007530      0x296 modules/nrf/lib/fatal_error/lib..__nrf__lib__fatal_error.a(fatal_error.c.obj)
 .debug_abbrev  0x00000000000077c6      0x445 modules/nrf/subsys/fw_info/lib..__nrf__subsys__fw_info.a(fw_info.c.obj)
 .debug_abbrev  0x0000000000007c0b       0xba modules/nordic/lib..__modules__hal__nordic.a(system_nrf9160.c.obj)
 .debug_abbrev  0x0000000000007cc5      0x288 modules/nordic/lib..__modules__hal__nordic.a(nrfx_glue.c.obj)
 .debug_abbrev  0x0000000000007f4d      0x48f modules/nordic/lib..__modules__hal__nordic.a(nrfx_clock.c.obj)
 .debug_abbrev  0x00000000000083dc      0x439 modules/nordic/lib..__modules__hal__nordic.a(nrfx_spim.c.obj)
 .debug_abbrev  0x0000000000008815      0x4cc modules/nordic/lib..__modules__hal__nordic.a(nrfx_twim.c.obj)
 .debug_abbrev  0x0000000000008ce1      0x393 zephyr/kernel/libkernel.a(device.c.obj)
 .debug_abbrev  0x0000000000009074      0x1eb zephyr/kernel/libkernel.a(errno.c.obj)
 .debug_abbrev  0x000000000000925f      0x46d zephyr/kernel/libkernel.a(fatal.c.obj)
 .debug_abbrev  0x00000000000096cc      0x317 zephyr/kernel/libkernel.a(idle.c.obj)
 .debug_abbrev  0x00000000000099e3      0x5f7 zephyr/kernel/libkernel.a(init.c.obj)
 .debug_abbrev  0x0000000000009fda      0x67a zephyr/kernel/libkernel.a(sched.c.obj)
 .debug_abbrev  0x000000000000a654      0x3b9 zephyr/kernel/libkernel.a(sem.c.obj)
 .debug_abbrev  0x000000000000aa0d      0x59b zephyr/kernel/libkernel.a(thread.c.obj)
 .debug_abbrev  0x000000000000afa8      0x509 zephyr/kernel/libkernel.a(timeout.c.obj)
 .debug_abbrev  0x000000000000b4b1      0x3dc zephyr/kernel/libkernel.a(kheap.c.obj)
 .debug_abbrev  0x000000000000b88d      0x1d7 zephyr/CMakeFiles/offsets.dir/arch/arm/core/offsets/offsets.c.obj
 .debug_abbrev  0x000000000000ba64      0x10a zephyr/arch/common/libisr_tables.a(isr_tables.c.obj)

.debug_line     0x0000000000000000    0x19d86
 *(SORT_BY_ALIGNMENT(.debug_line) SORT_BY_ALIGNMENT(.debug_line.*) SORT_BY_ALIGNMENT(.debug_line_end))
 .debug_line    0x0000000000000000      0x655 app/libapp.a(main.c.obj)
 .debug_line    0x0000000000000655      0x3ca zephyr/libzephyr.a(notify.c.obj)
 .debug_line    0x0000000000000a1f      0x844 zephyr/libzephyr.a(printk.c.obj)
 .debug_line    0x0000000000001263     0x1277 zephyr/libzephyr.a(onoff.c.obj)
 .debug_line    0x00000000000024da      0x3b6 zephyr/libzephyr.a(thread_entry.c.obj)
 .debug_line    0x0000000000002890      0xe12 zephyr/libzephyr.a(heap.c.obj)
 .debug_line    0x00000000000036a2      0x183 zephyr/libzephyr.a(configs.c.obj)
 .debug_line    0x0000000000003825      0x45b zephyr/libzephyr.a(soc.c.obj)
 .debug_line    0x0000000000003c80      0x457 zephyr/libzephyr.a(uart_console.c.obj)
 .debug_line    0x00000000000040d7     0x12b2 zephyr/libzephyr.a(clock_control_nrf.c.obj)
 .debug_line    0x0000000000005389      0x37f zephyr/libzephyr.a(sys_clock_init.c.obj)
 .debug_line    0x0000000000005708      0xbdc zephyr/libzephyr.a(nrf_rtc_timer.c.obj)
 .debug_line    0x00000000000062e4      0x3fb zephyr/arch/arch/arm/core/aarch32/libarch__arm__core__aarch32.a(swap.c.obj)
 .debug_line    0x00000000000066df      0x4aa zephyr/arch/arch/arm/core/aarch32/libarch__arm__core__aarch32.a(irq_manage.c.obj)